[0.017s][info][gc,init] Initializing The Z Garbage Collector
[0.017s][info][gc,init] Version: 25.0.1+8-LTS-27 (release)
[0.017s][info][gc,init] NUMA Support: Disabled
[0.018s][info][gc,init] CPUs: 12 total, 12 available
[0.019s][info][gc,init] Memory: 16085M
[0.019s][info][gc,init] Large Page Support: Disabled
[0.020s][info][gc,init] Address Space Size: limited (137434245228K)
[0.020s][info][gc,init] Reserved Space Type: Contiguous/Unrestricted/Complete
[0.020s][info][gc,init] Reserved Space Size: 4G
[0.021s][info][gc,init] Min Capacity: 8M
[0.021s][info][gc,init] Initial Capacity: 252M
[0.021s][info][gc,init] Max Capacity: 256M
[0.021s][info][gc,init] Soft Max Capacity: 256M
[0.021s][info][gc,init] Page Size Medium: Range [2M, 8M]
[0.021s][info][gc,init] Pre-touch: Disabled
[0.021s][info][gc,init] Uncommit: Enabled
[0.021s][info][gc,init] Uncommit Delay: 300s
[0.022s][info][gc,init] GC Workers for Old Generation: 2 (dynamic)
[0.022s][info][gc,init] GC Workers for Young Generation: 2 (dynamic)
[0.027s][info][gc,init] GC Workers Max: 2 (dynamic)
[0.027s][info][gc,init] Runtime Workers: 2
[0.027s][info][gc     ] Using The Z Garbage Collector
[0.042s][info][gc,metaspace] CDS archive(s) mapped at: [0x000000008e000000-0x000000008edd0000-0x000000008edd0000), size 14483456, SharedBaseAddress: 0x000000008e000000, ArchiveRelocationMode: 1.
[0.042s][info][gc,metaspace] Compressed class space mapped at: 0x000000008f000000-0x00000000cf000000, reserved size: 1073741824
[0.042s][info][gc,metaspace] UseCompressedClassPointers 1, UseCompactObjectHeaders 0
[0.042s][info][gc,metaspace] Narrow klass pointer bits 32, Max shift 3
[0.042s][info][gc,metaspace] Narrow klass base: 0x000000008e000000, Narrow klass shift: 0
[0.042s][info][gc,metaspace] Encoding Range: [0x000000008e000000 - 0x000000018e000000), (4294967296 bytes)
[0.042s][info][gc,metaspace] Klass Range:    [0x000000008e010000 - 0x00000000cf000000), (1090453504 bytes)
[0.042s][info][gc,metaspace] Klass ID Range:  [65536 - 1090519033) (1090453497)
[0.042s][info][gc,metaspace] Protection zone: [0x000000008e000000 - 0x000000008e010000), (65536 bytes)
[5.120s][info][gc          ] GC(0) Major Collection (Warmup)
[5.120s][info][gc,task     ] GC(0) Using 2 Workers for Young Generation
[5.120s][info][gc,task     ] GC(0) Using 1 Workers for Old Generation
[5.120s][info][gc,phases   ] GC(0) Y: Young Generation
[5.120s][info][gc,phases   ] GC(0) Y: Pause Mark Start (Major) 0.014ms
[5.127s][info][gc,phases   ] GC(0) Y: Concurrent Mark 6.705ms
[5.127s][info][gc,phases   ] GC(0) Y: Pause Mark End 0.015ms
[5.127s][info][gc,phases   ] GC(0) Y: Concurrent Mark Free 0.001ms
[5.127s][info][gc,phases   ] GC(0) Y: Concurrent Reset Relocation Set 0.000ms
[5.127s][info][gc,reloc    ] GC(0) Y: Using tenuring threshold: 1 (Computed)
[5.127s][info][gc,phases   ] GC(0) Y: Concurrent Select Relocation Set 0.569ms
[5.127s][info][gc,phases   ] GC(0) Y: Pause Relocate Start 0.005ms
[5.129s][info][gc,phases   ] GC(0) Y: Concurrent Relocate 1.243ms
[5.129s][info][gc,alloc    ] GC(0) Y:                         Mark Start        Mark End      Relocate Start    Relocate End   
[5.129s][info][gc,alloc    ] GC(0) Y: Allocation Stalls:          0                0                0                0         
[5.129s][info][gc,load     ] GC(0) Y: Load: 0.00 (0%) / 0.00 (0%) / 0.00 (0%)
[5.129s][info][gc,mmu      ] GC(0) Y: MMU: 2ms/99.0%, 5ms/99.6%, 10ms/99.7%, 20ms/99.8%, 50ms/99.9%, 100ms/100.0%
[5.129s][info][gc,marking  ] GC(0) Y: Mark: 2 stripe(s), 2 proactive flush(es), 1 terminate flush(es), 0 completion(s), 0 continuation(s) 
[5.129s][info][gc,nmethod  ] GC(0) Y: NMethods: 205 registered, 0 unregistered
[5.129s][info][gc,metaspace] GC(0) Y: Metaspace: 0M used, 0M committed, 1088M reserved
[5.129s][info][gc,reloc    ] GC(0) Y:                        Candidates     Selected     In-Place         Size        Empty    Relocated 
[5.129s][info][gc,reloc    ] GC(0) Y: Small Pages:                    2            1            0           4M           0M           1M 
[5.129s][info][gc,reloc    ] GC(0) Y: Medium Pages:                   0            0            0           0M           0M           0M 
[5.129s][info][gc,reloc    ] GC(0) Y: Large Pages:                   11            0            0          22M           0M           0M 
[5.129s][info][gc,reloc    ] GC(0) Y: Forwarding Usage: 0M
[5.129s][info][gc,reloc    ] GC(0) Y: Age Table:
[5.129s][info][gc,reloc    ] GC(0) Y:                    Live             Garbage             Small              Medium             Large        
[5.129s][info][gc,reloc    ] GC(0) Y: Eden              23M (9%)            2M (1%)           2 / 1              0 / 0             11 / 0        
[5.129s][info][gc,heap     ] GC(0) Y: Min Capacity: 8M(3%)
[5.129s][info][gc,heap     ] GC(0) Y: Max Capacity: 256M(100%)
[5.129s][info][gc,heap     ] GC(0) Y: Soft Max Capacity: 256M(100%)
[5.129s][info][gc,heap     ] GC(0) Y: Heap Statistics:
[5.129s][info][gc,heap     ] GC(0) Y:                Mark Start          Mark End        Relocate Start      Relocate End           High               Low         
[5.129s][info][gc,heap     ] GC(0) Y:  Capacity:      252M (98%)         252M (98%)         252M (98%)         252M (98%)         252M (98%)         252M (98%)    
[5.129s][info][gc,heap     ] GC(0) Y:      Free:      230M (90%)         228M (89%)         228M (89%)         228M (89%)         230M (90%)         224M (88%)    
[5.129s][info][gc,heap     ] GC(0) Y:      Used:       26M (10%)          28M (11%)          28M (11%)          28M (11%)          32M (12%)          26M (10%)    
[5.129s][info][gc,heap     ] GC(0) Y: Young Generation Statistics:
[5.129s][info][gc,heap     ] GC(0) Y:                Mark Start          Mark End        Relocate Start      Relocate End    
[5.129s][info][gc,heap     ] GC(0) Y:      Used:       26M (10%)          28M (11%)          28M (11%)          28M (11%)    
[5.129s][info][gc,heap     ] GC(0) Y:      Live:         -                23M (9%)           23M (9%)           23M (9%)     
[5.129s][info][gc,heap     ] GC(0) Y:   Garbage:         -                 2M (1%)            2M (1%)            0M (0%)     
[5.129s][info][gc,heap     ] GC(0) Y: Allocated:         -                 2M (1%)            2M (1%)            4M (2%)     
[5.129s][info][gc,heap     ] GC(0) Y: Reclaimed:         -                  -                 0M (0%)            2M (1%)     
[5.129s][info][gc,heap     ] GC(0) Y:  Promoted:         -                  -                 0M (0%)            0M (0%)     
[5.129s][info][gc,heap     ] GC(0) Y: Compacted:         -                  -                  -                 1M (1%)     
[5.130s][info][gc,phases   ] GC(0) Y: Young Generation 26M(10%)->28M(11%) 0.009s
[5.130s][info][gc,phases   ] GC(0) O: Old Generation
[5.130s][info][gc,phases   ] GC(0) O: Concurrent Mark 0.668ms
[5.130s][info][gc,phases   ] GC(0) O: Pause Mark End 0.006ms
[5.130s][info][gc,phases   ] GC(0) O: Concurrent Mark Free 0.001ms
[5.131s][info][gc,phases   ] GC(0) O: Concurrent Process Non-Strong 0.818ms
[5.131s][info][gc,phases   ] GC(0) O: Concurrent Reset Relocation Set 0.000ms
[5.131s][info][gc,phases   ] GC(0) O: Concurrent Select Relocation Set 0.103ms
[5.131s][info][gc,task     ] GC(0) O: Using 2 Workers for Old Generation
[5.132s][info][gc,task     ] GC(0) O: Using 1 Workers for Old Generation
[5.132s][info][gc,phases   ] GC(0) O: Concurrent Remap Roots 0.256ms
[5.132s][info][gc,phases   ] GC(0) O: Pause Relocate Start 0.005ms
[5.132s][info][gc,phases   ] GC(0) O: Concurrent Relocate 0.141ms
[5.132s][info][gc,alloc    ] GC(0) O:                         Mark Start        Mark End      Relocate Start    Relocate End   
[5.132s][info][gc,alloc    ] GC(0) O: Allocation Stalls:          0                0                0                0         
[5.132s][info][gc,load     ] GC(0) O: Load: 0.00 (0%) / 0.00 (0%) / 0.00 (0%)
[5.132s][info][gc,mmu      ] GC(0) O: MMU: 2ms/99.0%, 5ms/99.4%, 10ms/99.7%, 20ms/99.8%, 50ms/99.9%, 100ms/100.0%
[5.132s][info][gc,marking  ] GC(0) O: Mark: 1 stripe(s), 1 proactive flush(es), 1 terminate flush(es), 0 completion(s), 0 continuation(s) 
[5.132s][info][gc,nmethod  ] GC(0) O: NMethods: 198 registered, 7 unregistered
[5.132s][info][gc,metaspace] GC(0) O: Metaspace: 0M used, 0M committed, 1088M reserved
[5.132s][info][gc,ref      ] GC(0) O:                       Encountered   Discovered     Enqueued 
[5.132s][info][gc,ref      ] GC(0) O: Soft References:               63            0            0 
[5.132s][info][gc,ref      ] GC(0) O: Weak References:               98            0            0 
[5.132s][info][gc,ref      ] GC(0) O: Final References:               0            0            0 
[5.132s][info][gc,ref      ] GC(0) O: Phantom References:             1            0            0 
[5.132s][info][gc,heap     ] GC(0) O: Min Capacity: 8M(3%)
[5.132s][info][gc,heap     ] GC(0) O: Max Capacity: 256M(100%)
[5.132s][info][gc,heap     ] GC(0) O: Soft Max Capacity: 256M(100%)
[5.132s][info][gc,heap     ] GC(0) O: Heap Statistics:
[5.132s][info][gc,heap     ] GC(0) O:                Mark Start          Mark End        Relocate Start      Relocate End           High               Low         
[5.132s][info][gc,heap     ] GC(0) O:  Capacity:      252M (98%)         252M (98%)         252M (98%)         252M (98%)         252M (98%)         252M (98%)    
[5.132s][info][gc,heap     ] GC(0) O:      Free:      230M (90%)         228M (89%)         228M (89%)         228M (89%)         230M (90%)         224M (88%)    
[5.132s][info][gc,heap     ] GC(0) O:      Used:       26M (10%)          28M (11%)          28M (11%)          28M (11%)          32M (12%)          26M (10%)    
[5.132s][info][gc,heap     ] GC(0) O: Old Generation Statistics:
[5.132s][info][gc,heap     ] GC(0) O:                Mark Start          Mark End        Relocate Start      Relocate End    
[5.132s][info][gc,heap     ] GC(0) O:      Used:        0M (0%)            0M (0%)            0M (0%)            0M (0%)     
[5.132s][info][gc,heap     ] GC(0) O:      Live:         -                 0M (0%)            0M (0%)            0M (0%)     
[5.132s][info][gc,heap     ] GC(0) O:   Garbage:         -                 0M (0%)            0M (0%)            0M (0%)     
[5.132s][info][gc,heap     ] GC(0) O: Allocated:         -                 0M (0%)            0M (0%)            0M (0%)     
[5.132s][info][gc,heap     ] GC(0) O: Reclaimed:         -                  -                 0M (0%)            0M (0%)     
[5.132s][info][gc,heap     ] GC(0) O: Compacted:         -                  -                  -                 0M (0%)     
[5.132s][info][gc,phases   ] GC(0) O: Old Generation 28M(11%)->28M(11%) 0.002s
[5.132s][info][gc          ] GC(0) Major Collection (Warmup) 26M(10%)->28M(11%) 0.013s
[11.233s][info][gc          ] GC(1) Major Collection (Warmup)
[11.233s][info][gc,task     ] GC(1) Using 2 Workers for Young Generation
[11.233s][info][gc,task     ] GC(1) Using 1 Workers for Old Generation
[11.233s][info][gc,phases   ] GC(1) Y: Young Generation
[11.233s][info][gc,phases   ] GC(1) Y: Pause Mark Start (Major) 0.011ms
[11.236s][info][gc,phases   ] GC(1) Y: Concurrent Mark 2.727ms
[11.236s][info][gc,phases   ] GC(1) Y: Pause Mark End 0.015ms
[11.236s][info][gc,phases   ] GC(1) Y: Concurrent Mark Free 0.002ms
[11.236s][info][gc,phases   ] GC(1) Y: Concurrent Reset Relocation Set 0.001ms
[11.236s][info][gc,reloc    ] GC(1) Y: Using tenuring threshold: 1 (Computed)
[11.238s][info][gc,phases   ] GC(1) Y: Concurrent Select Relocation Set 1.965ms
[11.239s][info][gc,phases   ] GC(1) Y: Pause Relocate Start 0.019ms
[11.242s][info][gc,phases   ] GC(1) Y: Concurrent Relocate 3.403ms
[11.242s][info][gc,alloc    ] GC(1) Y:                         Mark Start        Mark End      Relocate Start    Relocate End   
[11.242s][info][gc,alloc    ] GC(1) Y: Allocation Stalls:          0                0                0                0         
[11.242s][info][gc,load     ] GC(1) Y: Load: 0.00 (0%) / 0.00 (0%) / 0.00 (0%)
[11.242s][info][gc,mmu      ] GC(1) Y: MMU: 2ms/99.0%, 5ms/99.3%, 10ms/99.5%, 20ms/99.8%, 50ms/99.9%, 100ms/100.0%
[11.242s][info][gc,marking  ] GC(1) Y: Mark: 2 stripe(s), 2 proactive flush(es), 1 terminate flush(es), 0 completion(s), 0 continuation(s) 
[11.242s][info][gc,nmethod  ] GC(1) Y: NMethods: 266 registered, 7 unregistered
[11.242s][info][gc,metaspace] GC(1) Y: Metaspace: 0M used, 0M committed, 1088M reserved
[11.242s][info][gc,reloc    ] GC(1) Y:                        Candidates     Selected     In-Place         Size        Empty    Relocated 
[11.242s][info][gc,reloc    ] GC(1) Y: Small Pages:                    3            2            0           6M           0M           1M 
[11.242s][info][gc,reloc    ] GC(1) Y: Medium Pages:                   0            0            0           0M           0M           0M 
[11.242s][info][gc,reloc    ] GC(1) Y: Large Pages:                   23            0            0          46M           0M           0M 
[11.242s][info][gc,reloc    ] GC(1) Y: Forwarding Usage: 0M
[11.242s][info][gc,reloc    ] GC(1) Y: Age Table:
[11.242s][info][gc,reloc    ] GC(1) Y:                    Live             Garbage             Small              Medium             Large        
[11.242s][info][gc,reloc    ] GC(1) Y: Eden              24M (9%)            1M (1%)           1 / 0              0 / 0             12 / 0        
[11.242s][info][gc,reloc    ] GC(1) Y: Survivor 1        23M (9%)            2M (1%)           2 / 2              0 / 0             11 / 0        
[11.242s][info][gc,heap     ] GC(1) Y: Min Capacity: 8M(3%)
[11.242s][info][gc,heap     ] GC(1) Y: Max Capacity: 256M(100%)
[11.242s][info][gc,heap     ] GC(1) Y: Soft Max Capacity: 256M(100%)
[11.242s][info][gc,heap     ] GC(1) Y: Heap Statistics:
[11.242s][info][gc,heap     ] GC(1) Y:                Mark Start          Mark End        Relocate Start      Relocate End           High               Low         
[11.242s][info][gc,heap     ] GC(1) Y:  Capacity:      252M (98%)         252M (98%)         252M (98%)         252M (98%)         252M (98%)         252M (98%)    
[11.242s][info][gc,heap     ] GC(1) Y:      Free:      204M (80%)         202M (79%)         202M (79%)         202M (79%)         204M (80%)         198M (77%)    
[11.242s][info][gc,heap     ] GC(1) Y:      Used:       52M (20%)          54M (21%)          54M (21%)          54M (21%)          58M (23%)          52M (20%)    
[11.242s][info][gc,heap     ] GC(1) Y: Young Generation Statistics:
[11.242s][info][gc,heap     ] GC(1) Y:                Mark Start          Mark End        Relocate Start      Relocate End    
[11.242s][info][gc,heap     ] GC(1) Y:      Used:       52M (20%)          54M (21%)          32M (12%)          28M (11%)    
[11.242s][info][gc,heap     ] GC(1) Y:      Live:         -                47M (18%)          25M (10%)          24M (9%)     
[11.242s][info][gc,heap     ] GC(1) Y:   Garbage:         -                 4M (2%)            4M (2%)            0M (0%)     
[11.242s][info][gc,heap     ] GC(1) Y: Allocated:         -                 2M (1%)            2M (1%)            3M (2%)     
[11.242s][info][gc,heap     ] GC(1) Y: Reclaimed:         -                  -                 0M (0%)            4M (2%)     
[11.242s][info][gc,heap     ] GC(1) Y:  Promoted:         -                  -                22M (9%)           23M (9%)     
[11.242s][info][gc,heap     ] GC(1) Y: Compacted:         -                  -                  -                 0M (0%)     
[11.242s][info][gc,phases   ] GC(1) Y: Young Generation 52M(20%)->54M(21%) 0.009s
[11.242s][info][gc,phases   ] GC(1) O: Old Generation
[11.243s][info][gc,phases   ] GC(1) O: Concurrent Mark 0.670ms
[11.243s][info][gc,phases   ] GC(1) O: Pause Mark End 0.008ms
[11.243s][info][gc,phases   ] GC(1) O: Concurrent Mark Free 0.001ms
[11.244s][info][gc,phases   ] GC(1) O: Concurrent Process Non-Strong 0.920ms
[11.244s][info][gc,phases   ] GC(1) O: Concurrent Reset Relocation Set 0.000ms
[11.244s][info][gc,phases   ] GC(1) O: Concurrent Select Relocation Set 0.095ms
[11.244s][info][gc,task     ] GC(1) O: Using 2 Workers for Old Generation
[11.245s][info][gc,task     ] GC(1) O: Using 1 Workers for Old Generation
[11.245s][info][gc,phases   ] GC(1) O: Concurrent Remap Roots 0.850ms
[11.245s][info][gc,phases   ] GC(1) O: Pause Relocate Start 0.006ms
[11.245s][info][gc,phases   ] GC(1) O: Concurrent Relocate 0.167ms
[11.246s][info][gc,alloc    ] GC(1) O:                         Mark Start        Mark End      Relocate Start    Relocate End   
[11.246s][info][gc,alloc    ] GC(1) O: Allocation Stalls:          0                0                0                0         
[11.246s][info][gc,load     ] GC(1) O: Load: 0.00 (0%) / 0.00 (0%) / 0.00 (0%)
[11.246s][info][gc,mmu      ] GC(1) O: MMU: 2ms/99.0%, 5ms/99.3%, 10ms/99.5%, 20ms/99.7%, 50ms/99.9%, 100ms/99.9%
[11.246s][info][gc,marking  ] GC(1) O: Mark: 1 stripe(s), 1 proactive flush(es), 1 terminate flush(es), 0 completion(s), 0 continuation(s) 
[11.246s][info][gc,nmethod  ] GC(1) O: NMethods: 265 registered, 8 unregistered
[11.246s][info][gc,metaspace] GC(1) O: Metaspace: 0M used, 0M committed, 1088M reserved
[11.246s][info][gc,ref      ] GC(1) O:                       Encountered   Discovered     Enqueued 
[11.246s][info][gc,ref      ] GC(1) O: Soft References:               63            0            0 
[11.246s][info][gc,ref      ] GC(1) O: Weak References:               98            0            0 
[11.246s][info][gc,ref      ] GC(1) O: Final References:               0            0            0 
[11.246s][info][gc,ref      ] GC(1) O: Phantom References:             1            0            0 
[11.246s][info][gc,heap     ] GC(1) O: Min Capacity: 8M(3%)
[11.246s][info][gc,heap     ] GC(1) O: Max Capacity: 256M(100%)
[11.246s][info][gc,heap     ] GC(1) O: Soft Max Capacity: 256M(100%)
[11.246s][info][gc,heap     ] GC(1) O: Heap Statistics:
[11.246s][info][gc,heap     ] GC(1) O:                Mark Start          Mark End        Relocate Start      Relocate End           High               Low         
[11.246s][info][gc,heap     ] GC(1) O:  Capacity:      252M (98%)         252M (98%)         252M (98%)         252M (98%)         252M (98%)         252M (98%)    
[11.246s][info][gc,heap     ] GC(1) O:      Free:      204M (80%)         202M (79%)         202M (79%)         202M (79%)         204M (80%)         198M (77%)    
[11.246s][info][gc,heap     ] GC(1) O:      Used:       52M (20%)          54M (21%)          54M (21%)          54M (21%)          58M (23%)          52M (20%)    
[11.246s][info][gc,heap     ] GC(1) O: Old Generation Statistics:
[11.246s][info][gc,heap     ] GC(1) O:                Mark Start          Mark End        Relocate Start      Relocate End    
[11.246s][info][gc,heap     ] GC(1) O:      Used:        0M (0%)           26M (10%)          26M (10%)          26M (10%)    
[11.246s][info][gc,heap     ] GC(1) O:      Live:         -                 0M (0%)            0M (0%)            0M (0%)     
[11.246s][info][gc,heap     ] GC(1) O:   Garbage:         -                 0M (0%)            0M (0%)            0M (0%)     
[11.246s][info][gc,heap     ] GC(1) O: Allocated:         -                26M (10%)          26M (10%)          26M (10%)    
[11.246s][info][gc,heap     ] GC(1) O: Reclaimed:         -                  -                 0M (0%)            0M (0%)     
[11.246s][info][gc,heap     ] GC(1) O: Compacted:         -                  -                  -                 0M (0%)     
[11.246s][info][gc,phases   ] GC(1) O: Old Generation 54M(21%)->54M(21%) 0.003s
[11.246s][info][gc          ] GC(1) Major Collection (Warmup) 52M(20%)->54M(21%) 0.013s
[17.289s][info][gc          ] GC(2) Major Collection (Warmup)
[17.289s][info][gc,task     ] GC(2) Using 2 Workers for Young Generation
[17.289s][info][gc,task     ] GC(2) Using 1 Workers for Old Generation
[17.289s][info][gc,phases   ] GC(2) Y: Young Generation
[17.289s][info][gc,phases   ] GC(2) Y: Pause Mark Start (Major) 0.012ms
[17.290s][info][gc,phases   ] GC(2) Y: Concurrent Mark 0.838ms
[17.290s][info][gc,phases   ] GC(2) Y: Pause Mark End 0.006ms
[17.291s][info][gc,phases   ] GC(2) Y: Concurrent Mark Free 0.001ms
[17.291s][info][gc,phases   ] GC(2) Y: Concurrent Reset Relocation Set 0.003ms
[17.291s][info][gc,reloc    ] GC(2) Y: Using tenuring threshold: 1 (Computed)
[17.291s][info][gc,phases   ] GC(2) Y: Concurrent Select Relocation Set 0.384ms
[17.291s][info][gc,phases   ] GC(2) Y: Pause Relocate Start 0.005ms
[17.291s][info][gc,phases   ] GC(2) Y: Concurrent Relocate 0.186ms
[17.291s][info][gc,alloc    ] GC(2) Y:                         Mark Start        Mark End      Relocate Start    Relocate End   
[17.291s][info][gc,alloc    ] GC(2) Y: Allocation Stalls:          0                0                0                0         
[17.291s][info][gc,load     ] GC(2) Y: Load: 0.00 (0%) / 0.00 (0%) / 0.00 (0%)
[17.291s][info][gc,mmu      ] GC(2) Y: MMU: 2ms/98.9%, 5ms/99.3%, 10ms/99.5%, 20ms/99.7%, 50ms/99.9%, 100ms/99.9%
[17.291s][info][gc,marking  ] GC(2) Y: Mark: 2 stripe(s), 2 proactive flush(es), 1 terminate flush(es), 0 completion(s), 0 continuation(s) 
[17.291s][info][gc,nmethod  ] GC(2) Y: NMethods: 276 registered, 8 unregistered
[17.291s][info][gc,metaspace] GC(2) Y: Metaspace: 0M used, 0M committed, 1088M reserved
[17.291s][info][gc,reloc    ] GC(2) Y:                        Candidates     Selected     In-Place         Size        Empty    Relocated 
[17.291s][info][gc,reloc    ] GC(2) Y: Small Pages:                    2            1            0           4M           0M           0M 
[17.291s][info][gc,reloc    ] GC(2) Y: Medium Pages:                   0            0            0           0M           0M           0M 
[17.291s][info][gc,reloc    ] GC(2) Y: Large Pages:                   24            0            0          48M           0M           0M 
[17.292s][info][gc,reloc    ] GC(2) Y: Forwarding Usage: 0M
[17.292s][info][gc,reloc    ] GC(2) Y: Age Table:
[17.292s][info][gc,reloc    ] GC(2) Y:                    Live             Garbage             Small              Medium             Large        
[17.292s][info][gc,reloc    ] GC(2) Y: Eden              24M (9%)            1M (1%)           1 / 0              0 / 0             12 / 0        
[17.292s][info][gc,reloc    ] GC(2) Y: Survivor 1        24M (9%)            1M (1%)           1 / 1              0 / 0             12 / 0        
[17.292s][info][gc,heap     ] GC(2) Y: Min Capacity: 8M(3%)
[17.292s][info][gc,heap     ] GC(2) Y: Max Capacity: 256M(100%)
[17.292s][info][gc,heap     ] GC(2) Y: Soft Max Capacity: 256M(100%)
[17.292s][info][gc,heap     ] GC(2) Y: Heap Statistics:
[17.292s][info][gc,heap     ] GC(2) Y:                Mark Start          Mark End        Relocate Start      Relocate End           High               Low         
[17.292s][info][gc,heap     ] GC(2) Y:  Capacity:      252M (98%)         252M (98%)         252M (98%)         252M (98%)         252M (98%)         252M (98%)    
[17.292s][info][gc,heap     ] GC(2) Y:      Free:      178M (70%)         176M (69%)         176M (69%)         176M (69%)         178M (70%)         172M (67%)    
[17.292s][info][gc,heap     ] GC(2) Y:      Used:       78M (30%)          80M (31%)          80M (31%)          80M (31%)          84M (33%)          78M (30%)    
[17.292s][info][gc,heap     ] GC(2) Y: Young Generation Statistics:
[17.292s][info][gc,heap     ] GC(2) Y:                Mark Start          Mark End        Relocate Start      Relocate End    
[17.292s][info][gc,heap     ] GC(2) Y:      Used:       52M (20%)          54M (21%)          30M (12%)          28M (11%)    
[17.292s][info][gc,heap     ] GC(2) Y:      Live:         -                48M (19%)          24M (9%)           24M (9%)     
[17.292s][info][gc,heap     ] GC(2) Y:   Garbage:         -                 3M (2%)            3M (2%)            0M (0%)     
[17.292s][info][gc,heap     ] GC(2) Y: Allocated:         -                 2M (1%)            2M (1%)            3M (2%)     
[17.292s][info][gc,heap     ] GC(2) Y: Reclaimed:         -                  -                 0M (0%)            3M (2%)     
[17.292s][info][gc,heap     ] GC(2) Y:  Promoted:         -                  -                24M (9%)           24M (9%)     
[17.292s][info][gc,heap     ] GC(2) Y: Compacted:         -                  -                  -                 0M (0%)     
[17.292s][info][gc,phases   ] GC(2) Y: Young Generation 78M(30%)->80M(31%) 0.002s
[17.292s][info][gc,phases   ] GC(2) O: Old Generation
[17.294s][info][gc,phases   ] GC(2) O: Concurrent Mark 2.489ms
[17.294s][info][gc,phases   ] GC(2) O: Pause Mark End 0.006ms
[17.294s][info][gc,phases   ] GC(2) O: Concurrent Mark Free 0.001ms
[17.295s][info][gc,phases   ] GC(2) O: Concurrent Process Non-Strong 0.454ms
[17.295s][info][gc,phases   ] GC(2) O: Concurrent Reset Relocation Set 0.000ms
[17.295s][info][gc,phases   ] GC(2) O: Concurrent Select Relocation Set 0.138ms
[17.295s][info][gc,task     ] GC(2) O: Using 2 Workers for Old Generation
[17.296s][info][gc,task     ] GC(2) O: Using 1 Workers for Old Generation
[17.296s][info][gc,phases   ] GC(2) O: Concurrent Remap Roots 0.458ms
[17.296s][info][gc,phases   ] GC(2) O: Pause Relocate Start 0.007ms
[17.299s][info][gc,phases   ] GC(2) O: Concurrent Relocate 3.161ms
[17.299s][info][gc,alloc    ] GC(2) O:                         Mark Start        Mark End      Relocate Start    Relocate End   
[17.299s][info][gc,alloc    ] GC(2) O: Allocation Stalls:          0                0                0                0         
[17.299s][info][gc,load     ] GC(2) O: Load: 0.00 (0%) / 0.00 (0%) / 0.00 (0%)
[17.299s][info][gc,mmu      ] GC(2) O: MMU: 2ms/98.9%, 5ms/99.3%, 10ms/99.5%, 20ms/99.7%, 50ms/99.9%, 100ms/99.9%
[17.299s][info][gc,marking  ] GC(2) O: Mark: 1 stripe(s), 2 proactive flush(es), 1 terminate flush(es), 0 completion(s), 0 continuation(s) 
[17.299s][info][gc,nmethod  ] GC(2) O: NMethods: 276 registered, 8 unregistered
[17.299s][info][gc,metaspace] GC(2) O: Metaspace: 0M used, 0M committed, 1088M reserved
[17.299s][info][gc,ref      ] GC(2) O:                       Encountered   Discovered     Enqueued 
[17.299s][info][gc,ref      ] GC(2) O: Soft References:               63            0            0 
[17.299s][info][gc,ref      ] GC(2) O: Weak References:               98           69            9 
[17.299s][info][gc,ref      ] GC(2) O: Final References:               0            0            0 
[17.299s][info][gc,ref      ] GC(2) O: Phantom References:             1            1            0 
[17.299s][info][gc,reloc    ] GC(2) O:                        Candidates     Selected     In-Place         Size        Empty    Relocated 
[17.299s][info][gc,reloc    ] GC(2) O: Small Pages:                    2            1            0           4M           0M           1M 
[17.299s][info][gc,reloc    ] GC(2) O: Medium Pages:                   0            0            0           0M           0M           0M 
[17.299s][info][gc,reloc    ] GC(2) O: Large Pages:                   11            0            0          22M           0M           0M 
[17.299s][info][gc,reloc    ] GC(2) O: Forwarding Usage: 0M
[17.299s][info][gc,heap     ] GC(2) O: Min Capacity: 8M(3%)
[17.299s][info][gc,heap     ] GC(2) O: Max Capacity: 256M(100%)
[17.299s][info][gc,heap     ] GC(2) O: Soft Max Capacity: 256M(100%)
[17.299s][info][gc,heap     ] GC(2) O: Heap Statistics:
[17.299s][info][gc,heap     ] GC(2) O:                Mark Start          Mark End        Relocate Start      Relocate End           High               Low         
[17.299s][info][gc,heap     ] GC(2) O:  Capacity:      252M (98%)         252M (98%)         252M (98%)         252M (98%)         252M (98%)         252M (98%)    
[17.299s][info][gc,heap     ] GC(2) O:      Free:      178M (70%)         176M (69%)         176M (69%)         178M (70%)         178M (70%)         172M (67%)    
[17.299s][info][gc,heap     ] GC(2) O:      Used:       78M (30%)          80M (31%)          80M (31%)          78M (30%)          84M (33%)          78M (30%)    
[17.299s][info][gc,heap     ] GC(2) O: Old Generation Statistics:
[17.299s][info][gc,heap     ] GC(2) O:                Mark Start          Mark End        Relocate Start      Relocate End    
[17.299s][info][gc,heap     ] GC(2) O:      Used:       26M (10%)          52M (20%)          52M (20%)          50M (20%)    
[17.299s][info][gc,heap     ] GC(2) O:      Live:         -                23M (9%)           23M (9%)           23M (9%)     
[17.299s][info][gc,heap     ] GC(2) O:   Garbage:         -                 2M (1%)            2M (1%)            0M (0%)     
[17.299s][info][gc,heap     ] GC(2) O: Allocated:         -                26M (10%)          26M (10%)          26M (10%)    
[17.299s][info][gc,heap     ] GC(2) O: Reclaimed:         -                  -                 0M (0%)            2M (1%)     
[17.299s][info][gc,heap     ] GC(2) O: Compacted:         -                  -                  -                 1M (1%)     
[17.299s][info][gc,phases   ] GC(2) O: Old Generation 80M(31%)->78M(30%) 0.007s
[17.299s][info][gc          ] GC(2) Major Collection (Warmup) 78M(30%)->78M(30%) 0.010s
[23.876s][info][gc          ] GC(3) Major Collection (Proactive)
[23.876s][info][gc,task     ] GC(3) Using 1 Workers for Young Generation
[23.876s][info][gc,task     ] GC(3) Using 1 Workers for Old Generation
[23.876s][info][gc,phases   ] GC(3) Y: Young Generation
[23.876s][info][gc,phases   ] GC(3) Y: Pause Mark Start (Major) 0.013ms
[23.877s][info][gc,phases   ] GC(3) Y: Concurrent Mark 1.289ms
[23.877s][info][gc,phases   ] GC(3) Y: Pause Mark End 0.007ms
[23.877s][info][gc,phases   ] GC(3) Y: Concurrent Mark Free 0.001ms
[23.877s][info][gc,phases   ] GC(3) Y: Concurrent Reset Relocation Set 0.003ms
[23.877s][info][gc,reloc    ] GC(3) Y: Using tenuring threshold: 1 (Computed)
[23.878s][info][gc,phases   ] GC(3) Y: Concurrent Select Relocation Set 0.584ms
[23.878s][info][gc,phases   ] GC(3) Y: Pause Relocate Start 0.006ms
[23.878s][info][gc,phases   ] GC(3) Y: Concurrent Relocate 0.128ms
[23.878s][info][gc,alloc    ] GC(3) Y:                         Mark Start        Mark End      Relocate Start    Relocate End   
[23.878s][info][gc,alloc    ] GC(3) Y: Allocation Stalls:          0                0                0                0         
[23.878s][info][gc,load     ] GC(3) Y: Load: 0.00 (0%) / 0.00 (0%) / 0.00 (0%)
[23.878s][info][gc,mmu      ] GC(3) Y: MMU: 2ms/98.9%, 5ms/99.3%, 10ms/99.5%, 20ms/99.7%, 50ms/99.9%, 100ms/99.9%
[23.878s][info][gc,marking  ] GC(3) Y: Mark: 1 stripe(s), 2 proactive flush(es), 1 terminate flush(es), 0 completion(s), 0 continuation(s) 
[23.878s][info][gc,nmethod  ] GC(3) Y: NMethods: 289 registered, 8 unregistered
[23.878s][info][gc,metaspace] GC(3) Y: Metaspace: 0M used, 0M committed, 1088M reserved
[23.878s][info][gc,reloc    ] GC(3) Y:                        Candidates     Selected     In-Place         Size        Empty    Relocated 
[23.878s][info][gc,reloc    ] GC(3) Y: Small Pages:                    2            0            0           4M           2M           0M 
[23.878s][info][gc,reloc    ] GC(3) Y: Medium Pages:                   0            0            0           0M           0M           0M 
[23.878s][info][gc,reloc    ] GC(3) Y: Large Pages:                   25            0            0          50M           0M           0M 
[23.878s][info][gc,reloc    ] GC(3) Y: Forwarding Usage: 0M
[23.878s][info][gc,reloc    ] GC(3) Y: Age Table:
[23.878s][info][gc,reloc    ] GC(3) Y:                    Live             Garbage             Small              Medium             Large        
[23.879s][info][gc,reloc    ] GC(3) Y: Eden              26M (10%)           2M (1%)           1 / 0              0 / 0             13 / 0        
[23.879s][info][gc,reloc    ] GC(3) Y: Survivor 1        24M (9%)            1M (1%)           1 / 0              0 / 0             12 / 0        
[23.879s][info][gc,heap     ] GC(3) Y: Min Capacity: 8M(3%)
[23.879s][info][gc,heap     ] GC(3) Y: Max Capacity: 256M(100%)
[23.879s][info][gc,heap     ] GC(3) Y: Soft Max Capacity: 256M(100%)
[23.879s][info][gc,heap     ] GC(3) Y: Heap Statistics:
[23.879s][info][gc,heap     ] GC(3) Y:                Mark Start          Mark End        Relocate Start      Relocate End           High               Low         
[23.879s][info][gc,heap     ] GC(3) Y:  Capacity:      252M (98%)         252M (98%)         252M (98%)         252M (98%)         252M (98%)         252M (98%)    
[23.879s][info][gc,heap     ] GC(3) Y:      Free:      152M (59%)         150M (59%)         152M (59%)         152M (59%)         152M (59%)         150M (59%)    
[23.879s][info][gc,heap     ] GC(3) Y:      Used:      104M (41%)         106M (41%)         104M (41%)         104M (41%)         106M (41%)         104M (41%)    
[23.879s][info][gc,heap     ] GC(3) Y: Young Generation Statistics:
[23.879s][info][gc,heap     ] GC(3) Y:                Mark Start          Mark End        Relocate Start      Relocate End    
[23.879s][info][gc,heap     ] GC(3) Y:      Used:       54M (21%)          56M (22%)          28M (11%)          28M (11%)    
[23.879s][info][gc,heap     ] GC(3) Y:      Live:         -                50M (20%)          26M (10%)          26M (10%)    
[23.879s][info][gc,heap     ] GC(3) Y:   Garbage:         -                 3M (2%)            0M (0%)            0M (0%)     
[23.879s][info][gc,heap     ] GC(3) Y: Allocated:         -                 2M (1%)            2M (1%)            2M (1%)     
[23.879s][info][gc,heap     ] GC(3) Y: Reclaimed:         -                  -                 3M (2%)            3M (2%)     
[23.879s][info][gc,heap     ] GC(3) Y:  Promoted:         -                  -                24M (9%)           24M (9%)     
[23.879s][info][gc,heap     ] GC(3) Y: Compacted:         -                  -                  -                 0M (0%)     
[23.879s][info][gc,phases   ] GC(3) Y: Young Generation 104M(41%)->104M(41%) 0.003s
[23.879s][info][gc,phases   ] GC(3) O: Old Generation
[23.884s][info][gc,phases   ] GC(3) O: Concurrent Mark 5.557ms
[23.884s][info][gc,phases   ] GC(3) O: Pause Mark End 0.010ms
[23.884s][info][gc,phases   ] GC(3) O: Concurrent Mark Free 0.002ms
[23.885s][info][gc,phases   ] GC(3) O: Concurrent Process Non-Strong 0.902ms
[23.885s][info][gc,phases   ] GC(3) O: Concurrent Reset Relocation Set 0.001ms
[23.886s][info][gc,phases   ] GC(3) O: Concurrent Select Relocation Set 0.142ms
[23.886s][info][gc,task     ] GC(3) O: Using 2 Workers for Old Generation
[23.886s][info][gc,task     ] GC(3) O: Using 1 Workers for Old Generation
[23.886s][info][gc,phases   ] GC(3) O: Concurrent Remap Roots 0.317ms
[23.886s][info][gc,phases   ] GC(3) O: Pause Relocate Start 0.009ms
[23.889s][info][gc,phases   ] GC(3) O: Concurrent Relocate 2.663ms
[23.889s][info][gc,alloc    ] GC(3) O:                         Mark Start        Mark End      Relocate Start    Relocate End   
[23.889s][info][gc,alloc    ] GC(3) O: Allocation Stalls:          0                0                0                0         
[23.889s][info][gc,load     ] GC(3) O: Load: 0.00 (0%) / 0.00 (0%) / 0.00 (0%)
[23.889s][info][gc,mmu      ] GC(3) O: MMU: 2ms/98.9%, 5ms/99.3%, 10ms/99.5%, 20ms/99.7%, 50ms/99.9%, 100ms/99.9%
[23.889s][info][gc,marking  ] GC(3) O: Mark: 1 stripe(s), 2 proactive flush(es), 1 terminate flush(es), 0 completion(s), 0 continuation(s) 
[23.889s][info][gc,nmethod  ] GC(3) O: NMethods: 289 registered, 8 unregistered
[23.889s][info][gc,metaspace] GC(3) O: Metaspace: 0M used, 0M committed, 1088M reserved
[23.889s][info][gc,ref      ] GC(3) O:                       Encountered   Discovered     Enqueued 
[23.889s][info][gc,ref      ] GC(3) O: Soft References:               63            0            0 
[23.889s][info][gc,ref      ] GC(3) O: Weak References:               89           60            0 
[23.889s][info][gc,ref      ] GC(3) O: Final References:               0            0            0 
[23.889s][info][gc,ref      ] GC(3) O: Phantom References:             1            1            0 
[23.889s][info][gc,reloc    ] GC(3) O:                        Candidates     Selected     In-Place         Size        Empty    Relocated 
[23.889s][info][gc,reloc    ] GC(3) O: Small Pages:                    2            1            0           4M           0M           1M 
[23.889s][info][gc,reloc    ] GC(3) O: Medium Pages:                   0            0            0           0M           0M           0M 
[23.889s][info][gc,reloc    ] GC(3) O: Large Pages:                   23            0            0          46M           0M           0M 
[23.889s][info][gc,reloc    ] GC(3) O: Forwarding Usage: 0M
[23.889s][info][gc,heap     ] GC(3) O: Min Capacity: 8M(3%)
[23.889s][info][gc,heap     ] GC(3) O: Max Capacity: 256M(100%)
[23.889s][info][gc,heap     ] GC(3) O: Soft Max Capacity: 256M(100%)
[23.889s][info][gc,heap     ] GC(3) O: Heap Statistics:
[23.889s][info][gc,heap     ] GC(3) O:                Mark Start          Mark End        Relocate Start      Relocate End           High               Low         
[23.889s][info][gc,heap     ] GC(3) O:  Capacity:      252M (98%)         252M (98%)         252M (98%)         252M (98%)         252M (98%)         252M (98%)    
[23.889s][info][gc,heap     ] GC(3) O:      Free:      152M (59%)         152M (59%)         152M (59%)         154M (60%)         154M (60%)         150M (59%)    
[23.889s][info][gc,heap     ] GC(3) O:      Used:      104M (41%)         104M (41%)         104M (41%)         102M (40%)         106M (41%)         102M (40%)    
[23.889s][info][gc,heap     ] GC(3) O: Old Generation Statistics:
[23.889s][info][gc,heap     ] GC(3) O:                Mark Start          Mark End        Relocate Start      Relocate End    
[23.889s][info][gc,heap     ] GC(3) O:      Used:       50M (20%)          76M (30%)          76M (30%)          74M (29%)    
[23.889s][info][gc,heap     ] GC(3) O:      Live:         -                47M (18%)          47M (18%)          47M (18%)    
[23.889s][info][gc,heap     ] GC(3) O:   Garbage:         -                 2M (1%)            2M (1%)            0M (0%)     
[23.889s][info][gc,heap     ] GC(3) O: Allocated:         -                26M (10%)          26M (10%)          26M (10%)    
[23.889s][info][gc,heap     ] GC(3) O: Reclaimed:         -                  -                 0M (0%)            2M (1%)     
[23.889s][info][gc,heap     ] GC(3) O: Compacted:         -                  -                  -                 1M (1%)     
[23.889s][info][gc,phases   ] GC(3) O: Old Generation 104M(41%)->102M(40%) 0.010s
[23.889s][info][gc          ] GC(3) Major Collection (Proactive) 104M(41%)->102M(40%) 0.013s
[30.432s][info][gc          ] GC(4) Major Collection (Proactive)
[30.432s][info][gc,task     ] GC(4) Using 1 Workers for Young Generation
[30.432s][info][gc,task     ] GC(4) Using 1 Workers for Old Generation
[30.432s][info][gc,phases   ] GC(4) Y: Young Generation
[30.432s][info][gc,phases   ] GC(4) Y: Pause Mark Start (Major) 0.010ms
[30.434s][info][gc,phases   ] GC(4) Y: Concurrent Mark 2.064ms
[30.434s][info][gc,phases   ] GC(4) Y: Pause Mark End 0.007ms
[30.434s][info][gc,phases   ] GC(4) Y: Concurrent Mark Free 0.001ms
[30.434s][info][gc,phases   ] GC(4) Y: Concurrent Reset Relocation Set 0.005ms
[30.434s][info][gc,reloc    ] GC(4) Y: Using tenuring threshold: 1 (Computed)
[30.435s][info][gc,phases   ] GC(4) Y: Concurrent Select Relocation Set 0.522ms
[30.435s][info][gc,phases   ] GC(4) Y: Pause Relocate Start 0.005ms
[30.435s][info][gc,phases   ] GC(4) Y: Concurrent Relocate 0.188ms
[30.435s][info][gc,alloc    ] GC(4) Y:                         Mark Start        Mark End      Relocate Start    Relocate End   
[30.435s][info][gc,alloc    ] GC(4) Y: Allocation Stalls:          0                0                0                0         
[30.435s][info][gc,load     ] GC(4) Y: Load: 0.00 (0%) / 0.00 (0%) / 0.00 (0%)
[30.435s][info][gc,mmu      ] GC(4) Y: MMU: 2ms/98.9%, 5ms/99.3%, 10ms/99.5%, 20ms/99.7%, 50ms/99.9%, 100ms/99.9%
[30.435s][info][gc,marking  ] GC(4) Y: Mark: 1 stripe(s), 2 proactive flush(es), 1 terminate flush(es), 0 completion(s), 0 continuation(s) 
[30.435s][info][gc,nmethod  ] GC(4) Y: NMethods: 292 registered, 8 unregistered
[30.435s][info][gc,metaspace] GC(4) Y: Metaspace: 0M used, 0M committed, 1088M reserved
[30.435s][info][gc,reloc    ] GC(4) Y:                        Candidates     Selected     In-Place         Size        Empty    Relocated 
[30.435s][info][gc,reloc    ] GC(4) Y: Small Pages:                    1            0            0           2M           0M           0M 
[30.435s][info][gc,reloc    ] GC(4) Y: Medium Pages:                   0            0            0           0M           0M           0M 
[30.435s][info][gc,reloc    ] GC(4) Y: Large Pages:                   26            0            0          52M           0M           0M 
[30.435s][info][gc,reloc    ] GC(4) Y: Forwarding Usage: 0M
[30.435s][info][gc,reloc    ] GC(4) Y: Age Table:
[30.435s][info][gc,reloc    ] GC(4) Y:                    Live             Garbage             Small              Medium             Large        
[30.435s][info][gc,reloc    ] GC(4) Y: Eden              26M (10%)           1M (1%)           1 / 0              0 / 0             13 / 0        
[30.435s][info][gc,reloc    ] GC(4) Y: Survivor 1        26M (10%)           0M (0%)           0 / 0              0 / 0             13 / 0        
[30.436s][info][gc,heap     ] GC(4) Y: Min Capacity: 8M(3%)
[30.436s][info][gc,heap     ] GC(4) Y: Max Capacity: 256M(100%)
[30.436s][info][gc,heap     ] GC(4) Y: Soft Max Capacity: 256M(100%)
[30.436s][info][gc,heap     ] GC(4) Y: Heap Statistics:
[30.436s][info][gc,heap     ] GC(4) Y:                Mark Start          Mark End        Relocate Start      Relocate End           High               Low         
[30.436s][info][gc,heap     ] GC(4) Y:  Capacity:      252M (98%)         252M (98%)         252M (98%)         252M (98%)         252M (98%)         252M (98%)    
[30.436s][info][gc,heap     ] GC(4) Y:      Free:      128M (50%)         126M (49%)         126M (49%)         126M (49%)         128M (50%)         126M (49%)    
[30.436s][info][gc,heap     ] GC(4) Y:      Used:      128M (50%)         130M (51%)         130M (51%)         130M (51%)         130M (51%)         128M (50%)    
[30.436s][info][gc,heap     ] GC(4) Y: Young Generation Statistics:
[30.436s][info][gc,heap     ] GC(4) Y:                Mark Start          Mark End        Relocate Start      Relocate End    
[30.436s][info][gc,heap     ] GC(4) Y:      Used:       54M (21%)          56M (22%)          30M (12%)          30M (12%)    
[30.436s][info][gc,heap     ] GC(4) Y:      Live:         -                52M (20%)          26M (10%)          26M (10%)    
[30.436s][info][gc,heap     ] GC(4) Y:   Garbage:         -                 1M (1%)            1M (1%)            1M (1%)     
[30.436s][info][gc,heap     ] GC(4) Y: Allocated:         -                 2M (1%)            2M (1%)            2M (1%)     
[30.436s][info][gc,heap     ] GC(4) Y: Reclaimed:         -                  -                 0M (0%)            0M (0%)     
[30.436s][info][gc,heap     ] GC(4) Y:  Promoted:         -                  -                26M (10%)          26M (10%)    
[30.436s][info][gc,heap     ] GC(4) Y: Compacted:         -                  -                  -                 0M (0%)     
[30.436s][info][gc,phases   ] GC(4) Y: Young Generation 128M(50%)->130M(51%) 0.003s
[30.436s][info][gc,phases   ] GC(4) O: Old Generation
[30.440s][info][gc,phases   ] GC(4) O: Concurrent Mark 3.851ms
[30.440s][info][gc,phases   ] GC(4) O: Pause Mark End 0.006ms
[30.440s][info][gc,phases   ] GC(4) O: Concurrent Mark Free 0.001ms
[30.441s][info][gc,phases   ] GC(4) O: Concurrent Process Non-Strong 0.795ms
[30.441s][info][gc,phases   ] GC(4) O: Concurrent Reset Relocation Set 0.001ms
[30.441s][info][gc,phases   ] GC(4) O: Concurrent Select Relocation Set 0.109ms
[30.441s][info][gc,task     ] GC(4) O: Using 2 Workers for Old Generation
[30.441s][info][gc,task     ] GC(4) O: Using 1 Workers for Old Generation
[30.441s][info][gc,phases   ] GC(4) O: Concurrent Remap Roots 0.615ms
[30.441s][info][gc,phases   ] GC(4) O: Pause Relocate Start 0.022ms
[30.442s][info][gc,phases   ] GC(4) O: Concurrent Relocate 0.255ms
[30.442s][info][gc,alloc    ] GC(4) O:                         Mark Start        Mark End      Relocate Start    Relocate End   
[30.442s][info][gc,alloc    ] GC(4) O: Allocation Stalls:          0                0                0                0         
[30.442s][info][gc,load     ] GC(4) O: Load: 0.00 (0%) / 0.00 (0%) / 0.00 (0%)
[30.442s][info][gc,mmu      ] GC(4) O: MMU: 2ms/98.6%, 5ms/99.3%, 10ms/99.5%, 20ms/99.7%, 50ms/99.9%, 100ms/99.9%
[30.442s][info][gc,marking  ] GC(4) O: Mark: 1 stripe(s), 2 proactive flush(es), 1 terminate flush(es), 0 completion(s), 0 continuation(s) 
[30.442s][info][gc,nmethod  ] GC(4) O: NMethods: 292 registered, 8 unregistered
[30.442s][info][gc,metaspace] GC(4) O: Metaspace: 0M used, 0M committed, 1088M reserved
[30.442s][info][gc,ref      ] GC(4) O:                       Encountered   Discovered     Enqueued 
[30.442s][info][gc,ref      ] GC(4) O: Soft References:               63            0            0 
[30.442s][info][gc,ref      ] GC(4) O: Weak References:               89           60            0 
[30.442s][info][gc,ref      ] GC(4) O: Final References:               0            0            0 
[30.442s][info][gc,ref      ] GC(4) O: Phantom References:             1            1            0 
[30.442s][info][gc,reloc    ] GC(4) O:                        Candidates     Selected     In-Place         Size        Empty    Relocated 
[30.442s][info][gc,reloc    ] GC(4) O: Small Pages:                    2            0            0           4M           2M           0M 
[30.442s][info][gc,reloc    ] GC(4) O: Medium Pages:                   0            0            0           0M           0M           0M 
[30.442s][info][gc,reloc    ] GC(4) O: Large Pages:                   35            0            0          70M           0M           0M 
[30.442s][info][gc,reloc    ] GC(4) O: Forwarding Usage: 0M
[30.442s][info][gc,heap     ] GC(4) O: Min Capacity: 8M(3%)
[30.442s][info][gc,heap     ] GC(4) O: Max Capacity: 256M(100%)
[30.442s][info][gc,heap     ] GC(4) O: Soft Max Capacity: 256M(100%)
[30.442s][info][gc,heap     ] GC(4) O: Heap Statistics:
[30.442s][info][gc,heap     ] GC(4) O:                Mark Start          Mark End        Relocate Start      Relocate End           High               Low         
[30.442s][info][gc,heap     ] GC(4) O:  Capacity:      252M (98%)         252M (98%)         252M (98%)         252M (98%)         252M (98%)         252M (98%)    
[30.442s][info][gc,heap     ] GC(4) O:      Free:      128M (50%)         126M (49%)         128M (50%)         128M (50%)         128M (50%)         126M (49%)    
[30.442s][info][gc,heap     ] GC(4) O:      Used:      128M (50%)         130M (51%)         128M (50%)         128M (50%)         130M (51%)         128M (50%)    
[30.442s][info][gc,heap     ] GC(4) O: Old Generation Statistics:
[30.442s][info][gc,heap     ] GC(4) O:                Mark Start          Mark End        Relocate Start      Relocate End    
[30.442s][info][gc,heap     ] GC(4) O:      Used:       74M (29%)         100M (39%)          98M (38%)          98M (38%)    
[30.442s][info][gc,heap     ] GC(4) O:      Live:         -                71M (28%)          71M (28%)          71M (28%)    
[30.442s][info][gc,heap     ] GC(4) O:   Garbage:         -                 2M (1%)            0M (0%)            0M (0%)     
[30.442s][info][gc,heap     ] GC(4) O: Allocated:         -                26M (10%)          26M (10%)          26M (10%)    
[30.442s][info][gc,heap     ] GC(4) O: Reclaimed:         -                  -                 2M (1%)            2M (1%)     
[30.442s][info][gc,heap     ] GC(4) O: Compacted:         -                  -                  -                 0M (0%)     
[30.442s][info][gc,phases   ] GC(4) O: Old Generation 130M(51%)->128M(50%) 0.006s
[30.442s][info][gc          ] GC(4) Major Collection (Proactive) 128M(50%)->128M(50%) 0.010s
[36.966s][info][gc          ] GC(5) Major Collection (Proactive)
[36.966s][info][gc,task     ] GC(5) Using 1 Workers for Young Generation
[36.966s][info][gc,task     ] GC(5) Using 1 Workers for Old Generation
[36.966s][info][gc,phases   ] GC(5) Y: Young Generation
[36.966s][info][gc,phases   ] GC(5) Y: Pause Mark Start (Major) 0.014ms
[36.969s][info][gc,phases   ] GC(5) Y: Concurrent Mark 2.260ms
[36.969s][info][gc,phases   ] GC(5) Y: Pause Mark End 0.013ms
[36.969s][info][gc,phases   ] GC(5) Y: Concurrent Mark Free 0.001ms
[36.969s][info][gc,phases   ] GC(5) Y: Concurrent Reset Relocation Set 0.003ms
[36.969s][info][gc,reloc    ] GC(5) Y: Using tenuring threshold: 1 (Computed)
[36.970s][info][gc,phases   ] GC(5) Y: Concurrent Select Relocation Set 1.048ms
[36.970s][info][gc,phases   ] GC(5) Y: Pause Relocate Start 0.021ms
[36.971s][info][gc,phases   ] GC(5) Y: Concurrent Relocate 0.322ms
[36.971s][info][gc,alloc    ] GC(5) Y:                         Mark Start        Mark End      Relocate Start    Relocate End   
[36.971s][info][gc,alloc    ] GC(5) Y: Allocation Stalls:          0                0                0                0         
[36.971s][info][gc,load     ] GC(5) Y: Load: 0.00 (0%) / 0.00 (0%) / 0.00 (0%)
[36.971s][info][gc,mmu      ] GC(5) Y: MMU: 2ms/98.3%, 5ms/99.0%, 10ms/99.5%, 20ms/99.7%, 50ms/99.9%, 100ms/99.9%
[36.971s][info][gc,marking  ] GC(5) Y: Mark: 1 stripe(s), 2 proactive flush(es), 1 terminate flush(es), 0 completion(s), 0 continuation(s) 
[36.971s][info][gc,nmethod  ] GC(5) Y: NMethods: 307 registered, 8 unregistered
[36.971s][info][gc,metaspace] GC(5) Y: Metaspace: 0M used, 0M committed, 1088M reserved
[36.971s][info][gc,reloc    ] GC(5) Y:                        Candidates     Selected     In-Place         Size        Empty    Relocated 
[36.971s][info][gc,reloc    ] GC(5) Y: Small Pages:                    2            1            0           4M           0M           0M 
[36.971s][info][gc,reloc    ] GC(5) Y: Medium Pages:                   0            0            0           0M           0M           0M 
[36.971s][info][gc,reloc    ] GC(5) Y: Large Pages:                   26            0            0          52M           0M           0M 
[36.971s][info][gc,reloc    ] GC(5) Y: Forwarding Usage: 0M
[36.971s][info][gc,reloc    ] GC(5) Y: Age Table:
[36.971s][info][gc,reloc    ] GC(5) Y:                    Live             Garbage             Small              Medium             Large        
[36.971s][info][gc,reloc    ] GC(5) Y: Eden              26M (10%)           1M (1%)           1 / 1              0 / 0             13 / 0        
[36.971s][info][gc,reloc    ] GC(5) Y: Survivor 1        26M (10%)           1M (1%)           1 / 0              0 / 0             13 / 0        
[36.971s][info][gc,heap     ] GC(5) Y: Min Capacity: 8M(3%)
[36.971s][info][gc,heap     ] GC(5) Y: Max Capacity: 256M(100%)
[36.971s][info][gc,heap     ] GC(5) Y: Soft Max Capacity: 256M(100%)
[36.971s][info][gc,heap     ] GC(5) Y: Heap Statistics:
[36.971s][info][gc,heap     ] GC(5) Y:                Mark Start          Mark End        Relocate Start      Relocate End           High               Low         
[36.971s][info][gc,heap     ] GC(5) Y:  Capacity:      252M (98%)         252M (98%)         252M (98%)         252M (98%)         252M (98%)         252M (98%)    
[36.971s][info][gc,heap     ] GC(5) Y:      Free:      102M (40%)         100M (39%)         100M (39%)         100M (39%)         102M (40%)          98M (38%)    
[36.971s][info][gc,heap     ] GC(5) Y:      Used:      154M (60%)         156M (61%)         156M (61%)         156M (61%)         158M (62%)         154M (60%)    
[36.971s][info][gc,heap     ] GC(5) Y: Young Generation Statistics:
[36.971s][info][gc,heap     ] GC(5) Y:                Mark Start          Mark End        Relocate Start      Relocate End    
[36.971s][info][gc,heap     ] GC(5) Y:      Used:       56M (22%)          58M (23%)          32M (12%)          30M (12%)    
[36.971s][info][gc,heap     ] GC(5) Y:      Live:         -                52M (20%)          26M (10%)          26M (10%)    
[36.971s][info][gc,heap     ] GC(5) Y:   Garbage:         -                 3M (2%)            3M (2%)            0M (0%)     
[36.972s][info][gc,heap     ] GC(5) Y: Allocated:         -                 2M (1%)            2M (1%)            3M (2%)     
[36.972s][info][gc,heap     ] GC(5) Y: Reclaimed:         -                  -                 0M (0%)            3M (2%)     
[36.972s][info][gc,heap     ] GC(5) Y:  Promoted:         -                  -                26M (10%)          26M (10%)    
[36.972s][info][gc,heap     ] GC(5) Y: Compacted:         -                  -                  -                 0M (0%)     
[36.972s][info][gc,phases   ] GC(5) Y: Young Generation 154M(60%)->156M(61%) 0.005s
[36.972s][info][gc,phases   ] GC(5) O: Old Generation
[36.977s][info][gc,phases   ] GC(5) O: Concurrent Mark 4.935ms
[36.977s][info][gc,phases   ] GC(5) O: Pause Mark End 0.028ms
[36.977s][info][gc,phases   ] GC(5) O: Concurrent Mark Free 0.001ms
[36.978s][info][gc,phases   ] GC(5) O: Concurrent Process Non-Strong 0.961ms
[36.978s][info][gc,phases   ] GC(5) O: Concurrent Reset Relocation Set 0.001ms
[36.978s][info][gc,phases   ] GC(5) O: Concurrent Select Relocation Set 0.131ms
[36.978s][info][gc,task     ] GC(5) O: Using 2 Workers for Old Generation
[36.979s][info][gc,task     ] GC(5) O: Using 1 Workers for Old Generation
[36.979s][info][gc,phases   ] GC(5) O: Concurrent Remap Roots 0.838ms
[36.979s][info][gc,phases   ] GC(5) O: Pause Relocate Start 0.010ms
[36.979s][info][gc,phases   ] GC(5) O: Concurrent Relocate 0.177ms
[36.979s][info][gc,alloc    ] GC(5) O:                         Mark Start        Mark End      Relocate Start    Relocate End   
[36.979s][info][gc,alloc    ] GC(5) O: Allocation Stalls:          0                0                0                0         
[36.979s][info][gc,load     ] GC(5) O: Load: 0.00 (0%) / 0.00 (0%) / 0.00 (0%)
[36.979s][info][gc,mmu      ] GC(5) O: MMU: 2ms/98.3%, 5ms/99.0%, 10ms/99.3%, 20ms/99.6%, 50ms/99.8%, 100ms/99.9%
[36.979s][info][gc,marking  ] GC(5) O: Mark: 1 stripe(s), 2 proactive flush(es), 1 terminate flush(es), 0 completion(s), 0 continuation(s) 
[36.979s][info][gc,nmethod  ] GC(5) O: NMethods: 305 registered, 10 unregistered
[36.979s][info][gc,metaspace] GC(5) O: Metaspace: 0M used, 0M committed, 1088M reserved
[36.979s][info][gc,ref      ] GC(5) O:                       Encountered   Discovered     Enqueued 
[36.979s][info][gc,ref      ] GC(5) O: Soft References:               63            0            0 
[36.979s][info][gc,ref      ] GC(5) O: Weak References:               89           60            0 
[36.979s][info][gc,ref      ] GC(5) O: Final References:               0            0            0 
[36.979s][info][gc,ref      ] GC(5) O: Phantom References:             1            1            0 
[36.979s][info][gc,reloc    ] GC(5) O:                        Candidates     Selected     In-Place         Size        Empty    Relocated 
[36.979s][info][gc,reloc    ] GC(5) O: Small Pages:                    1            0            0           2M           0M           0M 
[36.979s][info][gc,reloc    ] GC(5) O: Medium Pages:                   0            0            0           0M           0M           0M 
[36.979s][info][gc,reloc    ] GC(5) O: Large Pages:                   48            0            0          96M           0M           0M 
[36.979s][info][gc,reloc    ] GC(5) O: Forwarding Usage: 0M
[36.979s][info][gc,heap     ] GC(5) O: Min Capacity: 8M(3%)
[36.979s][info][gc,heap     ] GC(5) O: Max Capacity: 256M(100%)
[36.979s][info][gc,heap     ] GC(5) O: Soft Max Capacity: 256M(100%)
[36.979s][info][gc,heap     ] GC(5) O: Heap Statistics:
[36.979s][info][gc,heap     ] GC(5) O:                Mark Start          Mark End        Relocate Start      Relocate End           High               Low         
[36.979s][info][gc,heap     ] GC(5) O:  Capacity:      252M (98%)         252M (98%)         252M (98%)         252M (98%)         252M (98%)         252M (98%)    
[36.979s][info][gc,heap     ] GC(5) O:      Free:      102M (40%)         100M (39%)         100M (39%)         100M (39%)         102M (40%)          98M (38%)    
[36.979s][info][gc,heap     ] GC(5) O:      Used:      154M (60%)         156M (61%)         156M (61%)         156M (61%)         158M (62%)         154M (60%)    
[36.979s][info][gc,heap     ] GC(5) O: Old Generation Statistics:
[36.979s][info][gc,heap     ] GC(5) O:                Mark Start          Mark End        Relocate Start      Relocate End    
[36.979s][info][gc,heap     ] GC(5) O:      Used:       98M (38%)         126M (49%)         126M (49%)         126M (49%)    
[36.980s][info][gc,heap     ] GC(5) O:      Live:         -                97M (38%)          97M (38%)          97M (38%)    
[36.980s][info][gc,heap     ] GC(5) O:   Garbage:         -                 0M (0%)            0M (0%)            0M (0%)     
[36.980s][info][gc,heap     ] GC(5) O: Allocated:         -                28M (11%)          28M (11%)          28M (11%)    
[36.980s][info][gc,heap     ] GC(5) O: Reclaimed:         -                  -                 0M (0%)            0M (0%)     
[36.980s][info][gc,heap     ] GC(5) O: Compacted:         -                  -                  -                 0M (0%)     
[36.980s][info][gc,phases   ] GC(5) O: Old Generation 156M(61%)->156M(61%) 0.008s
[36.980s][info][gc          ] GC(5) Major Collection (Proactive) 154M(60%)->156M(61%) 0.013s
[43.502s][info][gc          ] GC(6) Major Collection (Proactive)
[43.502s][info][gc,task     ] GC(6) Using 1 Workers for Young Generation
[43.502s][info][gc,task     ] GC(6) Using 1 Workers for Old Generation
[43.502s][info][gc,phases   ] GC(6) Y: Young Generation
[43.502s][info][gc,phases   ] GC(6) Y: Pause Mark Start (Major) 0.011ms
[43.503s][info][gc,phases   ] GC(6) Y: Concurrent Mark 1.392ms
[43.504s][info][gc,phases   ] GC(6) Y: Pause Mark End 0.010ms
[43.504s][info][gc,phases   ] GC(6) Y: Concurrent Mark Free 0.002ms
[43.504s][info][gc,phases   ] GC(6) Y: Concurrent Reset Relocation Set 0.005ms
[43.504s][info][gc,reloc    ] GC(6) Y: Using tenuring threshold: 1 (Computed)
[43.505s][info][gc,phases   ] GC(6) Y: Concurrent Select Relocation Set 0.981ms
[43.505s][info][gc,phases   ] GC(6) Y: Pause Relocate Start 0.006ms
[43.505s][info][gc,phases   ] GC(6) Y: Concurrent Relocate 0.387ms
[43.505s][info][gc,alloc    ] GC(6) Y:                         Mark Start        Mark End      Relocate Start    Relocate End   
[43.505s][info][gc,alloc    ] GC(6) Y: Allocation Stalls:          0                0                0                0         
[43.505s][info][gc,load     ] GC(6) Y: Load: 0.00 (0%) / 0.00 (0%) / 0.00 (0%)
[43.505s][info][gc,mmu      ] GC(6) Y: MMU: 2ms/98.3%, 5ms/99.0%, 10ms/99.3%, 20ms/99.6%, 50ms/99.8%, 100ms/99.9%
[43.505s][info][gc,marking  ] GC(6) Y: Mark: 1 stripe(s), 2 proactive flush(es), 1 terminate flush(es), 0 completion(s), 0 continuation(s) 
[43.505s][info][gc,nmethod  ] GC(6) Y: NMethods: 305 registered, 10 unregistered
[43.505s][info][gc,metaspace] GC(6) Y: Metaspace: 0M used, 0M committed, 1088M reserved
[43.505s][info][gc,reloc    ] GC(6) Y:                        Candidates     Selected     In-Place         Size        Empty    Relocated 
[43.505s][info][gc,reloc    ] GC(6) Y: Small Pages:                    2            1            0           4M           0M           0M 
[43.505s][info][gc,reloc    ] GC(6) Y: Medium Pages:                   0            0            0           0M           0M           0M 
[43.505s][info][gc,reloc    ] GC(6) Y: Large Pages:                   26            0            0          52M           0M           0M 
[43.505s][info][gc,reloc    ] GC(6) Y: Forwarding Usage: 0M
[43.505s][info][gc,reloc    ] GC(6) Y: Age Table:
[43.506s][info][gc,reloc    ] GC(6) Y:                    Live             Garbage             Small              Medium             Large        
[43.506s][info][gc,reloc    ] GC(6) Y: Eden              26M (10%)           1M (1%)           1 / 1              0 / 0             13 / 0        
[43.506s][info][gc,reloc    ] GC(6) Y: Survivor 1        26M (10%)           1M (1%)           1 / 0              0 / 0             13 / 0        
[43.506s][info][gc,heap     ] GC(6) Y: Min Capacity: 8M(3%)
[43.506s][info][gc,heap     ] GC(6) Y: Max Capacity: 256M(100%)
[43.506s][info][gc,heap     ] GC(6) Y: Soft Max Capacity: 256M(100%)
[43.506s][info][gc,heap     ] GC(6) Y: Heap Statistics:
[43.506s][info][gc,heap     ] GC(6) Y:                Mark Start          Mark End        Relocate Start      Relocate End           High               Low         
[43.506s][info][gc,heap     ] GC(6) Y:  Capacity:      252M (98%)         252M (98%)         252M (98%)         252M (98%)         252M (98%)         252M (98%)    
[43.506s][info][gc,heap     ] GC(6) Y:      Free:       74M (29%)          72M (28%)          72M (28%)          72M (28%)          74M (29%)          70M (27%)    
[43.506s][info][gc,heap     ] GC(6) Y:      Used:      182M (71%)         184M (72%)         184M (72%)         184M (72%)         186M (73%)         182M (71%)    
[43.506s][info][gc,heap     ] GC(6) Y: Young Generation Statistics:
[43.506s][info][gc,heap     ] GC(6) Y:                Mark Start          Mark End        Relocate Start      Relocate End    
[43.506s][info][gc,heap     ] GC(6) Y:      Used:       56M (22%)          58M (23%)          32M (12%)          30M (12%)    
[43.506s][info][gc,heap     ] GC(6) Y:      Live:         -                52M (20%)          26M (10%)          26M (10%)    
[43.506s][info][gc,heap     ] GC(6) Y:   Garbage:         -                 3M (2%)            3M (2%)            0M (0%)     
[43.506s][info][gc,heap     ] GC(6) Y: Allocated:         -                 2M (1%)            2M (1%)            3M (2%)     
[43.506s][info][gc,heap     ] GC(6) Y: Reclaimed:         -                  -                 0M (0%)            3M (2%)     
[43.506s][info][gc,heap     ] GC(6) Y:  Promoted:         -                  -                26M (10%)          26M (10%)    
[43.506s][info][gc,heap     ] GC(6) Y: Compacted:         -                  -                  -                 0M (0%)     
[43.506s][info][gc,phases   ] GC(6) Y: Young Generation 182M(71%)->184M(72%) 0.004s
[43.506s][info][gc,phases   ] GC(6) O: Old Generation
[43.509s][info][gc,phases   ] GC(6) O: Concurrent Mark 3.458ms
[43.509s][info][gc,phases   ] GC(6) O: Pause Mark End 0.022ms
[43.509s][info][gc,phases   ] GC(6) O: Concurrent Mark Free 0.000ms
[43.510s][info][gc,phases   ] GC(6) O: Concurrent Process Non-Strong 0.838ms
[43.510s][info][gc,phases   ] GC(6) O: Concurrent Reset Relocation Set 0.000ms
[43.510s][info][gc,phases   ] GC(6) O: Concurrent Select Relocation Set 0.104ms
[43.510s][info][gc,task     ] GC(6) O: Using 2 Workers for Old Generation
[43.511s][info][gc,task     ] GC(6) O: Using 1 Workers for Old Generation
[43.511s][info][gc,phases   ] GC(6) O: Concurrent Remap Roots 0.405ms
[43.511s][info][gc,phases   ] GC(6) O: Pause Relocate Start 0.005ms
[43.511s][info][gc,phases   ] GC(6) O: Concurrent Relocate 0.150ms
[43.511s][info][gc,alloc    ] GC(6) O:                         Mark Start        Mark End      Relocate Start    Relocate End   
[43.511s][info][gc,alloc    ] GC(6) O: Allocation Stalls:          0                0                0                0         
[43.511s][info][gc,load     ] GC(6) O: Load: 0.00 (0%) / 0.00 (0%) / 0.00 (0%)
[43.511s][info][gc,mmu      ] GC(6) O: MMU: 2ms/98.3%, 5ms/99.0%, 10ms/99.3%, 20ms/99.6%, 50ms/99.8%, 100ms/99.9%
[43.511s][info][gc,marking  ] GC(6) O: Mark: 1 stripe(s), 2 proactive flush(es), 1 terminate flush(es), 0 completion(s), 0 continuation(s) 
[43.511s][info][gc,nmethod  ] GC(6) O: NMethods: 305 registered, 10 unregistered
[43.511s][info][gc,metaspace] GC(6) O: Metaspace: 0M used, 0M committed, 1088M reserved
[43.511s][info][gc,ref      ] GC(6) O:                       Encountered   Discovered     Enqueued 
[43.511s][info][gc,ref      ] GC(6) O: Soft References:               63            0            0 
[43.511s][info][gc,ref      ] GC(6) O: Weak References:               89           60            0 
[43.511s][info][gc,ref      ] GC(6) O: Final References:               0            0            0 
[43.511s][info][gc,ref      ] GC(6) O: Phantom References:             1            1            0 
[43.511s][info][gc,reloc    ] GC(6) O:                        Candidates     Selected     In-Place         Size        Empty    Relocated 
[43.511s][info][gc,reloc    ] GC(6) O: Small Pages:                    2            0            0           4M           2M           0M 
[43.511s][info][gc,reloc    ] GC(6) O: Medium Pages:                   0            0            0           0M           0M           0M 
[43.511s][info][gc,reloc    ] GC(6) O: Large Pages:                   61            0            0         122M           0M           0M 
[43.511s][info][gc,reloc    ] GC(6) O: Forwarding Usage: 0M
[43.511s][info][gc,heap     ] GC(6) O: Min Capacity: 8M(3%)
[43.511s][info][gc,heap     ] GC(6) O: Max Capacity: 256M(100%)
[43.511s][info][gc,heap     ] GC(6) O: Soft Max Capacity: 256M(100%)
[43.511s][info][gc,heap     ] GC(6) O: Heap Statistics:
[43.511s][info][gc,heap     ] GC(6) O:                Mark Start          Mark End        Relocate Start      Relocate End           High               Low         
[43.511s][info][gc,heap     ] GC(6) O:  Capacity:      252M (98%)         252M (98%)         252M (98%)         252M (98%)         252M (98%)         252M (98%)    
[43.511s][info][gc,heap     ] GC(6) O:      Free:       74M (29%)          72M (28%)          74M (29%)          74M (29%)          74M (29%)          70M (27%)    
[43.511s][info][gc,heap     ] GC(6) O:      Used:      182M (71%)         184M (72%)         182M (71%)         182M (71%)         186M (73%)         182M (71%)    
[43.511s][info][gc,heap     ] GC(6) O: Old Generation Statistics:
[43.511s][info][gc,heap     ] GC(6) O:                Mark Start          Mark End        Relocate Start      Relocate End    
[43.511s][info][gc,heap     ] GC(6) O:      Used:      126M (49%)         154M (60%)         152M (59%)         152M (59%)    
[43.511s][info][gc,heap     ] GC(6) O:      Live:         -               123M (48%)         123M (48%)         123M (48%)    
[43.511s][info][gc,heap     ] GC(6) O:   Garbage:         -                 2M (1%)            0M (0%)            0M (0%)     
[43.511s][info][gc,heap     ] GC(6) O: Allocated:         -                28M (11%)          28M (11%)          28M (11%)    
[43.511s][info][gc,heap     ] GC(6) O: Reclaimed:         -                  -                 2M (1%)            2M (1%)     
[43.511s][info][gc,heap     ] GC(6) O: Compacted:         -                  -                  -                 0M (0%)     
[43.512s][info][gc,phases   ] GC(6) O: Old Generation 184M(72%)->182M(71%) 0.005s
[43.512s][info][gc          ] GC(6) Major Collection (Proactive) 182M(71%)->182M(71%) 0.010s
[50.038s][info][gc          ] GC(7) Major Collection (Proactive)
[50.038s][info][gc,task     ] GC(7) Using 1 Workers for Young Generation
[50.038s][info][gc,task     ] GC(7) Using 1 Workers for Old Generation
[50.038s][info][gc,phases   ] GC(7) Y: Young Generation
[50.038s][info][gc,phases   ] GC(7) Y: Pause Mark Start (Major) 0.009ms
[50.040s][info][gc,phases   ] GC(7) Y: Concurrent Mark 1.426ms
[50.040s][info][gc,phases   ] GC(7) Y: Pause Mark End 0.006ms
[50.040s][info][gc,phases   ] GC(7) Y: Concurrent Mark Free 0.001ms
[50.040s][info][gc,phases   ] GC(7) Y: Concurrent Reset Relocation Set 0.004ms
[50.040s][info][gc,reloc    ] GC(7) Y: Using tenuring threshold: 1 (Computed)
[50.041s][info][gc,phases   ] GC(7) Y: Concurrent Select Relocation Set 0.634ms
[50.041s][info][gc,phases   ] GC(7) Y: Pause Relocate Start 0.005ms
[50.041s][info][gc,phases   ] GC(7) Y: Concurrent Relocate 0.175ms
[50.041s][info][gc,alloc    ] GC(7) Y:                         Mark Start        Mark End      Relocate Start    Relocate End   
[50.041s][info][gc,alloc    ] GC(7) Y: Allocation Stalls:          0                0                0                0         
[50.041s][info][gc,load     ] GC(7) Y: Load: 0.00 (0%) / 0.00 (0%) / 0.00 (0%)
[50.041s][info][gc,mmu      ] GC(7) Y: MMU: 2ms/98.3%, 5ms/99.0%, 10ms/99.3%, 20ms/99.6%, 50ms/99.8%, 100ms/99.9%
[50.041s][info][gc,marking  ] GC(7) Y: Mark: 1 stripe(s), 2 proactive flush(es), 1 terminate flush(es), 0 completion(s), 0 continuation(s) 
[50.041s][info][gc,nmethod  ] GC(7) Y: NMethods: 306 registered, 10 unregistered
[50.041s][info][gc,metaspace] GC(7) Y: Metaspace: 0M used, 0M committed, 1088M reserved
[50.041s][info][gc,reloc    ] GC(7) Y:                        Candidates     Selected     In-Place         Size        Empty    Relocated 
[50.041s][info][gc,reloc    ] GC(7) Y: Small Pages:                    2            0            0           4M           2M           0M 
[50.041s][info][gc,reloc    ] GC(7) Y: Medium Pages:                   0            0            0           0M           0M           0M 
[50.041s][info][gc,reloc    ] GC(7) Y: Large Pages:                   26            0            0          52M           0M           0M 
[50.041s][info][gc,reloc    ] GC(7) Y: Forwarding Usage: 0M
[50.041s][info][gc,reloc    ] GC(7) Y: Age Table:
[50.041s][info][gc,reloc    ] GC(7) Y:                    Live             Garbage             Small              Medium             Large        
[50.041s][info][gc,reloc    ] GC(7) Y: Eden              26M (10%)           2M (1%)           1 / 0              0 / 0             13 / 0        
[50.041s][info][gc,reloc    ] GC(7) Y: Survivor 1        26M (10%)           1M (1%)           1 / 0              0 / 0             13 / 0        
[50.041s][info][gc,heap     ] GC(7) Y: Min Capacity: 8M(3%)
[50.041s][info][gc,heap     ] GC(7) Y: Max Capacity: 256M(100%)
[50.041s][info][gc,heap     ] GC(7) Y: Soft Max Capacity: 256M(100%)
[50.041s][info][gc,heap     ] GC(7) Y: Heap Statistics:
[50.041s][info][gc,heap     ] GC(7) Y:                Mark Start          Mark End        Relocate Start      Relocate End           High               Low         
[50.041s][info][gc,heap     ] GC(7) Y:  Capacity:      252M (98%)         252M (98%)         252M (98%)         252M (98%)         252M (98%)         252M (98%)    
[50.041s][info][gc,heap     ] GC(7) Y:      Free:       48M (19%)          46M (18%)          48M (19%)          48M (19%)          48M (19%)          46M (18%)    
[50.041s][info][gc,heap     ] GC(7) Y:      Used:      208M (81%)         210M (82%)         208M (81%)         208M (81%)         210M (82%)         208M (81%)    
[50.041s][info][gc,heap     ] GC(7) Y: Young Generation Statistics:
[50.041s][info][gc,heap     ] GC(7) Y:                Mark Start          Mark End        Relocate Start      Relocate End    
[50.041s][info][gc,heap     ] GC(7) Y:      Used:       56M (22%)          58M (23%)          28M (11%)          28M (11%)    
[50.041s][info][gc,heap     ] GC(7) Y:      Live:         -                52M (20%)          26M (10%)          26M (10%)    
[50.041s][info][gc,heap     ] GC(7) Y:   Garbage:         -                 3M (2%)            0M (0%)            0M (0%)     
[50.041s][info][gc,heap     ] GC(7) Y: Allocated:         -                 2M (1%)            2M (1%)            2M (1%)     
[50.041s][info][gc,heap     ] GC(7) Y: Reclaimed:         -                  -                 3M (2%)            3M (2%)     
[50.041s][info][gc,heap     ] GC(7) Y:  Promoted:         -                  -                26M (10%)          26M (10%)    
[50.041s][info][gc,heap     ] GC(7) Y: Compacted:         -                  -                  -                 0M (0%)     
[50.041s][info][gc,phases   ] GC(7) Y: Young Generation 208M(81%)->208M(81%) 0.003s
[50.041s][info][gc,phases   ] GC(7) O: Old Generation
[50.044s][info][gc,phases   ] GC(7) O: Concurrent Mark 3.218ms
[50.045s][info][gc,phases   ] GC(7) O: Pause Mark End 0.008ms
[50.045s][info][gc,phases   ] GC(7) O: Concurrent Mark Free 0.001ms
[50.045s][info][gc,phases   ] GC(7) O: Concurrent Process Non-Strong 0.669ms
[50.045s][info][gc,phases   ] GC(7) O: Concurrent Reset Relocation Set 0.000ms
[50.045s][info][gc,phases   ] GC(7) O: Concurrent Select Relocation Set 0.205ms
[50.046s][info][gc,task     ] GC(7) O: Using 2 Workers for Old Generation
[50.046s][info][gc,task     ] GC(7) O: Using 1 Workers for Old Generation
[50.046s][info][gc,phases   ] GC(7) O: Concurrent Remap Roots 0.496ms
[50.046s][info][gc,phases   ] GC(7) O: Pause Relocate Start 0.006ms
[50.048s][info][gc,phases   ] GC(7) O: Concurrent Relocate 1.881ms
[50.048s][info][gc,alloc    ] GC(7) O:                         Mark Start        Mark End      Relocate Start    Relocate End   
[50.048s][info][gc,alloc    ] GC(7) O: Allocation Stalls:          0                0                0                0         
[50.048s][info][gc,load     ] GC(7) O: Load: 0.00 (0%) / 0.00 (0%) / 0.00 (0%)
[50.048s][info][gc,mmu      ] GC(7) O: MMU: 2ms/98.3%, 5ms/99.0%, 10ms/99.3%, 20ms/99.6%, 50ms/99.8%, 100ms/99.9%
[50.048s][info][gc,marking  ] GC(7) O: Mark: 1 stripe(s), 2 proactive flush(es), 1 terminate flush(es), 0 completion(s), 0 continuation(s) 
[50.048s][info][gc,nmethod  ] GC(7) O: NMethods: 305 registered, 11 unregistered
[50.048s][info][gc,metaspace] GC(7) O: Metaspace: 0M used, 0M committed, 1088M reserved
[50.048s][info][gc,ref      ] GC(7) O:                       Encountered   Discovered     Enqueued 
[50.048s][info][gc,ref      ] GC(7) O: Soft References:               63            0            0 
[50.048s][info][gc,ref      ] GC(7) O: Weak References:               89           60            0 
[50.048s][info][gc,ref      ] GC(7) O: Final References:               0            0            0 
[50.048s][info][gc,ref      ] GC(7) O: Phantom References:             1            1            0 
[50.048s][info][gc,reloc    ] GC(7) O:                        Candidates     Selected     In-Place         Size        Empty    Relocated 
[50.048s][info][gc,reloc    ] GC(7) O: Small Pages:                    2            1            0           4M           0M           1M 
[50.048s][info][gc,reloc    ] GC(7) O: Medium Pages:                   0            0            0           0M           0M           0M 
[50.048s][info][gc,reloc    ] GC(7) O: Large Pages:                   74            0            0         148M           0M           0M 
[50.048s][info][gc,reloc    ] GC(7) O: Forwarding Usage: 0M
[50.048s][info][gc,heap     ] GC(7) O: Min Capacity: 8M(3%)
[50.048s][info][gc,heap     ] GC(7) O: Max Capacity: 256M(100%)
[50.048s][info][gc,heap     ] GC(7) O: Soft Max Capacity: 256M(100%)
[50.048s][info][gc,heap     ] GC(7) O: Heap Statistics:
[50.048s][info][gc,heap     ] GC(7) O:                Mark Start          Mark End        Relocate Start      Relocate End           High               Low         
[50.048s][info][gc,heap     ] GC(7) O:  Capacity:      252M (98%)         252M (98%)         252M (98%)         252M (98%)         252M (98%)         252M (98%)    
[50.048s][info][gc,heap     ] GC(7) O:      Free:       48M (19%)          48M (19%)          48M (19%)          50M (20%)          50M (20%)          46M (18%)    
[50.048s][info][gc,heap     ] GC(7) O:      Used:      208M (81%)         208M (81%)         208M (81%)         206M (80%)         210M (82%)         206M (80%)    
[50.048s][info][gc,heap     ] GC(7) O: Old Generation Statistics:
[50.048s][info][gc,heap     ] GC(7) O:                Mark Start          Mark End        Relocate Start      Relocate End    
[50.048s][info][gc,heap     ] GC(7) O:      Used:      152M (59%)         180M (70%)         180M (70%)         178M (70%)    
[50.048s][info][gc,heap     ] GC(7) O:      Live:         -               149M (58%)         149M (58%)         149M (58%)    
[50.048s][info][gc,heap     ] GC(7) O:   Garbage:         -                 2M (1%)            2M (1%)            0M (0%)     
[50.048s][info][gc,heap     ] GC(7) O: Allocated:         -                28M (11%)          28M (11%)          28M (11%)    
[50.048s][info][gc,heap     ] GC(7) O: Reclaimed:         -                  -                 0M (0%)            2M (1%)     
[50.048s][info][gc,heap     ] GC(7) O: Compacted:         -                  -                  -                 1M (1%)     
[50.048s][info][gc,phases   ] GC(7) O: Old Generation 208M(81%)->206M(80%) 0.007s
[50.048s][info][gc          ] GC(7) Major Collection (Proactive) 208M(81%)->206M(80%) 0.010s
[56.572s][info][gc          ] GC(8) Major Collection (Proactive)
[56.572s][info][gc,task     ] GC(8) Using 1 Workers for Young Generation
[56.572s][info][gc,task     ] GC(8) Using 1 Workers for Old Generation
[56.572s][info][gc,phases   ] GC(8) Y: Young Generation
[56.572s][info][gc,phases   ] GC(8) Y: Pause Mark Start (Major) 0.013ms
[56.575s][info][gc,phases   ] GC(8) Y: Concurrent Mark 2.562ms
[56.575s][info][gc,phases   ] GC(8) Y: Pause Mark End 0.021ms
[56.575s][info][gc,phases   ] GC(8) Y: Concurrent Mark Free 0.001ms
[56.575s][info][gc,phases   ] GC(8) Y: Concurrent Reset Relocation Set 0.005ms
[56.575s][info][gc,reloc    ] GC(8) Y: Using tenuring threshold: 1 (Computed)
[56.575s][info][gc,phases   ] GC(8) Y: Concurrent Select Relocation Set 0.670ms
[56.576s][info][gc,phases   ] GC(8) Y: Pause Relocate Start 0.005ms
[56.576s][info][gc,phases   ] GC(8) Y: Concurrent Relocate 0.254ms
[56.576s][info][gc,alloc    ] GC(8) Y:                         Mark Start        Mark End      Relocate Start    Relocate End   
[56.576s][info][gc,alloc    ] GC(8) Y: Allocation Stalls:          0                0                0                0         
[56.576s][info][gc,load     ] GC(8) Y: Load: 0.00 (0%) / 0.00 (0%) / 0.00 (0%)
[56.576s][info][gc,mmu      ] GC(8) Y: MMU: 2ms/98.3%, 5ms/99.0%, 10ms/99.3%, 20ms/99.6%, 50ms/99.8%, 100ms/99.9%
[56.576s][info][gc,marking  ] GC(8) Y: Mark: 1 stripe(s), 2 proactive flush(es), 1 terminate flush(es), 0 completion(s), 0 continuation(s) 
[56.576s][info][gc,nmethod  ] GC(8) Y: NMethods: 305 registered, 11 unregistered
[56.576s][info][gc,metaspace] GC(8) Y: Metaspace: 0M used, 0M committed, 1088M reserved
[56.576s][info][gc,reloc    ] GC(8) Y:                        Candidates     Selected     In-Place         Size        Empty    Relocated 
[56.576s][info][gc,reloc    ] GC(8) Y: Small Pages:                    1            0            0           2M           0M           0M 
[56.576s][info][gc,reloc    ] GC(8) Y: Medium Pages:                   0            0            0           0M           0M           0M 
[56.576s][info][gc,reloc    ] GC(8) Y: Large Pages:                   26            0            0          52M           0M           0M 
[56.576s][info][gc,reloc    ] GC(8) Y: Forwarding Usage: 0M
[56.576s][info][gc,reloc    ] GC(8) Y: Age Table:
[56.576s][info][gc,reloc    ] GC(8) Y:                    Live             Garbage             Small              Medium             Large        
[56.576s][info][gc,reloc    ] GC(8) Y: Eden              26M (10%)           1M (1%)           1 / 0              0 / 0             13 / 0        
[56.576s][info][gc,reloc    ] GC(8) Y: Survivor 1        26M (10%)           0M (0%)           0 / 0              0 / 0             13 / 0        
[56.576s][info][gc,heap     ] GC(8) Y: Min Capacity: 8M(3%)
[56.576s][info][gc,heap     ] GC(8) Y: Max Capacity: 256M(100%)
[56.576s][info][gc,heap     ] GC(8) Y: Soft Max Capacity: 256M(100%)
[56.576s][info][gc,heap     ] GC(8) Y: Heap Statistics:
[56.576s][info][gc,heap     ] GC(8) Y:                Mark Start          Mark End        Relocate Start      Relocate End           High               Low         
[56.576s][info][gc,heap     ] GC(8) Y:  Capacity:      252M (98%)         252M (98%)         252M (98%)         252M (98%)         252M (98%)         252M (98%)    
[56.576s][info][gc,heap     ] GC(8) Y:      Free:       24M (9%)           22M (9%)           22M (9%)           22M (9%)           24M (9%)           22M (9%)     
[56.576s][info][gc,heap     ] GC(8) Y:      Used:      232M (91%)         234M (91%)         234M (91%)         234M (91%)         234M (91%)         232M (91%)    
[56.576s][info][gc,heap     ] GC(8) Y: Young Generation Statistics:
[56.576s][info][gc,heap     ] GC(8) Y:                Mark Start          Mark End        Relocate Start      Relocate End    
[56.576s][info][gc,heap     ] GC(8) Y:      Used:       54M (21%)          56M (22%)          30M (12%)          30M (12%)    
[56.576s][info][gc,heap     ] GC(8) Y:      Live:         -                52M (20%)          26M (10%)          26M (10%)    
[56.576s][info][gc,heap     ] GC(8) Y:   Garbage:         -                 1M (1%)            1M (1%)            1M (1%)     
[56.576s][info][gc,heap     ] GC(8) Y: Allocated:         -                 2M (1%)            2M (1%)            2M (1%)     
[56.576s][info][gc,heap     ] GC(8) Y: Reclaimed:         -                  -                 0M (0%)            0M (0%)     
[56.576s][info][gc,heap     ] GC(8) Y:  Promoted:         -                  -                26M (10%)          26M (10%)    
[56.576s][info][gc,heap     ] GC(8) Y: Compacted:         -                  -                  -                 0M (0%)     
[56.576s][info][gc,phases   ] GC(8) Y: Young Generation 232M(91%)->234M(91%) 0.004s
[56.576s][info][gc,phases   ] GC(8) O: Old Generation
[56.580s][info][gc,phases   ] GC(8) O: Concurrent Mark 3.569ms
[56.580s][info][gc,phases   ] GC(8) O: Pause Mark End 0.005ms
[56.580s][info][gc,phases   ] GC(8) O: Concurrent Mark Free 0.001ms
[56.581s][info][gc,phases   ] GC(8) O: Concurrent Process Non-Strong 0.775ms
[56.581s][info][gc,phases   ] GC(8) O: Concurrent Reset Relocation Set 0.001ms
[56.581s][info][gc,phases   ] GC(8) O: Concurrent Select Relocation Set 0.094ms
[56.581s][info][gc,task     ] GC(8) O: Using 2 Workers for Old Generation
[56.581s][info][gc,task     ] GC(8) O: Using 1 Workers for Old Generation
[56.581s][info][gc,phases   ] GC(8) O: Concurrent Remap Roots 0.474ms
[56.581s][info][gc,phases   ] GC(8) O: Pause Relocate Start 0.004ms
[56.582s][info][gc,phases   ] GC(8) O: Concurrent Relocate 0.163ms
[56.582s][info][gc,alloc    ] GC(8) O:                         Mark Start        Mark End      Relocate Start    Relocate End   
[56.582s][info][gc,alloc    ] GC(8) O: Allocation Stalls:          0                0                0                0         
[56.582s][info][gc,load     ] GC(8) O: Load: 0.00 (0%) / 0.00 (0%) / 0.00 (0%)
[56.582s][info][gc,mmu      ] GC(8) O: MMU: 2ms/98.3%, 5ms/99.0%, 10ms/99.3%, 20ms/99.6%, 50ms/99.8%, 100ms/99.9%
[56.582s][info][gc,marking  ] GC(8) O: Mark: 1 stripe(s), 2 proactive flush(es), 1 terminate flush(es), 0 completion(s), 0 continuation(s) 
[56.582s][info][gc,nmethod  ] GC(8) O: NMethods: 305 registered, 11 unregistered
[56.582s][info][gc,metaspace] GC(8) O: Metaspace: 0M used, 0M committed, 1088M reserved
[56.582s][info][gc,ref      ] GC(8) O:                       Encountered   Discovered     Enqueued 
[56.582s][info][gc,ref      ] GC(8) O: Soft References:               63            0            0 
[56.582s][info][gc,ref      ] GC(8) O: Weak References:               89           60            0 
[56.582s][info][gc,ref      ] GC(8) O: Final References:               0            0            0 
[56.582s][info][gc,ref      ] GC(8) O: Phantom References:             1            1            0 
[56.582s][info][gc,reloc    ] GC(8) O:                        Candidates     Selected     In-Place         Size        Empty    Relocated 
[56.582s][info][gc,reloc    ] GC(8) O: Small Pages:                    2            0            0           4M           2M           0M 
[56.582s][info][gc,reloc    ] GC(8) O: Medium Pages:                   0            0            0           0M           0M           0M 
[56.582s][info][gc,reloc    ] GC(8) O: Large Pages:                   87            0            0         174M           0M           0M 
[56.582s][info][gc,reloc    ] GC(8) O: Forwarding Usage: 0M
[56.582s][info][gc,heap     ] GC(8) O: Min Capacity: 8M(3%)
[56.582s][info][gc,heap     ] GC(8) O: Max Capacity: 256M(100%)
[56.582s][info][gc,heap     ] GC(8) O: Soft Max Capacity: 256M(100%)
[56.582s][info][gc,heap     ] GC(8) O: Heap Statistics:
[56.582s][info][gc,heap     ] GC(8) O:                Mark Start          Mark End        Relocate Start      Relocate End           High               Low         
[56.582s][info][gc,heap     ] GC(8) O:  Capacity:      252M (98%)         252M (98%)         252M (98%)         252M (98%)         252M (98%)         252M (98%)    
[56.582s][info][gc,heap     ] GC(8) O:      Free:       24M (9%)           22M (9%)           24M (9%)           24M (9%)           24M (9%)           22M (9%)     
[56.582s][info][gc,heap     ] GC(8) O:      Used:      232M (91%)         234M (91%)         232M (91%)         232M (91%)         234M (91%)         232M (91%)    
[56.582s][info][gc,heap     ] GC(8) O: Old Generation Statistics:
[56.582s][info][gc,heap     ] GC(8) O:                Mark Start          Mark End        Relocate Start      Relocate End    
[56.582s][info][gc,heap     ] GC(8) O:      Used:      178M (70%)         204M (80%)         202M (79%)         202M (79%)    
[56.582s][info][gc,heap     ] GC(8) O:      Live:         -               175M (68%)         175M (68%)         175M (68%)    
[56.582s][info][gc,heap     ] GC(8) O:   Garbage:         -                 2M (1%)            0M (0%)            0M (0%)     
[56.582s][info][gc,heap     ] GC(8) O: Allocated:         -                26M (10%)          26M (10%)          26M (10%)    
[56.582s][info][gc,heap     ] GC(8) O: Reclaimed:         -                  -                 2M (1%)            2M (1%)     
[56.582s][info][gc,heap     ] GC(8) O: Compacted:         -                  -                  -                 0M (0%)     
[56.582s][info][gc,phases   ] GC(8) O: Old Generation 234M(91%)->232M(91%) 0.005s
[56.582s][info][gc          ] GC(8) Major Collection (Proactive) 232M(91%)->232M(91%) 0.010s
[56.582s][info][gc          ] GC(9) Major Collection (Allocation Rate)
[56.582s][info][gc,task     ] GC(9) Using 1 Workers for Young Generation
[56.582s][info][gc,task     ] GC(9) Using 1 Workers for Old Generation
[56.582s][info][gc,phases   ] GC(9) Y: Young Generation
[56.582s][info][gc,phases   ] GC(9) Y: Pause Mark Start (Major) 0.005ms
[56.583s][info][gc,phases   ] GC(9) Y: Concurrent Mark 0.867ms
[56.583s][info][gc,phases   ] GC(9) Y: Pause Mark End 0.003ms
[56.583s][info][gc,phases   ] GC(9) Y: Concurrent Mark Free 0.000ms
[56.583s][info][gc,phases   ] GC(9) Y: Concurrent Reset Relocation Set 0.002ms
[56.583s][info][gc,reloc    ] GC(9) Y: Using tenuring threshold: 2 (Computed)
[56.584s][info][gc,phases   ] GC(9) Y: Concurrent Select Relocation Set 0.219ms
[56.584s][info][gc,phases   ] GC(9) Y: Pause Relocate Start 0.003ms
[56.584s][info][gc,phases   ] GC(9) Y: Concurrent Relocate 0.149ms
[56.584s][info][gc,alloc    ] GC(9) Y:                         Mark Start        Mark End      Relocate Start    Relocate End   
[56.584s][info][gc,alloc    ] GC(9) Y: Allocation Stalls:          0                0                0                0         
[56.584s][info][gc,load     ] GC(9) Y: Load: 0.00 (0%) / 0.00 (0%) / 0.00 (0%)
[56.584s][info][gc,mmu      ] GC(9) Y: MMU: 2ms/98.3%, 5ms/99.0%, 10ms/99.3%, 20ms/99.6%, 50ms/99.8%, 100ms/99.9%
[56.584s][info][gc,marking  ] GC(9) Y: Mark: 1 stripe(s), 1 proactive flush(es), 1 terminate flush(es), 0 completion(s), 0 continuation(s) 
[56.584s][info][gc,nmethod  ] GC(9) Y: NMethods: 305 registered, 11 unregistered
[56.584s][info][gc,metaspace] GC(9) Y: Metaspace: 0M used, 0M committed, 1088M reserved
[56.584s][info][gc,reloc    ] GC(9) Y:                        Candidates     Selected     In-Place         Size        Empty    Relocated 
[56.584s][info][gc,reloc    ] GC(9) Y: Small Pages:                    2            0            0           4M           2M           0M 
[56.584s][info][gc,reloc    ] GC(9) Y: Medium Pages:                   0            0            0           0M           0M           0M 
[56.584s][info][gc,reloc    ] GC(9) Y: Large Pages:                   13            0            0          26M           0M           0M 
[56.584s][info][gc,reloc    ] GC(9) Y: Forwarding Usage: 0M
[56.584s][info][gc,reloc    ] GC(9) Y: Age Table:
[56.584s][info][gc,reloc    ] GC(9) Y:                    Live             Garbage             Small              Medium             Large        
[56.584s][info][gc,reloc    ] GC(9) Y: Eden                -                 2M (1%)           1 / 0              0 / 0              0 / 0        
[56.584s][info][gc,reloc    ] GC(9) Y: Survivor 1        26M (10%)           1M (1%)           1 / 0              0 / 0             13 / 0        
[56.584s][info][gc,heap     ] GC(9) Y: Min Capacity: 8M(3%)
[56.584s][info][gc,heap     ] GC(9) Y: Max Capacity: 256M(100%)
[56.584s][info][gc,heap     ] GC(9) Y: Soft Max Capacity: 256M(100%)
[56.584s][info][gc,heap     ] GC(9) Y: Heap Statistics:
[56.584s][info][gc,heap     ] GC(9) Y:                Mark Start          Mark End        Relocate Start      Relocate End           High               Low         
[56.584s][info][gc,heap     ] GC(9) Y:  Capacity:      252M (98%)         252M (98%)         252M (98%)         252M (98%)         252M (98%)         252M (98%)    
[56.584s][info][gc,heap     ] GC(9) Y:      Free:       24M (9%)           24M (9%)           26M (10%)          26M (10%)          26M (10%)          24M (9%)     
[56.584s][info][gc,heap     ] GC(9) Y:      Used:      232M (91%)         232M (91%)         230M (90%)         230M (90%)         232M (91%)         230M (90%)    
[56.584s][info][gc,heap     ] GC(9) Y: Young Generation Statistics:
[56.584s][info][gc,heap     ] GC(9) Y:                Mark Start          Mark End        Relocate Start      Relocate End    
[56.584s][info][gc,heap     ] GC(9) Y:      Used:       30M (12%)          30M (12%)          28M (11%)          28M (11%)    
[56.584s][info][gc,heap     ] GC(9) Y:      Live:         -                26M (10%)          26M (10%)          26M (10%)    
[56.584s][info][gc,heap     ] GC(9) Y:   Garbage:         -                 3M (2%)            1M (1%)            1M (1%)     
[56.584s][info][gc,heap     ] GC(9) Y: Allocated:         -                 0M (0%)            0M (0%)            0M (0%)     
[56.584s][info][gc,heap     ] GC(9) Y: Reclaimed:         -                  -                 2M (1%)            2M (1%)     
[56.584s][info][gc,heap     ] GC(9) Y:  Promoted:         -                  -                 0M (0%)            0M (0%)     
[56.584s][info][gc,heap     ] GC(9) Y: Compacted:         -                  -                  -                 0M (0%)     
[56.584s][info][gc,phases   ] GC(9) Y: Young Generation 232M(91%)->230M(90%) 0.002s
[56.584s][info][gc,phases   ] GC(9) O: Old Generation
[56.587s][info][gc,phases   ] GC(9) O: Concurrent Mark 3.113ms
[56.587s][info][gc,phases   ] GC(9) O: Pause Mark End 0.025ms
[56.588s][info][gc,phases   ] GC(9) O: Concurrent Mark Free 0.002ms
[56.589s][info][gc,phases   ] GC(9) O: Concurrent Process Non-Strong 1.786ms
[56.589s][info][gc,phases   ] GC(9) O: Concurrent Reset Relocation Set 0.000ms
[56.590s][info][gc,phases   ] GC(9) O: Concurrent Select Relocation Set 0.112ms
[56.590s][info][gc,task     ] GC(9) O: Using 2 Workers for Old Generation
[56.590s][info][gc,task     ] GC(9) O: Using 1 Workers for Old Generation
[56.590s][info][gc,phases   ] GC(9) O: Concurrent Remap Roots 0.535ms
[56.590s][info][gc,phases   ] GC(9) O: Pause Relocate Start 0.007ms
[56.590s][info][gc,phases   ] GC(9) O: Concurrent Relocate 0.172ms
[56.590s][info][gc,alloc    ] GC(9) O:                         Mark Start        Mark End      Relocate Start    Relocate End   
[56.590s][info][gc,alloc    ] GC(9) O: Allocation Stalls:          0                0                0                0         
[56.590s][info][gc,load     ] GC(9) O: Load: 0.00 (0%) / 0.00 (0%) / 0.00 (0%)
[56.590s][info][gc,mmu      ] GC(9) O: MMU: 2ms/98.3%, 5ms/99.0%, 10ms/99.3%, 20ms/99.5%, 50ms/99.8%, 100ms/99.9%
[56.590s][info][gc,marking  ] GC(9) O: Mark: 1 stripe(s), 1 proactive flush(es), 1 terminate flush(es), 0 completion(s), 0 continuation(s) 
[56.590s][info][gc,nmethod  ] GC(9) O: NMethods: 305 registered, 11 unregistered
[56.590s][info][gc,metaspace] GC(9) O: Metaspace: 0M used, 0M committed, 1088M reserved
[56.591s][info][gc,ref      ] GC(9) O:                       Encountered   Discovered     Enqueued 
[56.591s][info][gc,ref      ] GC(9) O: Soft References:               61           45           19 
[56.591s][info][gc,ref      ] GC(9) O: Weak References:               89           42            3 
[56.591s][info][gc,ref      ] GC(9) O: Final References:               0            0            0 
[56.591s][info][gc,ref      ] GC(9) O: Phantom References:             1            1            0 
[56.591s][info][gc,reloc    ] GC(9) O:                        Candidates     Selected     In-Place         Size        Empty    Relocated 
[56.591s][info][gc,reloc    ] GC(9) O: Small Pages:                    1            0            0           2M           0M           0M 
[56.591s][info][gc,reloc    ] GC(9) O: Medium Pages:                   0            0            0           0M           0M           0M 
[56.591s][info][gc,reloc    ] GC(9) O: Large Pages:                  100            0            0         200M           0M           0M 
[56.591s][info][gc,reloc    ] GC(9) O: Forwarding Usage: 0M
[56.591s][info][gc,heap     ] GC(9) O: Min Capacity: 8M(3%)
[56.591s][info][gc,heap     ] GC(9) O: Max Capacity: 256M(100%)
[56.591s][info][gc,heap     ] GC(9) O: Soft Max Capacity: 256M(100%)
[56.591s][info][gc,heap     ] GC(9) O: Heap Statistics:
[56.591s][info][gc,heap     ] GC(9) O:                Mark Start          Mark End        Relocate Start      Relocate End           High               Low         
[56.591s][info][gc,heap     ] GC(9) O:  Capacity:      252M (98%)         252M (98%)         252M (98%)         252M (98%)         252M (98%)         252M (98%)    
[56.591s][info][gc,heap     ] GC(9) O:      Free:       24M (9%)           26M (10%)          26M (10%)          26M (10%)          26M (10%)          24M (9%)     
[56.591s][info][gc,heap     ] GC(9) O:      Used:      232M (91%)         230M (90%)         230M (90%)         230M (90%)         232M (91%)         230M (90%)    
[56.591s][info][gc,heap     ] GC(9) O: Old Generation Statistics:
[56.591s][info][gc,heap     ] GC(9) O:                Mark Start          Mark End        Relocate Start      Relocate End    
[56.591s][info][gc,heap     ] GC(9) O:      Used:      202M (79%)         202M (79%)         202M (79%)         202M (79%)    
[56.591s][info][gc,heap     ] GC(9) O:      Live:         -               201M (79%)         201M (79%)         201M (79%)    
[56.591s][info][gc,heap     ] GC(9) O:   Garbage:         -                 0M (0%)            0M (0%)            0M (0%)     
[56.591s][info][gc,heap     ] GC(9) O: Allocated:         -                 0M (0%)            0M (0%)            0M (0%)     
[56.591s][info][gc,heap     ] GC(9) O: Reclaimed:         -                  -                 0M (0%)            0M (0%)     
[56.591s][info][gc,heap     ] GC(9) O: Compacted:         -                  -                  -                 0M (0%)     
[56.591s][info][gc,phases   ] GC(9) O: Old Generation 230M(90%)->230M(90%) 0.006s
[56.591s][info][gc          ] GC(9) Major Collection (Allocation Rate) 232M(91%)->230M(90%) 0.008s
[57.075s][info][gc          ] GC(10) Minor Collection (High Usage)
[57.075s][info][gc,task     ] GC(10) Using 1 Workers for Young Generation
[57.075s][info][gc,phases   ] GC(10) y: Young Generation
[57.075s][info][gc,phases   ] GC(10) y: Pause Mark Start 0.009ms
[57.077s][info][gc,phases   ] GC(10) y: Concurrent Mark 1.603ms
[57.077s][info][gc,phases   ] GC(10) y: Pause Mark End 0.007ms
[57.077s][info][gc,phases   ] GC(10) y: Concurrent Mark Free 0.001ms
[57.077s][info][gc,phases   ] GC(10) y: Concurrent Reset Relocation Set 0.000ms
[57.077s][info][gc,reloc    ] GC(10) y: Using tenuring threshold: 1 (Computed)
[57.077s][info][gc,phases   ] GC(10) y: Concurrent Select Relocation Set 0.557ms
[57.077s][info][gc,phases   ] GC(10) y: Pause Relocate Start 0.005ms
[57.078s][info][gc,phases   ] GC(10) y: Concurrent Relocate 0.197ms
[57.078s][info][gc,alloc    ] GC(10) y:                         Mark Start        Mark End      Relocate Start    Relocate End   
[57.078s][info][gc,alloc    ] GC(10) y: Allocation Stalls:          0                0                0                0         
[57.078s][info][gc,load     ] GC(10) y: Load: 0.00 (0%) / 0.00 (0%) / 0.00 (0%)
[57.078s][info][gc,mmu      ] GC(10) y: MMU: 2ms/98.3%, 5ms/99.0%, 10ms/99.3%, 20ms/99.5%, 50ms/99.8%, 100ms/99.9%
[57.078s][info][gc,marking  ] GC(10) y: Mark: 1 stripe(s), 2 proactive flush(es), 1 terminate flush(es), 0 completion(s), 0 continuation(s) 
[57.078s][info][gc,nmethod  ] GC(10) y: NMethods: 305 registered, 11 unregistered
[57.078s][info][gc,metaspace] GC(10) y: Metaspace: 0M used, 0M committed, 1088M reserved
[57.078s][info][gc,reloc    ] GC(10) y:                        Candidates     Selected     In-Place         Size        Empty    Relocated 
[57.078s][info][gc,reloc    ] GC(10) y: Small Pages:                    1            0            0           2M           0M           0M 
[57.078s][info][gc,reloc    ] GC(10) y: Medium Pages:                   0            0            0           0M           0M           0M 
[57.078s][info][gc,reloc    ] GC(10) y: Large Pages:                   14            0            0          28M           0M           0M 
[57.078s][info][gc,reloc    ] GC(10) y: Forwarding Usage: 0M
[57.078s][info][gc,reloc    ] GC(10) y: Age Table:
[57.078s][info][gc,reloc    ] GC(10) y:                    Live             Garbage             Small              Medium             Large        
[57.078s][info][gc,reloc    ] GC(10) y: Eden               2M (1%)            0M (0%)           0 / 0              0 / 0              1 / 0        
[57.078s][info][gc,reloc    ] GC(10) y: Survivor 1          -                 0M (0%)           0 / 0              0 / 0              0 / 0        
[57.078s][info][gc,reloc    ] GC(10) y: Survivor 2        26M (10%)           1M (1%)           1 / 0              0 / 0             13 / 0        
[57.078s][info][gc,heap     ] GC(10) y: Min Capacity: 8M(3%)
[57.078s][info][gc,heap     ] GC(10) y: Max Capacity: 256M(100%)
[57.078s][info][gc,heap     ] GC(10) y: Soft Max Capacity: 256M(100%)
[57.078s][info][gc,heap     ] GC(10) y: Heap Statistics:
[57.078s][info][gc,heap     ] GC(10) y:                Mark Start          Mark End        Relocate Start      Relocate End           High               Low         
[57.078s][info][gc,heap     ] GC(10) y:  Capacity:      252M (98%)         252M (98%)         252M (98%)         252M (98%)         252M (98%)         252M (98%)    
[57.078s][info][gc,heap     ] GC(10) y:      Free:       24M (9%)           22M (9%)           22M (9%)           22M (9%)           24M (9%)           22M (9%)     
[57.078s][info][gc,heap     ] GC(10) y:      Used:      232M (91%)         234M (91%)         234M (91%)         234M (91%)         234M (91%)         232M (91%)    
[57.078s][info][gc,heap     ] GC(10) y: Young Generation Statistics:
[57.078s][info][gc,heap     ] GC(10) y:                Mark Start          Mark End        Relocate Start      Relocate End    
[57.078s][info][gc,heap     ] GC(10) y:      Used:       30M (12%)          32M (12%)           4M (2%)            4M (2%)     
[57.078s][info][gc,heap     ] GC(10) y:      Live:         -                28M (11%)           2M (1%)            2M (1%)     
[57.078s][info][gc,heap     ] GC(10) y:   Garbage:         -                 1M (1%)            0M (0%)            0M (0%)     
[57.078s][info][gc,heap     ] GC(10) y: Allocated:         -                 2M (1%)            2M (1%)            2M (1%)     
[57.078s][info][gc,heap     ] GC(10) y: Reclaimed:         -                  -                 1M (1%)            1M (1%)     
[57.078s][info][gc,heap     ] GC(10) y:  Promoted:         -                  -                26M (10%)          26M (10%)    
[57.078s][info][gc,heap     ] GC(10) y: Compacted:         -                  -                  -                 0M (0%)     
[57.078s][info][gc,phases   ] GC(10) y: Young Generation 232M(91%)->234M(91%) 0.003s
[57.078s][info][gc          ] GC(10) Minor Collection (High Usage) 232M(91%)->234M(91%) 0.003s
[59.588s][info][gc          ] GC(11) Major Collection (Allocation Rate)
[59.588s][info][gc,task     ] GC(11) Using 2 Workers for Young Generation
[59.588s][info][gc,task     ] GC(11) Using 1 Workers for Old Generation
[59.588s][info][gc,phases   ] GC(11) Y: Young Generation
[59.588s][info][gc,phases   ] GC(11) Y: Pause Mark Start (Major) 0.011ms
[59.590s][info][gc,phases   ] GC(11) Y: Concurrent Mark 1.797ms
[59.590s][info][gc,phases   ] GC(11) Y: Pause Mark End 0.008ms
[59.590s][info][gc,phases   ] GC(11) Y: Concurrent Mark Free 0.001ms
[59.590s][info][gc,phases   ] GC(11) Y: Concurrent Reset Relocation Set 0.004ms
[59.590s][info][gc,reloc    ] GC(11) Y: Using tenuring threshold: 2 (Computed)
[59.590s][info][gc,phases   ] GC(11) Y: Concurrent Select Relocation Set 0.427ms
[59.590s][info][gc,phases   ] GC(11) Y: Pause Relocate Start 0.005ms
[59.591s][info][gc,phases   ] GC(11) Y: Concurrent Relocate 0.216ms
[59.591s][info][gc,alloc    ] GC(11) Y:                         Mark Start        Mark End      Relocate Start    Relocate End   
[59.591s][info][gc,alloc    ] GC(11) Y: Allocation Stalls:          0                0                0                0         
[59.591s][info][gc,load     ] GC(11) Y: Load: 0.00 (0%) / 0.00 (0%) / 0.00 (0%)
[59.591s][info][gc,mmu      ] GC(11) Y: MMU: 2ms/98.3%, 5ms/99.0%, 10ms/99.3%, 20ms/99.5%, 50ms/99.8%, 100ms/99.9%
[59.591s][info][gc,marking  ] GC(11) Y: Mark: 2 stripe(s), 2 proactive flush(es), 1 terminate flush(es), 0 completion(s), 0 continuation(s) 
[59.591s][info][gc,nmethod  ] GC(11) Y: NMethods: 305 registered, 11 unregistered
[59.591s][info][gc,metaspace] GC(11) Y: Metaspace: 0M used, 0M committed, 1088M reserved
[59.591s][info][gc,reloc    ] GC(11) Y:                        Candidates     Selected     In-Place         Size        Empty    Relocated 
[59.591s][info][gc,reloc    ] GC(11) Y: Small Pages:                    1            0            0           2M           2M           0M 
[59.591s][info][gc,reloc    ] GC(11) Y: Medium Pages:                   0            0            0           0M           0M           0M 
[59.591s][info][gc,reloc    ] GC(11) Y: Large Pages:                    6            0            0          12M           0M           0M 
[59.591s][info][gc,reloc    ] GC(11) Y: Forwarding Usage: 0M
[59.591s][info][gc,reloc    ] GC(11) Y: Age Table:
[59.591s][info][gc,reloc    ] GC(11) Y:                    Live             Garbage             Small              Medium             Large        
[59.591s][info][gc,reloc    ] GC(11) Y: Eden              10M (4%)            2M (1%)           1 / 0              0 / 0              5 / 0        
[59.591s][info][gc,reloc    ] GC(11) Y: Survivor 1         2M (1%)            0M (0%)           0 / 0              0 / 0              1 / 0        
[59.591s][info][gc,heap     ] GC(11) Y: Min Capacity: 8M(3%)
[59.591s][info][gc,heap     ] GC(11) Y: Max Capacity: 256M(100%)
[59.591s][info][gc,heap     ] GC(11) Y: Soft Max Capacity: 256M(100%)
[59.591s][info][gc,heap     ] GC(11) Y: Heap Statistics:
[59.591s][info][gc,heap     ] GC(11) Y:                Mark Start          Mark End        Relocate Start      Relocate End           High               Low         
[59.591s][info][gc,heap     ] GC(11) Y:  Capacity:      252M (98%)         252M (98%)         252M (98%)         252M (98%)         252M (98%)         252M (98%)    
[59.591s][info][gc,heap     ] GC(11) Y:      Free:       12M (5%)           10M (4%)           12M (5%)           12M (5%)           12M (5%)           10M (4%)     
[59.591s][info][gc,heap     ] GC(11) Y:      Used:      244M (95%)         246M (96%)         244M (95%)         244M (95%)         246M (96%)         244M (95%)    
[59.591s][info][gc,heap     ] GC(11) Y: Young Generation Statistics:
[59.591s][info][gc,heap     ] GC(11) Y:                Mark Start          Mark End        Relocate Start      Relocate End    
[59.591s][info][gc,heap     ] GC(11) Y:      Used:       14M (5%)           16M (6%)           14M (5%)           14M (5%)     
[59.591s][info][gc,heap     ] GC(11) Y:      Live:         -                12M (5%)           12M (5%)           12M (5%)     
[59.591s][info][gc,heap     ] GC(11) Y:   Garbage:         -                 2M (1%)            0M (0%)            0M (0%)     
[59.591s][info][gc,heap     ] GC(11) Y: Allocated:         -                 2M (1%)            2M (1%)            2M (1%)     
[59.591s][info][gc,heap     ] GC(11) Y: Reclaimed:         -                  -                 2M (1%)            2M (1%)     
[59.591s][info][gc,heap     ] GC(11) Y:  Promoted:         -                  -                 0M (0%)            0M (0%)     
[59.591s][info][gc,heap     ] GC(11) Y: Compacted:         -                  -                  -                 0M (0%)     
[59.591s][info][gc,phases   ] GC(11) Y: Young Generation 244M(95%)->244M(95%) 0.003s
[59.591s][info][gc,phases   ] GC(11) O: Old Generation
[59.594s][info][gc,phases   ] GC(11) O: Concurrent Mark 2.908ms
[59.594s][info][gc,phases   ] GC(11) O: Pause Mark End 0.005ms
[59.594s][info][gc,phases   ] GC(11) O: Concurrent Mark Free 0.001ms
[59.595s][info][gc,phases   ] GC(11) O: Concurrent Process Non-Strong 0.742ms
[59.595s][info][gc,phases   ] GC(11) O: Concurrent Reset Relocation Set 0.000ms
[59.595s][info][gc,phases   ] GC(11) O: Concurrent Select Relocation Set 0.136ms
[59.595s][info][gc,task     ] GC(11) O: Using 2 Workers for Old Generation
[59.596s][info][gc,task     ] GC(11) O: Using 1 Workers for Old Generation
[59.596s][info][gc,phases   ] GC(11) O: Concurrent Remap Roots 0.422ms
[59.596s][info][gc,phases   ] GC(11) O: Pause Relocate Start 0.004ms
[59.597s][info][gc,phases   ] GC(11) O: Concurrent Relocate 1.681ms
[59.597s][info][gc,alloc    ] GC(11) O:                         Mark Start        Mark End      Relocate Start    Relocate End   
[59.597s][info][gc,alloc    ] GC(11) O: Allocation Stalls:          0                0                0                0         
[59.597s][info][gc,load     ] GC(11) O: Load: 0.00 (0%) / 0.00 (0%) / 0.00 (0%)
[59.597s][info][gc,mmu      ] GC(11) O: MMU: 2ms/98.3%, 5ms/99.0%, 10ms/99.3%, 20ms/99.5%, 50ms/99.8%, 100ms/99.9%
[59.597s][info][gc,marking  ] GC(11) O: Mark: 1 stripe(s), 2 proactive flush(es), 1 terminate flush(es), 0 completion(s), 0 continuation(s) 
[59.597s][info][gc,nmethod  ] GC(11) O: NMethods: 305 registered, 11 unregistered
[59.597s][info][gc,metaspace] GC(11) O: Metaspace: 0M used, 0M committed, 1088M reserved
[59.597s][info][gc,ref      ] GC(11) O:                       Encountered   Discovered     Enqueued 
[59.597s][info][gc,ref      ] GC(11) O: Soft References:               42           25            0 
[59.597s][info][gc,ref      ] GC(11) O: Weak References:               86           39            0 
[59.597s][info][gc,ref      ] GC(11) O: Final References:               0            0            0 
[59.597s][info][gc,ref      ] GC(11) O: Phantom References:             1            1            0 
[59.597s][info][gc,reloc    ] GC(11) O:                        Candidates     Selected     In-Place         Size        Empty    Relocated 
[59.597s][info][gc,reloc    ] GC(11) O: Small Pages:                    2            1            0           4M           0M           1M 
[59.597s][info][gc,reloc    ] GC(11) O: Medium Pages:                   0            0            0           0M           0M           0M 
[59.598s][info][gc,reloc    ] GC(11) O: Large Pages:                  113            0            0         226M           0M           0M 
[59.598s][info][gc,reloc    ] GC(11) O: Forwarding Usage: 0M
[59.598s][info][gc,heap     ] GC(11) O: Min Capacity: 8M(3%)
[59.598s][info][gc,heap     ] GC(11) O: Max Capacity: 256M(100%)
[59.598s][info][gc,heap     ] GC(11) O: Soft Max Capacity: 256M(100%)
[59.598s][info][gc,heap     ] GC(11) O: Heap Statistics:
[59.598s][info][gc,heap     ] GC(11) O:                Mark Start          Mark End        Relocate Start      Relocate End           High               Low         
[59.598s][info][gc,heap     ] GC(11) O:  Capacity:      252M (98%)         252M (98%)         252M (98%)         252M (98%)         252M (98%)         252M (98%)    
[59.598s][info][gc,heap     ] GC(11) O:      Free:       12M (5%)           12M (5%)           12M (5%)           14M (5%)           14M (5%)           10M (4%)     
[59.598s][info][gc,heap     ] GC(11) O:      Used:      244M (95%)         244M (95%)         244M (95%)         242M (95%)         246M (96%)         242M (95%)    
[59.598s][info][gc,heap     ] GC(11) O: Old Generation Statistics:
[59.598s][info][gc,heap     ] GC(11) O:                Mark Start          Mark End        Relocate Start      Relocate End    
[59.598s][info][gc,heap     ] GC(11) O:      Used:      230M (90%)         230M (90%)         230M (90%)         228M (89%)    
[59.598s][info][gc,heap     ] GC(11) O:      Live:         -               227M (89%)         227M (89%)         227M (89%)    
[59.598s][info][gc,heap     ] GC(11) O:   Garbage:         -                 2M (1%)            2M (1%)            0M (0%)     
[59.598s][info][gc,heap     ] GC(11) O: Allocated:         -                 0M (0%)            0M (0%)            0M (0%)     
[59.598s][info][gc,heap     ] GC(11) O: Reclaimed:         -                  -                 0M (0%)            2M (1%)     
[59.598s][info][gc,heap     ] GC(11) O: Compacted:         -                  -                  -                 1M (1%)     
[59.598s][info][gc,phases   ] GC(11) O: Old Generation 244M(95%)->242M(95%) 0.006s
[59.598s][info][gc          ] GC(11) Major Collection (Allocation Rate) 244M(95%)->242M(95%) 0.010s
[59.598s][info][gc          ] GC(12) Minor Collection (High Usage)
[59.598s][info][gc,task     ] GC(12) Using 1 Workers for Young Generation
[59.598s][info][gc,phases   ] GC(12) y: Young Generation
[59.599s][info][gc,phases   ] GC(12) y: Pause Mark Start 0.005ms
[59.601s][info][gc,phases   ] GC(12) y: Concurrent Mark 2.013ms
[59.601s][info][gc,phases   ] GC(12) y: Pause Mark End 0.006ms
[59.601s][info][gc,phases   ] GC(12) y: Concurrent Mark Free 0.001ms
[59.601s][info][gc,phases   ] GC(12) y: Concurrent Reset Relocation Set 0.000ms
[59.601s][info][gc,reloc    ] GC(12) y: Using tenuring threshold: 3 (Computed)
[59.601s][info][gc,phases   ] GC(12) y: Concurrent Select Relocation Set 0.414ms
[59.601s][info][gc,phases   ] GC(12) y: Pause Relocate Start 0.005ms
[59.602s][info][gc,phases   ] GC(12) y: Concurrent Relocate 0.236ms
[59.602s][info][gc,alloc    ] GC(12) y:                         Mark Start        Mark End      Relocate Start    Relocate End   
[59.602s][info][gc,alloc    ] GC(12) y: Allocation Stalls:          0                0                0                0         
[59.602s][info][gc,load     ] GC(12) y: Load: 0.00 (0%) / 0.00 (0%) / 0.00 (0%)
[59.602s][info][gc,mmu      ] GC(12) y: MMU: 2ms/98.3%, 5ms/99.0%, 10ms/99.3%, 20ms/99.5%, 50ms/99.8%, 100ms/99.9%
[59.602s][info][gc,marking  ] GC(12) y: Mark: 1 stripe(s), 1 proactive flush(es), 1 terminate flush(es), 0 completion(s), 0 continuation(s) 
[59.602s][info][gc,nmethod  ] GC(12) y: NMethods: 305 registered, 11 unregistered
[59.602s][info][gc,metaspace] GC(12) y: Metaspace: 0M used, 0M committed, 1088M reserved
[59.602s][info][gc,reloc    ] GC(12) y:                        Candidates     Selected     In-Place         Size        Empty    Relocated 
[59.602s][info][gc,reloc    ] GC(12) y: Small Pages:                    1            0            0           2M           2M           0M 
[59.602s][info][gc,reloc    ] GC(12) y: Medium Pages:                   0            0            0           0M           0M           0M 
[59.602s][info][gc,reloc    ] GC(12) y: Large Pages:                    6            0            0          12M           0M           0M 
[59.602s][info][gc,reloc    ] GC(12) y: Forwarding Usage: 0M
[59.602s][info][gc,reloc    ] GC(12) y: Age Table:
[59.602s][info][gc,reloc    ] GC(12) y:                    Live             Garbage             Small              Medium             Large        
[59.602s][info][gc,reloc    ] GC(12) y: Eden                -                 2M (1%)           1 / 0              0 / 0              0 / 0        
[59.602s][info][gc,reloc    ] GC(12) y: Survivor 1        10M (4%)            0M (0%)           0 / 0              0 / 0              5 / 0        
[59.602s][info][gc,reloc    ] GC(12) y: Survivor 2         2M (1%)            0M (0%)           0 / 0              0 / 0              1 / 0        
[59.602s][info][gc,heap     ] GC(12) y: Min Capacity: 8M(3%)
[59.602s][info][gc,heap     ] GC(12) y: Max Capacity: 256M(100%)
[59.602s][info][gc,heap     ] GC(12) y: Soft Max Capacity: 256M(100%)
[59.602s][info][gc,heap     ] GC(12) y: Heap Statistics:
[59.602s][info][gc,heap     ] GC(12) y:                Mark Start          Mark End        Relocate Start      Relocate End           High               Low         
[59.602s][info][gc,heap     ] GC(12) y:  Capacity:      252M (98%)         252M (98%)         252M (98%)         252M (98%)         252M (98%)         252M (98%)    
[59.602s][info][gc,heap     ] GC(12) y:      Free:       14M (5%)           14M (5%)           16M (6%)           16M (6%)           16M (6%)           14M (5%)     
[59.602s][info][gc,heap     ] GC(12) y:      Used:      242M (95%)         242M (95%)         240M (94%)         240M (94%)         242M (95%)         240M (94%)    
[59.602s][info][gc,heap     ] GC(12) y: Young Generation Statistics:
[59.602s][info][gc,heap     ] GC(12) y:                Mark Start          Mark End        Relocate Start      Relocate End    
[59.602s][info][gc,heap     ] GC(12) y:      Used:       14M (5%)           14M (5%)           12M (5%)           12M (5%)     
[59.602s][info][gc,heap     ] GC(12) y:      Live:         -                12M (5%)           12M (5%)           12M (5%)     
[59.602s][info][gc,heap     ] GC(12) y:   Garbage:         -                 2M (1%)            0M (0%)            0M (0%)     
[59.602s][info][gc,heap     ] GC(12) y: Allocated:         -                 0M (0%)            0M (0%)            0M (0%)     
[59.602s][info][gc,heap     ] GC(12) y: Reclaimed:         -                  -                 2M (1%)            2M (1%)     
[59.602s][info][gc,heap     ] GC(12) y:  Promoted:         -                  -                 0M (0%)            0M (0%)     
[59.602s][info][gc,heap     ] GC(12) y: Compacted:         -                  -                  -                 0M (0%)     
[59.602s][info][gc,phases   ] GC(12) y: Young Generation 242M(95%)->240M(94%) 0.003s
[59.602s][info][gc          ] GC(12) Minor Collection (High Usage) 242M(95%)->240M(94%) 0.004s
[60.091s][info][gc          ] GC(13) Minor Collection (High Usage)
[60.091s][info][gc,task     ] GC(13) Using 1 Workers for Young Generation
[60.092s][info][gc,phases   ] GC(13) y: Young Generation
[60.092s][info][gc,phases   ] GC(13) y: Pause Mark Start 0.009ms
[60.092s][info][gc,task     ] Adjusting Workers for Young Generation: 1 -> 2
[60.094s][info][gc,phases   ] GC(13) y: Concurrent Mark 2.404ms
[60.094s][info][gc,phases   ] GC(13) y: Pause Mark End 0.007ms
[60.094s][info][gc,phases   ] GC(13) y: Concurrent Mark Free 0.001ms
[60.094s][info][gc,phases   ] GC(13) y: Concurrent Reset Relocation Set 0.000ms
[60.094s][info][gc,reloc    ] GC(13) y: Using tenuring threshold: 4 (Computed)
[60.095s][info][gc,phases   ] GC(13) y: Concurrent Select Relocation Set 0.406ms
[60.095s][info][gc,phases   ] GC(13) y: Pause Relocate Start 0.004ms
[60.095s][info][gc,phases   ] GC(13) y: Concurrent Relocate 0.268ms
[60.095s][info][gc,alloc    ] GC(13) y:                         Mark Start        Mark End      Relocate Start    Relocate End   
[60.095s][info][gc,alloc    ] GC(13) y: Allocation Stalls:          0                0                0                0         
[60.095s][info][gc,load     ] GC(13) y: Load: 0.00 (0%) / 0.00 (0%) / 0.00 (0%)
[60.095s][info][gc,mmu      ] GC(13) y: MMU: 2ms/98.3%, 5ms/99.0%, 10ms/99.3%, 20ms/99.5%, 50ms/99.8%, 100ms/99.9%
[60.095s][info][gc,marking  ] GC(13) y: Mark: 1 stripe(s), 2 proactive flush(es), 1 terminate flush(es), 0 completion(s), 0 continuation(s) 
[60.095s][info][gc,nmethod  ] GC(13) y: NMethods: 305 registered, 11 unregistered
[60.095s][info][gc,metaspace] GC(13) y: Metaspace: 0M used, 0M committed, 1088M reserved
[60.095s][info][gc,reloc    ] GC(13) y:                        Candidates     Selected     In-Place         Size        Empty    Relocated 
[60.095s][info][gc,reloc    ] GC(13) y: Small Pages:                    1            0            0           2M           0M           0M 
[60.095s][info][gc,reloc    ] GC(13) y: Medium Pages:                   0            0            0           0M           0M           0M 
[60.095s][info][gc,reloc    ] GC(13) y: Large Pages:                    7            0            0          14M           0M           0M 
[60.095s][info][gc,reloc    ] GC(13) y: Forwarding Usage: 0M
[60.095s][info][gc,reloc    ] GC(13) y: Age Table:
[60.095s][info][gc,reloc    ] GC(13) y:                    Live             Garbage             Small              Medium             Large        
[60.095s][info][gc,reloc    ] GC(13) y: Eden               2M (1%)            1M (1%)           1 / 0              0 / 0              1 / 0        
[60.095s][info][gc,reloc    ] GC(13) y: Survivor 1          -                 0M (0%)           0 / 0              0 / 0              0 / 0        
[60.095s][info][gc,reloc    ] GC(13) y: Survivor 2        10M (4%)            0M (0%)           0 / 0              0 / 0              5 / 0        
[60.095s][info][gc,reloc    ] GC(13) y: Survivor 3         2M (1%)            0M (0%)           0 / 0              0 / 0              1 / 0        
[60.095s][info][gc,heap     ] GC(13) y: Min Capacity: 8M(3%)
[60.095s][info][gc,heap     ] GC(13) y: Max Capacity: 256M(100%)
[60.095s][info][gc,heap     ] GC(13) y: Soft Max Capacity: 256M(100%)
[60.095s][info][gc,heap     ] GC(13) y: Heap Statistics:
[60.095s][info][gc,heap     ] GC(13) y:                Mark Start          Mark End        Relocate Start      Relocate End           High               Low         
[60.095s][info][gc,heap     ] GC(13) y:  Capacity:      252M (98%)         252M (98%)         252M (98%)         252M (98%)         252M (98%)         252M (98%)    
[60.095s][info][gc,heap     ] GC(13) y:      Free:       12M (5%)           10M (4%)           10M (4%)           10M (4%)           12M (5%)           10M (4%)     
[60.095s][info][gc,heap     ] GC(13) y:      Used:      244M (95%)         246M (96%)         246M (96%)         246M (96%)         246M (96%)         244M (95%)    
[60.095s][info][gc,heap     ] GC(13) y: Young Generation Statistics:
[60.095s][info][gc,heap     ] GC(13) y:                Mark Start          Mark End        Relocate Start      Relocate End    
[60.095s][info][gc,heap     ] GC(13) y:      Used:       16M (6%)           18M (7%)           18M (7%)           18M (7%)     
[60.095s][info][gc,heap     ] GC(13) y:      Live:         -                14M (5%)           14M (5%)           14M (5%)     
[60.095s][info][gc,heap     ] GC(13) y:   Garbage:         -                 1M (1%)            1M (1%)            1M (1%)     
[60.096s][info][gc,heap     ] GC(13) y: Allocated:         -                 2M (1%)            2M (1%)            2M (1%)     
[60.096s][info][gc,heap     ] GC(13) y: Reclaimed:         -                  -                 0M (0%)            0M (0%)     
[60.096s][info][gc,heap     ] GC(13) y:  Promoted:         -                  -                 0M (0%)            0M (0%)     
[60.096s][info][gc,heap     ] GC(13) y: Compacted:         -                  -                  -                 0M (0%)     
[60.096s][info][gc,phases   ] GC(13) y: Young Generation 244M(95%)->246M(96%) 0.004s
[60.096s][info][gc          ] GC(13) Minor Collection (High Usage) 244M(95%)->246M(96%) 0.004s
[60.096s][info][gc          ] GC(14) Major Collection (Allocation Rate)
[60.096s][info][gc,task     ] GC(14) Using 2 Workers for Young Generation
[60.096s][info][gc,task     ] GC(14) Using 1 Workers for Old Generation
[60.096s][info][gc,phases   ] GC(14) Y: Young Generation
[60.096s][info][gc,phases   ] GC(14) Y: Pause Mark Start (Major) 0.005ms
[60.097s][info][gc,phases   ] GC(14) Y: Concurrent Mark 0.861ms
[60.097s][info][gc,phases   ] GC(14) Y: Pause Mark End 0.004ms
[60.097s][info][gc,phases   ] GC(14) Y: Concurrent Mark Free 0.001ms
[60.097s][info][gc,phases   ] GC(14) Y: Concurrent Reset Relocation Set 0.000ms
[60.097s][info][gc,reloc    ] GC(14) Y: Using tenuring threshold: 5 (Computed)
[60.097s][info][gc,phases   ] GC(14) Y: Concurrent Select Relocation Set 0.385ms
[60.097s][info][gc,phases   ] GC(14) Y: Pause Relocate Start 0.003ms
[60.098s][info][gc,phases   ] GC(14) Y: Concurrent Relocate 0.227ms
[60.098s][info][gc,alloc    ] GC(14) Y:                         Mark Start        Mark End      Relocate Start    Relocate End   
[60.098s][info][gc,alloc    ] GC(14) Y: Allocation Stalls:          0                0                0                0         
[60.098s][info][gc,load     ] GC(14) Y: Load: 0.00 (0%) / 0.00 (0%) / 0.00 (0%)
[60.098s][info][gc,mmu      ] GC(14) Y: MMU: 2ms/98.3%, 5ms/99.0%, 10ms/99.3%, 20ms/99.5%, 50ms/99.8%, 100ms/99.9%
[60.098s][info][gc,marking  ] GC(14) Y: Mark: 2 stripe(s), 1 proactive flush(es), 1 terminate flush(es), 0 completion(s), 0 continuation(s) 
[60.098s][info][gc,nmethod  ] GC(14) Y: NMethods: 305 registered, 11 unregistered
[60.098s][info][gc,metaspace] GC(14) Y: Metaspace: 0M used, 0M committed, 1088M reserved
[60.098s][info][gc,reloc    ] GC(14) Y:                        Candidates     Selected     In-Place         Size        Empty    Relocated 
[60.098s][info][gc,reloc    ] GC(14) Y: Small Pages:                    2            0            0           4M           4M           0M 
[60.098s][info][gc,reloc    ] GC(14) Y: Medium Pages:                   0            0            0           0M           0M           0M 
[60.098s][info][gc,reloc    ] GC(14) Y: Large Pages:                    7            0            0          14M           0M           0M 
[60.098s][info][gc,reloc    ] GC(14) Y: Forwarding Usage: 0M
[60.098s][info][gc,reloc    ] GC(14) Y: Age Table:
[60.098s][info][gc,reloc    ] GC(14) Y:                    Live             Garbage             Small              Medium             Large        
[60.098s][info][gc,reloc    ] GC(14) Y: Eden                -                 2M (1%)           1 / 0              0 / 0              0 / 0        
[60.098s][info][gc,reloc    ] GC(14) Y: Survivor 1         2M (1%)            2M (1%)           1 / 0              0 / 0              1 / 0        
[60.098s][info][gc,reloc    ] GC(14) Y: Survivor 2          -                 0M (0%)           0 / 0              0 / 0              0 / 0        
[60.098s][info][gc,reloc    ] GC(14) Y: Survivor 3        10M (4%)            0M (0%)           0 / 0              0 / 0              5 / 0        
[60.098s][info][gc,reloc    ] GC(14) Y: Survivor 4         2M (1%)            0M (0%)           0 / 0              0 / 0              1 / 0        
[60.098s][info][gc,heap     ] GC(14) Y: Min Capacity: 8M(3%)
[60.098s][info][gc,heap     ] GC(14) Y: Max Capacity: 256M(100%)
[60.098s][info][gc,heap     ] GC(14) Y: Soft Max Capacity: 256M(100%)
[60.098s][info][gc,heap     ] GC(14) Y: Heap Statistics:
[60.098s][info][gc,heap     ] GC(14) Y:                Mark Start          Mark End        Relocate Start      Relocate End           High               Low         
[60.098s][info][gc,heap     ] GC(14) Y:  Capacity:      252M (98%)         252M (98%)         252M (98%)         252M (98%)         252M (98%)         252M (98%)    
[60.098s][info][gc,heap     ] GC(14) Y:      Free:       10M (4%)           10M (4%)           14M (5%)           14M (5%)           14M (5%)           10M (4%)     
[60.098s][info][gc,heap     ] GC(14) Y:      Used:      246M (96%)         246M (96%)         242M (95%)         242M (95%)         246M (96%)         242M (95%)    
[60.098s][info][gc,heap     ] GC(14) Y: Young Generation Statistics:
[60.098s][info][gc,heap     ] GC(14) Y:                Mark Start          Mark End        Relocate Start      Relocate End    
[60.098s][info][gc,heap     ] GC(14) Y:      Used:       18M (7%)           18M (7%)           14M (5%)           14M (5%)     
[60.098s][info][gc,heap     ] GC(14) Y:      Live:         -                14M (5%)           14M (5%)           14M (5%)     
[60.098s][info][gc,heap     ] GC(14) Y:   Garbage:         -                 4M (2%)            0M (0%)            0M (0%)     
[60.098s][info][gc,heap     ] GC(14) Y: Allocated:         -                 0M (0%)            0M (0%)            0M (0%)     
[60.098s][info][gc,heap     ] GC(14) Y: Reclaimed:         -                  -                 4M (2%)            4M (2%)     
[60.098s][info][gc,heap     ] GC(14) Y:  Promoted:         -                  -                 0M (0%)            0M (0%)     
[60.098s][info][gc,heap     ] GC(14) Y: Compacted:         -                  -                  -                 0M (0%)     
[60.098s][info][gc,phases   ] GC(14) Y: Young Generation 246M(96%)->242M(95%) 0.002s
[60.098s][info][gc,phases   ] GC(14) O: Old Generation
[60.102s][info][gc,phases   ] GC(14) O: Concurrent Mark 3.971ms
[60.102s][info][gc,phases   ] GC(14) O: Pause Mark End 0.006ms
[60.102s][info][gc,phases   ] GC(14) O: Concurrent Mark Free 0.002ms
[60.103s][info][gc,phases   ] GC(14) O: Concurrent Process Non-Strong 0.790ms
[60.103s][info][gc,phases   ] GC(14) O: Concurrent Reset Relocation Set 0.001ms
[60.103s][info][gc,phases   ] GC(14) O: Concurrent Select Relocation Set 0.129ms
[60.103s][info][gc,task     ] GC(14) O: Using 2 Workers for Old Generation
[60.104s][info][gc,task     ] GC(14) O: Using 1 Workers for Old Generation
[60.104s][info][gc,phases   ] GC(14) O: Concurrent Remap Roots 0.745ms
[60.104s][info][gc,phases   ] GC(14) O: Pause Relocate Start 0.006ms
[60.104s][info][gc,phases   ] GC(14) O: Concurrent Relocate 0.174ms
[60.104s][info][gc,alloc    ] GC(14) O:                         Mark Start        Mark End      Relocate Start    Relocate End   
[60.104s][info][gc,alloc    ] GC(14) O: Allocation Stalls:          0                0                0                0         
[60.104s][info][gc,load     ] GC(14) O: Load: 0.00 (0%) / 0.00 (0%) / 0.00 (0%)
[60.104s][info][gc,mmu      ] GC(14) O: MMU: 2ms/98.3%, 5ms/99.0%, 10ms/99.3%, 20ms/99.5%, 50ms/99.8%, 100ms/99.9%
[60.104s][info][gc,marking  ] GC(14) O: Mark: 1 stripe(s), 1 proactive flush(es), 1 terminate flush(es), 0 completion(s), 0 continuation(s) 
[60.104s][info][gc,nmethod  ] GC(14) O: NMethods: 305 registered, 11 unregistered
[60.104s][info][gc,metaspace] GC(14) O: Metaspace: 0M used, 0M committed, 1088M reserved
[60.104s][info][gc,ref      ] GC(14) O:                       Encountered   Discovered     Enqueued 
[60.104s][info][gc,ref      ] GC(14) O: Soft References:               42           25            0 
[60.104s][info][gc,ref      ] GC(14) O: Weak References:               86           39            0 
[60.104s][info][gc,ref      ] GC(14) O: Final References:               0            0            0 
[60.104s][info][gc,ref      ] GC(14) O: Phantom References:             1            1            0 
[60.104s][info][gc,reloc    ] GC(14) O:                        Candidates     Selected     In-Place         Size        Empty    Relocated 
[60.104s][info][gc,reloc    ] GC(14) O: Small Pages:                    1            0            0           2M           0M           0M 
[60.104s][info][gc,reloc    ] GC(14) O: Medium Pages:                   0            0            0           0M           0M           0M 
[60.104s][info][gc,reloc    ] GC(14) O: Large Pages:                  113            0            0         226M           0M           0M 
[60.104s][info][gc,reloc    ] GC(14) O: Forwarding Usage: 0M
[60.104s][info][gc,heap     ] GC(14) O: Min Capacity: 8M(3%)
[60.104s][info][gc,heap     ] GC(14) O: Max Capacity: 256M(100%)
[60.104s][info][gc,heap     ] GC(14) O: Soft Max Capacity: 256M(100%)
[60.104s][info][gc,heap     ] GC(14) O: Heap Statistics:
[60.104s][info][gc,heap     ] GC(14) O:                Mark Start          Mark End        Relocate Start      Relocate End           High               Low         
[60.104s][info][gc,heap     ] GC(14) O:  Capacity:      252M (98%)         252M (98%)         252M (98%)         252M (98%)         252M (98%)         252M (98%)    
[60.104s][info][gc,heap     ] GC(14) O:      Free:       10M (4%)           14M (5%)           14M (5%)           14M (5%)           14M (5%)           10M (4%)     
[60.104s][info][gc,heap     ] GC(14) O:      Used:      246M (96%)         242M (95%)         242M (95%)         242M (95%)         246M (96%)         242M (95%)    
[60.104s][info][gc,heap     ] GC(14) O: Old Generation Statistics:
[60.104s][info][gc,heap     ] GC(14) O:                Mark Start          Mark End        Relocate Start      Relocate End    
[60.104s][info][gc,heap     ] GC(14) O:      Used:      228M (89%)         228M (89%)         228M (89%)         228M (89%)    
[60.104s][info][gc,heap     ] GC(14) O:      Live:         -               227M (89%)         227M (89%)         227M (89%)    
[60.104s][info][gc,heap     ] GC(14) O:   Garbage:         -                 0M (0%)            0M (0%)            0M (0%)     
[60.104s][info][gc,heap     ] GC(14) O: Allocated:         -                 0M (0%)            0M (0%)            0M (0%)     
[60.104s][info][gc,heap     ] GC(14) O: Reclaimed:         -                  -                 0M (0%)            0M (0%)     
[60.104s][info][gc,heap     ] GC(14) O: Compacted:         -                  -                  -                 0M (0%)     
[60.105s][info][gc,phases   ] GC(14) O: Old Generation 242M(95%)->242M(95%) 0.006s
[60.105s][info][gc          ] GC(14) Major Collection (Allocation Rate) 246M(96%)->242M(95%) 0.009s
[60.106s][info][gc          ] GC(15) Minor Collection (High Usage)
[60.106s][info][gc,task     ] GC(15) Using 1 Workers for Young Generation
[60.106s][info][gc,phases   ] GC(15) y: Young Generation
[60.106s][info][gc,phases   ] GC(15) y: Pause Mark Start 0.006ms
[60.108s][info][gc,phases   ] GC(15) y: Concurrent Mark 2.118ms
[60.108s][info][gc,phases   ] GC(15) y: Pause Mark End 0.022ms
[60.108s][info][gc,phases   ] GC(15) y: Concurrent Mark Free 0.001ms
[60.108s][info][gc,phases   ] GC(15) y: Concurrent Reset Relocation Set 0.000ms
[60.109s][info][gc,reloc    ] GC(15) y: Using tenuring threshold: 6 (Computed)
[60.109s][info][gc,phases   ] GC(15) y: Concurrent Select Relocation Set 0.524ms
[60.109s][info][gc,phases   ] GC(15) y: Pause Relocate Start 0.006ms
[60.110s][info][gc,phases   ] GC(15) y: Concurrent Relocate 0.337ms
[60.110s][info][gc,alloc    ] GC(15) y:                         Mark Start        Mark End      Relocate Start    Relocate End   
[60.110s][info][gc,alloc    ] GC(15) y: Allocation Stalls:          0                0                0                0         
[60.110s][info][gc,load     ] GC(15) y: Load: 0.00 (0%) / 0.00 (0%) / 0.00 (0%)
[60.110s][info][gc,mmu      ] GC(15) y: MMU: 2ms/98.3%, 5ms/99.0%, 10ms/99.3%, 20ms/99.5%, 50ms/99.8%, 100ms/99.9%
[60.110s][info][gc,marking  ] GC(15) y: Mark: 1 stripe(s), 1 proactive flush(es), 1 terminate flush(es), 0 completion(s), 0 continuation(s) 
[60.110s][info][gc,nmethod  ] GC(15) y: NMethods: 305 registered, 11 unregistered
[60.110s][info][gc,metaspace] GC(15) y: Metaspace: 0M used, 0M committed, 1088M reserved
[60.110s][info][gc,reloc    ] GC(15) y:                        Candidates     Selected     In-Place         Size        Empty    Relocated 
[60.110s][info][gc,reloc    ] GC(15) y: Small Pages:                    0            0            0           0M           0M           0M 
[60.110s][info][gc,reloc    ] GC(15) y: Medium Pages:                   0            0            0           0M           0M           0M 
[60.110s][info][gc,reloc    ] GC(15) y: Large Pages:                    7            0            0          14M           0M           0M 
[60.110s][info][gc,reloc    ] GC(15) y: Forwarding Usage: 0M
[60.110s][info][gc,reloc    ] GC(15) y: Age Table:
[60.110s][info][gc,reloc    ] GC(15) y:                    Live             Garbage             Small              Medium             Large        
[60.110s][info][gc,reloc    ] GC(15) y: Eden                -                 0M (0%)           0 / 0              0 / 0              0 / 0        
[60.110s][info][gc,reloc    ] GC(15) y: Survivor 1          -                 0M (0%)           0 / 0              0 / 0              0 / 0        
[60.110s][info][gc,reloc    ] GC(15) y: Survivor 2         2M (1%)            0M (0%)           0 / 0              0 / 0              1 / 0        
[60.110s][info][gc,reloc    ] GC(15) y: Survivor 3          -                 0M (0%)           0 / 0              0 / 0              0 / 0        
[60.110s][info][gc,reloc    ] GC(15) y: Survivor 4        10M (4%)            0M (0%)           0 / 0              0 / 0              5 / 0        
[60.110s][info][gc,reloc    ] GC(15) y: Survivor 5         2M (1%)            0M (0%)           0 / 0              0 / 0              1 / 0        
[60.110s][info][gc,heap     ] GC(15) y: Min Capacity: 8M(3%)
[60.110s][info][gc,heap     ] GC(15) y: Max Capacity: 256M(100%)
[60.110s][info][gc,heap     ] GC(15) y: Soft Max Capacity: 256M(100%)
[60.110s][info][gc,heap     ] GC(15) y: Heap Statistics:
[60.110s][info][gc,heap     ] GC(15) y:                Mark Start          Mark End        Relocate Start      Relocate End           High               Low         
[60.110s][info][gc,heap     ] GC(15) y:  Capacity:      252M (98%)         252M (98%)         252M (98%)         252M (98%)         252M (98%)         252M (98%)    
[60.110s][info][gc,heap     ] GC(15) y:      Free:       14M (5%)           14M (5%)           14M (5%)           14M (5%)           14M (5%)           14M (5%)     
[60.110s][info][gc,heap     ] GC(15) y:      Used:      242M (95%)         242M (95%)         242M (95%)         242M (95%)         242M (95%)         242M (95%)    
[60.110s][info][gc,heap     ] GC(15) y: Young Generation Statistics:
[60.110s][info][gc,heap     ] GC(15) y:                Mark Start          Mark End        Relocate Start      Relocate End    
[60.110s][info][gc,heap     ] GC(15) y:      Used:       14M (5%)           14M (5%)           14M (5%)           14M (5%)     
[60.110s][info][gc,heap     ] GC(15) y:      Live:         -                14M (5%)           14M (5%)           14M (5%)     
[60.110s][info][gc,heap     ] GC(15) y:   Garbage:         -                 0M (0%)            0M (0%)            0M (0%)     
[60.110s][info][gc,heap     ] GC(15) y: Allocated:         -                 0M (0%)            0M (0%)            0M (0%)     
[60.110s][info][gc,heap     ] GC(15) y: Reclaimed:         -                  -                 0M (0%)            0M (0%)     
[60.110s][info][gc,heap     ] GC(15) y:  Promoted:         -                  -                 0M (0%)            0M (0%)     
[60.110s][info][gc,heap     ] GC(15) y: Compacted:         -                  -                  -                 0M (0%)     
[60.110s][info][gc,phases   ] GC(15) y: Young Generation 242M(95%)->242M(95%) 0.004s
[60.110s][info][gc          ] GC(15) Minor Collection (High Usage) 242M(95%)->242M(95%) 0.004s
[60.110s][info][gc          ] GC(16) Minor Collection (High Usage)
[60.110s][info][gc,task     ] GC(16) Using 1 Workers for Young Generation
[60.110s][info][gc,phases   ] GC(16) y: Young Generation
[60.110s][info][gc,phases   ] GC(16) y: Pause Mark Start 0.007ms
[60.112s][info][gc,phases   ] GC(16) y: Concurrent Mark 1.263ms
[60.112s][info][gc,phases   ] GC(16) y: Pause Mark End 0.005ms
[60.112s][info][gc,phases   ] GC(16) y: Concurrent Mark Free 0.000ms
[60.112s][info][gc,phases   ] GC(16) y: Concurrent Reset Relocation Set 0.000ms
[60.112s][info][gc,reloc    ] GC(16) y: Using tenuring threshold: 6 (Computed)
[60.112s][info][gc,phases   ] GC(16) y: Concurrent Select Relocation Set 0.308ms
[60.112s][info][gc,phases   ] GC(16) y: Pause Relocate Start 0.004ms
[60.112s][info][gc,phases   ] GC(16) y: Concurrent Relocate 0.127ms
[60.112s][info][gc,alloc    ] GC(16) y:                         Mark Start        Mark End      Relocate Start    Relocate End   
[60.112s][info][gc,alloc    ] GC(16) y: Allocation Stalls:          0                0                0                0         
[60.112s][info][gc,load     ] GC(16) y: Load: 0.00 (0%) / 0.00 (0%) / 0.00 (0%)
[60.112s][info][gc,mmu      ] GC(16) y: MMU: 2ms/98.3%, 5ms/99.0%, 10ms/99.3%, 20ms/99.5%, 50ms/99.8%, 100ms/99.9%
[60.112s][info][gc,marking  ] GC(16) y: Mark: 1 stripe(s), 1 proactive flush(es), 1 terminate flush(es), 0 completion(s), 0 continuation(s) 
[60.112s][info][gc,nmethod  ] GC(16) y: NMethods: 305 registered, 11 unregistered
[60.112s][info][gc,metaspace] GC(16) y: Metaspace: 0M used, 0M committed, 1088M reserved
[60.112s][info][gc,reloc    ] GC(16) y:                        Candidates     Selected     In-Place         Size        Empty    Relocated 
[60.112s][info][gc,reloc    ] GC(16) y: Small Pages:                    0            0            0           0M           0M           0M 
[60.112s][info][gc,reloc    ] GC(16) y: Medium Pages:                   0            0            0           0M           0M           0M 
[60.112s][info][gc,reloc    ] GC(16) y: Large Pages:                    7            0            0          14M           0M           0M 
[60.112s][info][gc,reloc    ] GC(16) y: Forwarding Usage: 0M
[60.112s][info][gc,reloc    ] GC(16) y: Age Table:
[60.112s][info][gc,reloc    ] GC(16) y:                    Live             Garbage             Small              Medium             Large        
[60.112s][info][gc,reloc    ] GC(16) y: Eden                -                 0M (0%)           0 / 0              0 / 0              0 / 0        
[60.112s][info][gc,reloc    ] GC(16) y: Survivor 1          -                 0M (0%)           0 / 0              0 / 0              0 / 0        
[60.112s][info][gc,reloc    ] GC(16) y: Survivor 2          -                 0M (0%)           0 / 0              0 / 0              0 / 0        
[60.112s][info][gc,reloc    ] GC(16) y: Survivor 3         2M (1%)            0M (0%)           0 / 0              0 / 0              1 / 0        
[60.112s][info][gc,reloc    ] GC(16) y: Survivor 4          -                 0M (0%)           0 / 0              0 / 0              0 / 0        
[60.112s][info][gc,reloc    ] GC(16) y: Survivor 5        10M (4%)            0M (0%)           0 / 0              0 / 0              5 / 0        
[60.112s][info][gc,reloc    ] GC(16) y: Survivor 6         2M (1%)            0M (0%)           0 / 0              0 / 0              1 / 0        
[60.112s][info][gc,heap     ] GC(16) y: Min Capacity: 8M(3%)
[60.112s][info][gc,heap     ] GC(16) y: Max Capacity: 256M(100%)
[60.112s][info][gc,heap     ] GC(16) y: Soft Max Capacity: 256M(100%)
[60.112s][info][gc,heap     ] GC(16) y: Heap Statistics:
[60.112s][info][gc,heap     ] GC(16) y:                Mark Start          Mark End        Relocate Start      Relocate End           High               Low         
[60.112s][info][gc,heap     ] GC(16) y:  Capacity:      252M (98%)         252M (98%)         252M (98%)         252M (98%)         252M (98%)         252M (98%)    
[60.112s][info][gc,heap     ] GC(16) y:      Free:       14M (5%)           14M (5%)           14M (5%)           14M (5%)           14M (5%)           14M (5%)     
[60.113s][info][gc,heap     ] GC(16) y:      Used:      242M (95%)         242M (95%)         242M (95%)         242M (95%)         242M (95%)         242M (95%)    
[60.113s][info][gc,heap     ] GC(16) y: Young Generation Statistics:
[60.113s][info][gc,heap     ] GC(16) y:                Mark Start          Mark End        Relocate Start      Relocate End    
[60.113s][info][gc,heap     ] GC(16) y:      Used:       14M (5%)           14M (5%)           12M (5%)           12M (5%)     
[60.113s][info][gc,heap     ] GC(16) y:      Live:         -                14M (5%)           12M (5%)           12M (5%)     
[60.113s][info][gc,heap     ] GC(16) y:   Garbage:         -                 0M (0%)            0M (0%)            0M (0%)     
[60.113s][info][gc,heap     ] GC(16) y: Allocated:         -                 0M (0%)            0M (0%)            0M (0%)     
[60.113s][info][gc,heap     ] GC(16) y: Reclaimed:         -                  -                 0M (0%)            0M (0%)     
[60.113s][info][gc,heap     ] GC(16) y:  Promoted:         -                  -                 2M (1%)            2M (1%)     
[60.113s][info][gc,heap     ] GC(16) y: Compacted:         -                  -                  -                 0M (0%)     
[60.113s][info][gc,phases   ] GC(16) y: Young Generation 242M(95%)->242M(95%) 0.002s
[60.113s][info][gc          ] GC(16) Minor Collection (High Usage) 242M(95%)->242M(95%) 0.002s
[60.596s][info][gc          ] GC(17) Major Collection (Allocation Rate)
[60.596s][info][gc,task     ] GC(17) Using 2 Workers for Young Generation
[60.596s][info][gc,task     ] GC(17) Using 1 Workers for Old Generation
[60.596s][info][gc,phases   ] GC(17) Y: Young Generation
[60.596s][info][gc,phases   ] GC(17) Y: Pause Mark Start (Major) 0.010ms
[60.598s][info][gc,phases   ] GC(17) Y: Concurrent Mark 2.037ms
[60.598s][info][gc,phases   ] GC(17) Y: Pause Mark End 0.007ms
[60.598s][info][gc,phases   ] GC(17) Y: Concurrent Mark Free 0.001ms
[60.598s][info][gc,phases   ] GC(17) Y: Concurrent Reset Relocation Set 0.001ms
[60.598s][info][gc,reloc    ] GC(17) Y: Using tenuring threshold: 1 (Computed)
[60.599s][info][gc,phases   ] GC(17) Y: Concurrent Select Relocation Set 0.468ms
[60.599s][info][gc,phases   ] GC(17) Y: Pause Relocate Start 0.004ms
[60.599s][info][gc,phases   ] GC(17) Y: Concurrent Relocate 0.235ms
[60.599s][info][gc,alloc    ] GC(17) Y:                         Mark Start        Mark End      Relocate Start    Relocate End   
[60.599s][info][gc,alloc    ] GC(17) Y: Allocation Stalls:          0                0                0                0         
[60.599s][info][gc,load     ] GC(17) Y: Load: 0.00 (0%) / 0.00 (0%) / 0.00 (0%)
[60.599s][info][gc,mmu      ] GC(17) Y: MMU: 2ms/98.3%, 5ms/99.0%, 10ms/99.3%, 20ms/99.5%, 50ms/99.8%, 100ms/99.9%
[60.599s][info][gc,marking  ] GC(17) Y: Mark: 2 stripe(s), 2 proactive flush(es), 1 terminate flush(es), 0 completion(s), 0 continuation(s) 
[60.599s][info][gc,nmethod  ] GC(17) Y: NMethods: 305 registered, 11 unregistered
[60.599s][info][gc,metaspace] GC(17) Y: Metaspace: 0M used, 0M committed, 1088M reserved
[60.599s][info][gc,reloc    ] GC(17) Y:                        Candidates     Selected     In-Place         Size        Empty    Relocated 
[60.599s][info][gc,reloc    ] GC(17) Y: Small Pages:                    0            0            0           0M           0M           0M 
[60.599s][info][gc,reloc    ] GC(17) Y: Medium Pages:                   0            0            0           0M           0M           0M 
[60.599s][info][gc,reloc    ] GC(17) Y: Large Pages:                    7            0            0          14M           0M           0M 
[60.599s][info][gc,reloc    ] GC(17) Y: Forwarding Usage: 0M
[60.599s][info][gc,reloc    ] GC(17) Y: Age Table:
[60.599s][info][gc,reloc    ] GC(17) Y:                    Live             Garbage             Small              Medium             Large        
[60.599s][info][gc,reloc    ] GC(17) Y: Eden               2M (1%)            0M (0%)           0 / 0              0 / 0              1 / 0        
[60.599s][info][gc,reloc    ] GC(17) Y: Survivor 1          -                 0M (0%)           0 / 0              0 / 0              0 / 0        
[60.599s][info][gc,reloc    ] GC(17) Y: Survivor 2          -                 0M (0%)           0 / 0              0 / 0              0 / 0        
[60.599s][info][gc,reloc    ] GC(17) Y: Survivor 3          -                 0M (0%)           0 / 0              0 / 0              0 / 0        
[60.599s][info][gc,reloc    ] GC(17) Y: Survivor 4         2M (1%)            0M (0%)           0 / 0              0 / 0              1 / 0        
[60.600s][info][gc,reloc    ] GC(17) Y: Survivor 5          -                 0M (0%)           0 / 0              0 / 0              0 / 0        
[60.600s][info][gc,reloc    ] GC(17) Y: Survivor 6        10M (4%)            0M (0%)           0 / 0              0 / 0              5 / 0        
[60.600s][info][gc,heap     ] GC(17) Y: Min Capacity: 8M(3%)
[60.600s][info][gc,heap     ] GC(17) Y: Max Capacity: 256M(100%)
[60.600s][info][gc,heap     ] GC(17) Y: Soft Max Capacity: 256M(100%)
[60.600s][info][gc,heap     ] GC(17) Y: Heap Statistics:
[60.600s][info][gc,heap     ] GC(17) Y:                Mark Start          Mark End        Relocate Start      Relocate End           High               Low         
[60.600s][info][gc,heap     ] GC(17) Y:  Capacity:      252M (98%)         252M (98%)         252M (98%)         252M (98%)         252M (98%)         252M (98%)    
[60.600s][info][gc,heap     ] GC(17) Y:      Free:       12M (5%)           10M (4%)           10M (4%)           10M (4%)           12M (5%)           10M (4%)     
[60.600s][info][gc,heap     ] GC(17) Y:      Used:      244M (95%)         246M (96%)         246M (96%)         246M (96%)         246M (96%)         244M (95%)    
[60.600s][info][gc,heap     ] GC(17) Y: Young Generation Statistics:
[60.600s][info][gc,heap     ] GC(17) Y:                Mark Start          Mark End        Relocate Start      Relocate End    
[60.600s][info][gc,heap     ] GC(17) Y:      Used:       14M (5%)           16M (6%)            4M (2%)            4M (2%)     
[60.600s][info][gc,heap     ] GC(17) Y:      Live:         -                14M (5%)            2M (1%)            2M (1%)     
[60.600s][info][gc,heap     ] GC(17) Y:   Garbage:         -                 0M (0%)            0M (0%)            0M (0%)     
[60.600s][info][gc,heap     ] GC(17) Y: Allocated:         -                 2M (1%)            2M (1%)            2M (1%)     
[60.600s][info][gc,heap     ] GC(17) Y: Reclaimed:         -                  -                 0M (0%)            0M (0%)     
[60.600s][info][gc,heap     ] GC(17) Y:  Promoted:         -                  -                12M (5%)           12M (5%)     
[60.600s][info][gc,heap     ] GC(17) Y: Compacted:         -                  -                  -                 0M (0%)     
[60.600s][info][gc,phases   ] GC(17) Y: Young Generation 244M(95%)->246M(96%) 0.003s
[60.600s][info][gc,phases   ] GC(17) O: Old Generation
[60.603s][info][gc,phases   ] GC(17) O: Concurrent Mark 3.105ms
[60.603s][info][gc,phases   ] GC(17) O: Pause Mark End 0.010ms
[60.603s][info][gc,phases   ] GC(17) O: Concurrent Mark Free 0.002ms
[60.604s][info][gc,phases   ] GC(17) O: Concurrent Process Non-Strong 0.831ms
[60.604s][info][gc,phases   ] GC(17) O: Concurrent Reset Relocation Set 0.000ms
[60.604s][info][gc,phases   ] GC(17) O: Concurrent Select Relocation Set 0.126ms
[60.604s][info][gc,task     ] GC(17) O: Using 2 Workers for Old Generation
[60.605s][info][gc,task     ] GC(17) O: Using 1 Workers for Old Generation
[60.605s][info][gc,phases   ] GC(17) O: Concurrent Remap Roots 0.780ms
[60.605s][info][gc,phases   ] GC(17) O: Pause Relocate Start 0.007ms
[60.605s][info][gc,phases   ] GC(17) O: Concurrent Relocate 0.218ms
[60.605s][info][gc,alloc    ] GC(17) O:                         Mark Start        Mark End      Relocate Start    Relocate End   
[60.605s][info][gc,alloc    ] GC(17) O: Allocation Stalls:          0                0                0                0         
[60.605s][info][gc,load     ] GC(17) O: Load: 0.00 (0%) / 0.00 (0%) / 0.00 (0%)
[60.606s][info][gc,mmu      ] GC(17) O: MMU: 2ms/98.3%, 5ms/99.0%, 10ms/99.3%, 20ms/99.5%, 50ms/99.8%, 100ms/99.9%
[60.606s][info][gc,marking  ] GC(17) O: Mark: 1 stripe(s), 2 proactive flush(es), 1 terminate flush(es), 0 completion(s), 0 continuation(s) 
[60.606s][info][gc,nmethod  ] GC(17) O: NMethods: 305 registered, 11 unregistered
[60.606s][info][gc,metaspace] GC(17) O: Metaspace: 0M used, 0M committed, 1088M reserved
[60.606s][info][gc,ref      ] GC(17) O:                       Encountered   Discovered     Enqueued 
[60.606s][info][gc,ref      ] GC(17) O: Soft References:               42           25            0 
[60.606s][info][gc,ref      ] GC(17) O: Weak References:               86           39            0 
[60.606s][info][gc,ref      ] GC(17) O: Final References:               0            0            0 
[60.606s][info][gc,ref      ] GC(17) O: Phantom References:             1            1            0 
[60.606s][info][gc,reloc    ] GC(17) O:                        Candidates     Selected     In-Place         Size        Empty    Relocated 
[60.606s][info][gc,reloc    ] GC(17) O: Small Pages:                    1            0            0           2M           0M           0M 
[60.606s][info][gc,reloc    ] GC(17) O: Medium Pages:                   0            0            0           0M           0M           0M 
[60.606s][info][gc,reloc    ] GC(17) O: Large Pages:                  114            0            0         228M           0M           0M 
[60.606s][info][gc,reloc    ] GC(17) O: Forwarding Usage: 0M
[60.606s][info][gc,heap     ] GC(17) O: Min Capacity: 8M(3%)
[60.606s][info][gc,heap     ] GC(17) O: Max Capacity: 256M(100%)
[60.606s][info][gc,heap     ] GC(17) O: Soft Max Capacity: 256M(100%)
[60.606s][info][gc,heap     ] GC(17) O: Heap Statistics:
[60.606s][info][gc,heap     ] GC(17) O:                Mark Start          Mark End        Relocate Start      Relocate End           High               Low         
[60.606s][info][gc,heap     ] GC(17) O:  Capacity:      252M (98%)         252M (98%)         252M (98%)         252M (98%)         252M (98%)         252M (98%)    
[60.606s][info][gc,heap     ] GC(17) O:      Free:       12M (5%)           10M (4%)           10M (4%)           10M (4%)           12M (5%)           10M (4%)     
[60.606s][info][gc,heap     ] GC(17) O:      Used:      244M (95%)         246M (96%)         246M (96%)         246M (96%)         246M (96%)         244M (95%)    
[60.606s][info][gc,heap     ] GC(17) O: Old Generation Statistics:
[60.606s][info][gc,heap     ] GC(17) O:                Mark Start          Mark End        Relocate Start      Relocate End    
[60.606s][info][gc,heap     ] GC(17) O:      Used:      230M (90%)         242M (95%)         242M (95%)         242M (95%)    
[60.606s][info][gc,heap     ] GC(17) O:      Live:         -               229M (90%)         229M (90%)         229M (90%)    
[60.606s][info][gc,heap     ] GC(17) O:   Garbage:         -                 0M (0%)            0M (0%)            0M (0%)     
[60.606s][info][gc,heap     ] GC(17) O: Allocated:         -                12M (5%)           12M (5%)           12M (5%)     
[60.606s][info][gc,heap     ] GC(17) O: Reclaimed:         -                  -                 0M (0%)            0M (0%)     
[60.606s][info][gc,heap     ] GC(17) O: Compacted:         -                  -                  -                 0M (0%)     
[60.606s][info][gc,phases   ] GC(17) O: Old Generation 246M(96%)->246M(96%) 0.006s
[60.606s][info][gc          ] GC(17) Major Collection (Allocation Rate) 244M(95%)->246M(96%) 0.010s
[63.110s][info][gc          ] GC(18) Major Collection (Allocation Rate)
[63.110s][info][gc,task     ] GC(18) Using 2 Workers for Young Generation
[63.110s][info][gc,task     ] GC(18) Using 1 Workers for Old Generation
[63.110s][info][gc,phases   ] GC(18) Y: Young Generation
[63.110s][info][gc,phases   ] GC(18) Y: Pause Mark Start (Major) 0.010ms
[63.112s][info][gc,phases   ] GC(18) Y: Concurrent Mark 1.539ms
[63.112s][info][gc,phases   ] GC(18) Y: Pause Mark End 0.006ms
[63.112s][info][gc,phases   ] GC(18) Y: Concurrent Mark Free 0.001ms
[63.112s][info][gc,phases   ] GC(18) Y: Concurrent Reset Relocation Set 0.003ms
[63.112s][info][gc,reloc    ] GC(18) Y: Using tenuring threshold: 2 (Computed)
[63.112s][info][gc          ] Allocation Stall (main) 1.645ms
[63.112s][info][gc,phases   ] GC(18) Y: Concurrent Select Relocation Set 0.539ms
[63.112s][info][gc,phases   ] GC(18) Y: Pause Relocate Start 0.021ms
[63.113s][info][gc,phases   ] GC(18) Y: Concurrent Relocate 0.199ms
[63.113s][info][gc,alloc    ] GC(18) Y:                         Mark Start        Mark End      Relocate Start    Relocate End   
[63.113s][info][gc,alloc    ] GC(18) Y: Allocation Stalls:          0                1                0                0         
[63.113s][info][gc,load     ] GC(18) Y: Load: 0.00 (0%) / 0.00 (0%) / 0.00 (0%)
[63.113s][info][gc,mmu      ] GC(18) Y: MMU: 2ms/98.3%, 5ms/99.0%, 10ms/99.3%, 20ms/99.5%, 50ms/99.8%, 100ms/99.9%
[63.113s][info][gc,marking  ] GC(18) Y: Mark: 2 stripe(s), 2 proactive flush(es), 1 terminate flush(es), 0 completion(s), 0 continuation(s) 
[63.113s][info][gc,nmethod  ] GC(18) Y: NMethods: 307 registered, 11 unregistered
[63.113s][info][gc,metaspace] GC(18) Y: Metaspace: 0M used, 0M committed, 1088M reserved
[63.113s][info][gc,reloc    ] GC(18) Y:                        Candidates     Selected     In-Place         Size        Empty    Relocated 
[63.113s][info][gc,reloc    ] GC(18) Y: Small Pages:                    1            0            0           2M           2M           0M 
[63.113s][info][gc,reloc    ] GC(18) Y: Medium Pages:                   0            0            0           0M           0M           0M 
[63.113s][info][gc,reloc    ] GC(18) Y: Large Pages:                    6            0            0          12M           0M           0M 
[63.113s][info][gc,reloc    ] GC(18) Y: Forwarding Usage: 0M
[63.113s][info][gc,reloc    ] GC(18) Y: Age Table:
[63.113s][info][gc,reloc    ] GC(18) Y:                    Live             Garbage             Small              Medium             Large        
[63.113s][info][gc,reloc    ] GC(18) Y: Eden              10M (4%)            2M (1%)           1 / 0              0 / 0              5 / 0        
[63.113s][info][gc,reloc    ] GC(18) Y: Survivor 1         2M (1%)            0M (0%)           0 / 0              0 / 0              1 / 0        
[63.113s][info][gc,heap     ] GC(18) Y: Min Capacity: 8M(3%)
[63.113s][info][gc,heap     ] GC(18) Y: Max Capacity: 256M(100%)
[63.113s][info][gc,heap     ] GC(18) Y: Soft Max Capacity: 256M(100%)
[63.113s][info][gc,heap     ] GC(18) Y: Heap Statistics:
[63.113s][info][gc,heap     ] GC(18) Y:                Mark Start          Mark End        Relocate Start      Relocate End           High               Low         
[63.113s][info][gc,heap     ] GC(18) Y:  Capacity:      256M (100%)        256M (100%)        256M (100%)        256M (100%)        256M (100%)        256M (100%)   
[63.113s][info][gc,heap     ] GC(18) Y:      Free:        0M (0%)            0M (0%)            0M (0%)            0M (0%)            2M (1%)            0M (0%)     
[63.113s][info][gc,heap     ] GC(18) Y:      Used:      256M (100%)        256M (100%)        256M (100%)        256M (100%)        256M (100%)        254M (99%)    
[63.113s][info][gc,heap     ] GC(18) Y: Young Generation Statistics:
[63.113s][info][gc,heap     ] GC(18) Y:                Mark Start          Mark End        Relocate Start      Relocate End    
[63.113s][info][gc,heap     ] GC(18) Y:      Used:       14M (5%)           14M (5%)           14M (5%)           14M (5%)     
[63.113s][info][gc,heap     ] GC(18) Y:      Live:         -                12M (5%)           12M (5%)           12M (5%)     
[63.113s][info][gc,heap     ] GC(18) Y:   Garbage:         -                 2M (1%)            0M (0%)            0M (0%)     
[63.113s][info][gc,heap     ] GC(18) Y: Allocated:         -                 0M (0%)            2M (1%)            2M (1%)     
[63.113s][info][gc,heap     ] GC(18) Y: Reclaimed:         -                  -                 2M (1%)            2M (1%)     
[63.113s][info][gc,heap     ] GC(18) Y:  Promoted:         -                  -                 0M (0%)            0M (0%)     
[63.113s][info][gc,heap     ] GC(18) Y: Compacted:         -                  -                  -                 0M (0%)     
[63.113s][info][gc,phases   ] GC(18) Y: Young Generation 256M(100%)->256M(100%) 0.003s
[63.113s][info][gc,phases   ] GC(18) O: Old Generation
[63.113s][info][gc          ] GC(19) Minor Collection (Allocation Stall)
[63.113s][info][gc,task     ] GC(19) Using 2 Workers for Young Generation
[63.113s][info][gc,phases   ] GC(19) y: Young Generation
[63.114s][info][gc,phases   ] GC(19) y: Pause Mark Start 0.005ms
[63.116s][info][gc,phases   ] GC(19) y: Concurrent Mark 2.281ms
[63.116s][info][gc,phases   ] GC(19) y: Pause Mark End 0.005ms
[63.116s][info][gc,phases   ] GC(19) y: Concurrent Mark Free 0.001ms
[63.116s][info][gc,phases   ] GC(19) y: Concurrent Reset Relocation Set 0.000ms
[63.116s][info][gc,reloc    ] GC(19) y: Using tenuring threshold: 1 (Computed)
[63.117s][info][gc,phases   ] GC(19) y: Concurrent Select Relocation Set 0.841ms
[63.117s][info][gc,phases   ] GC(19) y: Pause Relocate Start 0.004ms
[63.118s][info][gc,phases   ] GC(19) y: Concurrent Relocate 0.356ms
[63.118s][info][gc,alloc    ] GC(19) y:                         Mark Start        Mark End      Relocate Start    Relocate End   
[63.118s][info][gc,alloc    ] GC(19) y: Allocation Stalls:          0                1                1                1         
[63.118s][info][gc,load     ] GC(19) y: Load: 0.00 (0%) / 0.00 (0%) / 0.00 (0%)
[63.118s][info][gc,mmu      ] GC(19) y: MMU: 2ms/98.3%, 5ms/99.0%, 10ms/99.3%, 20ms/99.5%, 50ms/99.8%, 100ms/99.9%
[63.118s][info][gc,marking  ] GC(19) y: Mark: 2 stripe(s), 2 proactive flush(es), 1 terminate flush(es), 0 completion(s), 0 continuation(s) 
[63.118s][info][gc,nmethod  ] GC(19) y: NMethods: 307 registered, 11 unregistered
[63.118s][info][gc,metaspace] GC(19) y: Metaspace: 0M used, 0M committed, 1088M reserved
[63.118s][info][gc,reloc    ] GC(19) y:                        Candidates     Selected     In-Place         Size        Empty    Relocated 
[63.118s][info][gc,reloc    ] GC(19) y: Small Pages:                    1            0            0           2M           0M           0M 
[63.118s][info][gc,reloc    ] GC(19) y: Medium Pages:                   0            0            0           0M           0M           0M 
[63.118s][info][gc,reloc    ] GC(19) y: Large Pages:                    6            0            0          12M           0M           0M 
[63.118s][info][gc,reloc    ] GC(19) y: Forwarding Usage: 0M
[63.118s][info][gc,reloc    ] GC(19) y: Age Table:
[63.118s][info][gc,reloc    ] GC(19) y:                    Live             Garbage             Small              Medium             Large        
[63.118s][info][gc,reloc    ] GC(19) y: Eden               0M (0%)            1M (1%)           1 / 0              0 / 0              0 / 0        
[63.118s][info][gc,reloc    ] GC(19) y: Survivor 1        10M (4%)            0M (0%)           0 / 0              0 / 0              5 / 0        
[63.118s][info][gc,reloc    ] GC(19) y: Survivor 2         2M (1%)            0M (0%)           0 / 0              0 / 0              1 / 0        
[63.118s][info][gc,heap     ] GC(19) y: Min Capacity: 8M(3%)
[63.118s][info][gc,heap     ] GC(19) y: Max Capacity: 256M(100%)
[63.118s][info][gc,heap     ] GC(19) y: Soft Max Capacity: 256M(100%)
[63.118s][info][gc,heap     ] GC(19) y: Heap Statistics:
[63.118s][info][gc,heap     ] GC(19) y:                Mark Start          Mark End        Relocate Start      Relocate End           High               Low         
[63.118s][info][gc,heap     ] GC(19) y:  Capacity:      256M (100%)        256M (100%)        256M (100%)        256M (100%)        256M (100%)        256M (100%)   
[63.118s][info][gc,heap     ] GC(19) y:      Free:        0M (0%)            0M (0%)            0M (0%)            0M (0%)            0M (0%)            0M (0%)     
[63.118s][info][gc,heap     ] GC(19) y:      Used:      256M (100%)        256M (100%)        256M (100%)        256M (100%)        256M (100%)        256M (100%)   
[63.118s][info][gc,heap     ] GC(19) y: Young Generation Statistics:
[63.118s][info][gc,heap     ] GC(19) y:                Mark Start          Mark End        Relocate Start      Relocate End    
[63.118s][info][gc,heap     ] GC(19) y:      Used:       14M (5%)           14M (5%)            2M (1%)            2M (1%)     
[63.118s][info][gc,heap     ] GC(19) y:      Live:         -                12M (5%)            0M (0%)            0M (0%)     
[63.118s][info][gc,heap     ] GC(19) y:   Garbage:         -                 1M (1%)            1M (1%)            1M (1%)     
[63.118s][info][gc,heap     ] GC(19) y: Allocated:         -                 0M (0%)            0M (0%)            0M (0%)     
[63.118s][info][gc,heap     ] GC(19) y: Reclaimed:         -                  -                 0M (0%)            0M (0%)     
[63.118s][info][gc,heap     ] GC(19) y:  Promoted:         -                  -                12M (5%)           12M (5%)     
[63.118s][info][gc,heap     ] GC(19) y: Compacted:         -                  -                  -                 0M (0%)     
[63.118s][info][gc,phases   ] GC(19) y: Young Generation 256M(100%)->256M(100%) 0.004s
[63.118s][info][gc          ] GC(19) Minor Collection (Allocation Stall) 256M(100%)->256M(100%) 0.005s
[63.118s][info][gc          ] GC(20) Minor Collection (Allocation Stall)
[63.118s][info][gc,task     ] GC(20) Using 2 Workers for Young Generation
[63.118s][info][gc,phases   ] GC(20) y: Young Generation
[63.119s][info][gc,phases   ] GC(20) y: Pause Mark Start 0.004ms
[63.119s][info][gc,phases   ] GC(18) O: Concurrent Mark 5.577ms
[63.119s][info][gc,phases   ] GC(18) O: Pause Mark End 0.006ms
[63.119s][info][gc,phases   ] GC(18) O: Concurrent Mark Free 0.001ms
[63.120s][info][gc,phases   ] GC(18) O: Concurrent Process Non-Strong 1.266ms
[63.121s][info][gc,phases   ] GC(18) O: Concurrent Reset Relocation Set 0.000ms
[63.121s][info][gc,phases   ] GC(18) O: Concurrent Select Relocation Set 0.121ms
[63.121s][info][gc,phases   ] GC(20) y: Concurrent Mark 2.158ms
[63.121s][info][gc,phases   ] GC(20) y: Pause Mark End 0.004ms
[63.121s][info][gc,phases   ] GC(20) y: Concurrent Mark Free 0.001ms
[63.121s][info][gc,phases   ] GC(20) y: Concurrent Reset Relocation Set 0.002ms
[63.121s][info][gc,reloc    ] GC(20) y: Using tenuring threshold: 2 (Computed)
[63.121s][info][gc,phases   ] GC(20) y: Concurrent Select Relocation Set 0.325ms
[63.121s][info][gc,phases   ] GC(20) y: Pause Relocate Start 0.003ms
[63.122s][info][gc,phases   ] GC(20) y: Concurrent Relocate 0.226ms
[63.122s][info][gc,alloc    ] GC(20) y:                         Mark Start        Mark End      Relocate Start    Relocate End   
[63.122s][info][gc,alloc    ] GC(20) y: Allocation Stalls:          1                1                1                1         
[63.122s][info][gc,load     ] GC(20) y: Load: 0.00 (0%) / 0.00 (0%) / 0.00 (0%)
[63.122s][info][gc,mmu      ] GC(20) y: MMU: 2ms/98.3%, 5ms/99.0%, 10ms/99.3%, 20ms/99.5%, 50ms/99.8%, 100ms/99.9%
[63.122s][info][gc,marking  ] GC(20) y: Mark: 2 stripe(s), 2 proactive flush(es), 1 terminate flush(es), 0 completion(s), 0 continuation(s) 
[63.122s][info][gc,nmethod  ] GC(20) y: NMethods: 307 registered, 11 unregistered
[63.122s][info][gc,metaspace] GC(20) y: Metaspace: 0M used, 0M committed, 1088M reserved
[63.122s][info][gc,reloc    ] GC(20) y:                        Candidates     Selected     In-Place         Size        Empty    Relocated 
[63.122s][info][gc,reloc    ] GC(20) y: Small Pages:                    1            0            0           2M           0M           0M 
[63.122s][info][gc,reloc    ] GC(20) y: Medium Pages:                   0            0            0           0M           0M           0M 
[63.122s][info][gc,reloc    ] GC(20) y: Large Pages:                    0            0            0           0M           0M           0M 
[63.122s][info][gc,reloc    ] GC(20) y: Forwarding Usage: 0M
[63.122s][info][gc,reloc    ] GC(20) y: Age Table:
[63.122s][info][gc,reloc    ] GC(20) y:                    Live             Garbage             Small              Medium             Large        
[63.122s][info][gc,reloc    ] GC(20) y: Eden                -                 0M (0%)           0 / 0              0 / 0              0 / 0        
[63.122s][info][gc,reloc    ] GC(20) y: Survivor 1         0M (0%)            1M (1%)           1 / 0              0 / 0              0 / 0        
[63.122s][info][gc,heap     ] GC(20) y: Min Capacity: 8M(3%)
[63.122s][info][gc,heap     ] GC(20) y: Max Capacity: 256M(100%)
[63.122s][info][gc,heap     ] GC(20) y: Soft Max Capacity: 256M(100%)
[63.122s][info][gc,heap     ] GC(20) y: Heap Statistics:
[63.122s][info][gc,heap     ] GC(20) y:                Mark Start          Mark End        Relocate Start      Relocate End           High               Low         
[63.122s][info][gc,heap     ] GC(20) y:  Capacity:      256M (100%)        256M (100%)        256M (100%)        256M (100%)        256M (100%)        256M (100%)   
[63.122s][info][gc,heap     ] GC(20) y:      Free:        0M (0%)            0M (0%)            0M (0%)            0M (0%)            0M (0%)            0M (0%)     
[63.122s][info][gc,heap     ] GC(20) y:      Used:      256M (100%)        256M (100%)        256M (100%)        256M (100%)        256M (100%)        256M (100%)   
[63.122s][info][gc,heap     ] GC(20) y: Young Generation Statistics:
[63.122s][info][gc,heap     ] GC(20) y:                Mark Start          Mark End        Relocate Start      Relocate End    
[63.122s][info][gc,heap     ] GC(20) y:      Used:        2M (1%)            2M (1%)            2M (1%)            2M (1%)     
[63.122s][info][gc,heap     ] GC(20) y:      Live:         -                 0M (0%)            0M (0%)            0M (0%)     
[63.122s][info][gc,heap     ] GC(20) y:   Garbage:         -                 1M (1%)            1M (1%)            1M (1%)     
[63.122s][info][gc,heap     ] GC(20) y: Allocated:         -                 0M (0%)            0M (0%)            0M (0%)     
[63.122s][info][gc,heap     ] GC(20) y: Reclaimed:         -                  -                 0M (0%)            0M (0%)     
[63.122s][info][gc,heap     ] GC(20) y:  Promoted:         -                  -                 0M (0%)            0M (0%)     
[63.122s][info][gc,heap     ] GC(20) y: Compacted:         -                  -                  -                 0M (0%)     
[63.122s][info][gc,phases   ] GC(20) y: Young Generation 256M(100%)->256M(100%) 0.003s
[63.122s][info][gc          ] GC(20) Minor Collection (Allocation Stall) 256M(100%)->256M(100%) 0.004s
[63.122s][info][gc,task     ] GC(18) O: Using 2 Workers for Old Generation
[63.123s][info][gc,task     ] GC(18) O: Using 1 Workers for Old Generation
[63.123s][info][gc,phases   ] GC(18) O: Concurrent Remap Roots 0.598ms
[63.123s][info][gc,phases   ] GC(18) O: Pause Relocate Start 0.003ms
[63.123s][info][gc,phases   ] GC(18) O: Concurrent Relocate 0.184ms
[63.123s][info][gc,alloc    ] GC(18) O:                         Mark Start        Mark End      Relocate Start    Relocate End   
[63.123s][info][gc,alloc    ] GC(18) O: Allocation Stalls:          0                1                1                1         
[63.123s][info][gc,load     ] GC(18) O: Load: 0.00 (0%) / 0.00 (0%) / 0.00 (0%)
[63.123s][info][gc,mmu      ] GC(18) O: MMU: 2ms/98.3%, 5ms/99.0%, 10ms/99.3%, 20ms/99.5%, 50ms/99.8%, 100ms/99.9%
[63.123s][info][gc,marking  ] GC(18) O: Mark: 1 stripe(s), 2 proactive flush(es), 1 terminate flush(es), 0 completion(s), 0 continuation(s) 
[63.123s][info][gc,nmethod  ] GC(18) O: NMethods: 307 registered, 11 unregistered
[63.123s][info][gc,metaspace] GC(18) O: Metaspace: 0M used, 0M committed, 1088M reserved
[63.123s][info][gc,ref      ] GC(18) O:                       Encountered   Discovered     Enqueued 
[63.123s][info][gc,ref      ] GC(18) O: Soft References:               42           25            0 
[63.123s][info][gc,ref      ] GC(18) O: Weak References:               86           39            0 
[63.123s][info][gc,ref      ] GC(18) O: Final References:               0            0            0 
[63.123s][info][gc,ref      ] GC(18) O: Phantom References:             1            1            0 
[63.123s][info][gc,reloc    ] GC(18) O:                        Candidates     Selected     In-Place         Size        Empty    Relocated 
[63.123s][info][gc,reloc    ] GC(18) O: Small Pages:                    1            0            0           2M           0M           0M 
[63.123s][info][gc,reloc    ] GC(18) O: Medium Pages:                   0            0            0           0M           0M           0M 
[63.123s][info][gc,reloc    ] GC(18) O: Large Pages:                  120            0            0         240M           0M           0M 
[63.123s][info][gc,reloc    ] GC(18) O: Forwarding Usage: 0M
[63.123s][info][gc,heap     ] GC(18) O: Min Capacity: 8M(3%)
[63.123s][info][gc,heap     ] GC(18) O: Max Capacity: 256M(100%)
[63.123s][info][gc,heap     ] GC(18) O: Soft Max Capacity: 256M(100%)
[63.123s][info][gc,heap     ] GC(18) O: Heap Statistics:
[63.123s][info][gc,heap     ] GC(18) O:                Mark Start          Mark End        Relocate Start      Relocate End           High               Low         
[63.123s][info][gc,heap     ] GC(18) O:  Capacity:      256M (100%)        256M (100%)        256M (100%)        256M (100%)        256M (100%)        256M (100%)   
[63.123s][info][gc,heap     ] GC(18) O:      Free:        0M (0%)            0M (0%)            0M (0%)            0M (0%)            2M (1%)            0M (0%)     
[63.123s][info][gc,heap     ] GC(18) O:      Used:      256M (100%)        256M (100%)        256M (100%)        256M (100%)        256M (100%)        254M (99%)    
[63.123s][info][gc,heap     ] GC(18) O: Old Generation Statistics:
[63.123s][info][gc,heap     ] GC(18) O:                Mark Start          Mark End        Relocate Start      Relocate End    
[63.123s][info][gc,heap     ] GC(18) O:      Used:      242M (95%)         254M (99%)         254M (99%)         254M (99%)    
[63.123s][info][gc,heap     ] GC(18) O:      Live:         -               241M (94%)         241M (94%)         241M (94%)    
[63.123s][info][gc,heap     ] GC(18) O:   Garbage:         -                 0M (0%)            0M (0%)            0M (0%)     
[63.123s][info][gc,heap     ] GC(18) O: Allocated:         -                12M (5%)           12M (5%)           12M (5%)     
[63.123s][info][gc,heap     ] GC(18) O: Reclaimed:         -                  -                 0M (0%)            0M (0%)     
[63.123s][info][gc,heap     ] GC(18) O: Compacted:         -                  -                  -                 0M (0%)     
[63.123s][info][gc,phases   ] GC(18) O: Old Generation 256M(100%)->256M(100%) 0.010s
[63.123s][info][gc          ] GC(18) Major Collection (Allocation Rate) 256M(100%)->256M(100%) 0.014s
[63.123s][info][gc          ] GC(21) Major Collection (Allocation Stall)
[63.123s][info][gc,task     ] GC(21) Using 2 Workers for Young Generation
[63.123s][info][gc,task     ] GC(21) Using 2 Workers for Old Generation
[63.123s][info][gc,phases   ] GC(21) Y: Young Generation (Promote All)
[63.123s][info][gc,phases   ] GC(21) Y: Pause Mark Start 0.004ms
[63.124s][info][gc,phases   ] GC(21) Y: Concurrent Mark 0.866ms
[63.124s][info][gc,phases   ] GC(21) Y: Pause Mark End 0.003ms
[63.124s][info][gc,phases   ] GC(21) Y: Concurrent Mark Free 0.001ms
[63.124s][info][gc,phases   ] GC(21) Y: Concurrent Reset Relocation Set 0.000ms
[63.124s][info][gc,reloc    ] GC(21) Y: Using tenuring threshold: 0 (Promote All)
[63.125s][info][gc,phases   ] GC(21) Y: Concurrent Select Relocation Set 0.353ms
[63.125s][info][gc,phases   ] GC(21) Y: Pause Relocate Start 0.003ms
[63.125s][info][gc,phases   ] GC(21) Y: Concurrent Relocate 0.234ms
[63.125s][info][gc,alloc    ] GC(21) Y:                         Mark Start        Mark End      Relocate Start    Relocate End   
[63.125s][info][gc,alloc    ] GC(21) Y: Allocation Stalls:          1                1                1                1         
[63.125s][info][gc,load     ] GC(21) Y: Load: 0.00 (0%) / 0.00 (0%) / 0.00 (0%)
[63.125s][info][gc,mmu      ] GC(21) Y: MMU: 2ms/98.3%, 5ms/99.0%, 10ms/99.3%, 20ms/99.5%, 50ms/99.8%, 100ms/99.9%
[63.125s][info][gc,marking  ] GC(21) Y: Mark: 2 stripe(s), 1 proactive flush(es), 1 terminate flush(es), 0 completion(s), 0 continuation(s) 
[63.125s][info][gc,nmethod  ] GC(21) Y: NMethods: 307 registered, 11 unregistered
[63.125s][info][gc,metaspace] GC(21) Y: Metaspace: 0M used, 0M committed, 1088M reserved
[63.125s][info][gc,reloc    ] GC(21) Y:                        Candidates     Selected     In-Place         Size        Empty    Relocated 
[63.125s][info][gc,reloc    ] GC(21) Y: Small Pages:                    1            0            0           2M           0M           0M 
[63.125s][info][gc,reloc    ] GC(21) Y: Medium Pages:                   0            0            0           0M           0M           0M 
[63.125s][info][gc,reloc    ] GC(21) Y: Large Pages:                    0            0            0           0M           0M           0M 
[63.125s][info][gc,reloc    ] GC(21) Y: Forwarding Usage: 0M
[63.125s][info][gc,reloc    ] GC(21) Y: Age Table:
[63.125s][info][gc,reloc    ] GC(21) Y:                    Live             Garbage             Small              Medium             Large        
[63.125s][info][gc,reloc    ] GC(21) Y: Eden                -                 0M (0%)           0 / 0              0 / 0              0 / 0        
[63.125s][info][gc,reloc    ] GC(21) Y: Survivor 1          -                 0M (0%)           0 / 0              0 / 0              0 / 0        
[63.125s][info][gc,reloc    ] GC(21) Y: Survivor 2         0M (0%)            1M (1%)           1 / 0              0 / 0              0 / 0        
[63.125s][info][gc,heap     ] GC(21) Y: Min Capacity: 8M(3%)
[63.125s][info][gc,heap     ] GC(21) Y: Max Capacity: 256M(100%)
[63.125s][info][gc,heap     ] GC(21) Y: Soft Max Capacity: 256M(100%)
[63.125s][info][gc,heap     ] GC(21) Y: Heap Statistics:
[63.125s][info][gc,heap     ] GC(21) Y:                Mark Start          Mark End        Relocate Start      Relocate End           High               Low         
[63.125s][info][gc,heap     ] GC(21) Y:  Capacity:      256M (100%)        256M (100%)        256M (100%)        256M (100%)        256M (100%)        256M (100%)   
[63.125s][info][gc,heap     ] GC(21) Y:      Free:        0M (0%)            0M (0%)            0M (0%)            0M (0%)            0M (0%)            0M (0%)     
[63.125s][info][gc,heap     ] GC(21) Y:      Used:      256M (100%)        256M (100%)        256M (100%)        256M (100%)        256M (100%)        256M (100%)   
[63.125s][info][gc,heap     ] GC(21) Y: Young Generation Statistics:
[63.125s][info][gc,heap     ] GC(21) Y:                Mark Start          Mark End        Relocate Start      Relocate End    
[63.125s][info][gc,heap     ] GC(21) Y:      Used:        2M (1%)            2M (1%)            0M (0%)            0M (0%)     
[63.125s][info][gc,heap     ] GC(21) Y:      Live:         -                 0M (0%)            0M (0%)            0M (0%)     
[63.125s][info][gc,heap     ] GC(21) Y:   Garbage:         -                 1M (1%)            0M (0%)            0M (0%)     
[63.125s][info][gc,heap     ] GC(21) Y: Allocated:         -                 0M (0%)            0M (0%)            0M (0%)     
[63.125s][info][gc,heap     ] GC(21) Y: Reclaimed:         -                  -                 1M (1%)            1M (1%)     
[63.125s][info][gc,heap     ] GC(21) Y:  Promoted:         -                  -                 0M (0%)            0M (0%)     
[63.126s][info][gc,heap     ] GC(21) Y: Compacted:         -                  -                  -                 0M (0%)     
[63.126s][info][gc,phases   ] GC(21) Y: Young Generation (Promote All) 256M(100%)->256M(100%) 0.002s
[63.126s][info][gc,phases   ] GC(21) Y: Young Generation (Collect Roots)
[63.126s][info][gc,phases   ] GC(21) Y: Pause Mark Start (Major) 0.005ms
[63.127s][info][gc,phases   ] GC(21) Y: Concurrent Mark 0.880ms
[63.127s][info][gc,phases   ] GC(21) Y: Pause Mark End 0.003ms
[63.127s][info][gc,phases   ] GC(21) Y: Concurrent Mark Free 0.000ms
[63.127s][info][gc,phases   ] GC(21) Y: Concurrent Reset Relocation Set 0.002ms
[63.127s][info][gc,reloc    ] GC(21) Y: Using tenuring threshold: 0 (Computed)
[63.127s][info][gc,phases   ] GC(21) Y: Concurrent Select Relocation Set 0.263ms
[63.127s][info][gc,phases   ] GC(21) Y: Pause Relocate Start 0.003ms
[63.127s][info][gc,phases   ] GC(21) Y: Concurrent Relocate 0.117ms
[63.127s][info][gc,alloc    ] GC(21) Y:                         Mark Start        Mark End      Relocate Start    Relocate End   
[63.127s][info][gc,alloc    ] GC(21) Y: Allocation Stalls:          1                1                1                1         
[63.127s][info][gc,load     ] GC(21) Y: Load: 0.00 (0%) / 0.00 (0%) / 0.00 (0%)
[63.127s][info][gc,mmu      ] GC(21) Y: MMU: 2ms/98.3%, 5ms/99.0%, 10ms/99.3%, 20ms/99.5%, 50ms/99.8%, 100ms/99.9%
[63.127s][info][gc,marking  ] GC(21) Y: Mark: 2 stripe(s), 1 proactive flush(es), 1 terminate flush(es), 0 completion(s), 0 continuation(s) 
[63.127s][info][gc,nmethod  ] GC(21) Y: NMethods: 307 registered, 11 unregistered
[63.127s][info][gc,metaspace] GC(21) Y: Metaspace: 0M used, 0M committed, 1088M reserved
[63.127s][info][gc,heap     ] GC(21) Y: Min Capacity: 8M(3%)
[63.127s][info][gc,heap     ] GC(21) Y: Max Capacity: 256M(100%)
[63.127s][info][gc,heap     ] GC(21) Y: Soft Max Capacity: 256M(100%)
[63.127s][info][gc,heap     ] GC(21) Y: Heap Statistics:
[63.127s][info][gc,heap     ] GC(21) Y:                Mark Start          Mark End        Relocate Start      Relocate End           High               Low         
[63.127s][info][gc,heap     ] GC(21) Y:  Capacity:      256M (100%)        256M (100%)        256M (100%)        256M (100%)        256M (100%)        256M (100%)   
[63.127s][info][gc,heap     ] GC(21) Y:      Free:        0M (0%)            0M (0%)            0M (0%)            0M (0%)            0M (0%)            0M (0%)     
[63.127s][info][gc,heap     ] GC(21) Y:      Used:      256M (100%)        256M (100%)        256M (100%)        256M (100%)        256M (100%)        256M (100%)   
[63.127s][info][gc,heap     ] GC(21) Y: Young Generation Statistics:
[63.127s][info][gc,heap     ] GC(21) Y:                Mark Start          Mark End        Relocate Start      Relocate End    
[63.127s][info][gc,heap     ] GC(21) Y:      Used:        0M (0%)            0M (0%)            0M (0%)            0M (0%)     
[63.127s][info][gc,heap     ] GC(21) Y:      Live:         -                 0M (0%)            0M (0%)            0M (0%)     
[63.127s][info][gc,heap     ] GC(21) Y:   Garbage:         -                 0M (0%)            0M (0%)            0M (0%)     
[63.127s][info][gc,heap     ] GC(21) Y: Allocated:         -                 0M (0%)            0M (0%)            0M (0%)     
[63.127s][info][gc,heap     ] GC(21) Y: Reclaimed:         -                  -                 0M (0%)            0M (0%)     
[63.127s][info][gc,heap     ] GC(21) Y:  Promoted:         -                  -                 0M (0%)            0M (0%)     
[63.127s][info][gc,heap     ] GC(21) Y: Compacted:         -                  -                  -                 0M (0%)     
[63.127s][info][gc,phases   ] GC(21) Y: Young Generation (Collect Roots) 256M(100%)->256M(100%) 0.002s
[63.127s][info][gc,phases   ] GC(21) O: Old Generation
[63.129s][info][gc,phases   ] GC(21) O: Concurrent Mark 1.377ms
[63.129s][info][gc,phases   ] GC(21) O: Pause Mark End 0.004ms
[63.129s][info][gc,phases   ] GC(21) O: Concurrent Mark Free 0.002ms
[63.129s][info][gc,ref      ] GC(21) O: Clearing All SoftReferences
[63.129s][info][gc,phases   ] GC(21) O: Concurrent Process Non-Strong 0.509ms
[63.129s][info][gc,phases   ] GC(21) O: Concurrent Reset Relocation Set 0.000ms
[63.130s][info][gc,phases   ] GC(21) O: Concurrent Select Relocation Set 0.368ms
[63.130s][info][gc,task     ] GC(21) O: Using 2 Workers for Old Generation
[63.131s][info][gc,task     ] GC(21) O: Using 2 Workers for Old Generation
[63.131s][info][gc,phases   ] GC(21) O: Concurrent Remap Roots 0.806ms
[63.131s][info][gc,phases   ] GC(21) O: Pause Relocate Start 0.005ms
[63.132s][info][gc,phases   ] GC(21) O: Concurrent Relocate 1.230ms
[63.132s][info][gc,alloc    ] GC(21) O:                         Mark Start        Mark End      Relocate Start    Relocate End   
[63.132s][info][gc,alloc    ] GC(21) O: Allocation Stalls:          1                1                1                1         
[63.132s][info][gc,load     ] GC(21) O: Load: 0.00 (0%) / 0.00 (0%) / 0.00 (0%)
[63.132s][info][gc,mmu      ] GC(21) O: MMU: 2ms/98.3%, 5ms/99.0%, 10ms/99.3%, 20ms/99.5%, 50ms/99.8%, 100ms/99.9%
[63.132s][info][gc,marking  ] GC(21) O: Mark: 2 stripe(s), 1 proactive flush(es), 1 terminate flush(es), 0 completion(s), 0 continuation(s) 
[63.132s][info][gc,nmethod  ] GC(21) O: NMethods: 307 registered, 11 unregistered
[63.132s][info][gc,metaspace] GC(21) O: Metaspace: 0M used, 0M committed, 1088M reserved
[63.132s][info][gc,ref      ] GC(21) O:                       Encountered   Discovered     Enqueued 
[63.132s][info][gc,ref      ] GC(21) O: Soft References:               42           17            0 
[63.132s][info][gc,ref      ] GC(21) O: Weak References:               86           46            0 
[63.132s][info][gc,ref      ] GC(21) O: Final References:               0            0            0 
[63.132s][info][gc,ref      ] GC(21) O: Phantom References:             1            0            0 
[63.132s][info][gc,reloc    ] GC(21) O:                        Candidates     Selected     In-Place         Size        Empty    Relocated 
[63.132s][info][gc,reloc    ] GC(21) O: Small Pages:                    2            1            2           4M           0M           1M 
[63.132s][info][gc,reloc    ] GC(21) O: Medium Pages:                   0            0            0           0M           0M           0M 
[63.132s][info][gc,reloc    ] GC(21) O: Large Pages:                  126            0            0         252M           0M           0M 
[63.132s][info][gc,reloc    ] GC(21) O: Forwarding Usage: 0M
[63.132s][info][gc,heap     ] GC(21) O: Min Capacity: 8M(3%)
[63.132s][info][gc,heap     ] GC(21) O: Max Capacity: 256M(100%)
[63.132s][info][gc,heap     ] GC(21) O: Soft Max Capacity: 256M(100%)
[63.132s][info][gc,heap     ] GC(21) O: Heap Statistics:
[63.132s][info][gc,heap     ] GC(21) O:                Mark Start          Mark End        Relocate Start      Relocate End           High               Low         
[63.132s][info][gc,heap     ] GC(21) O:  Capacity:      256M (100%)        256M (100%)        256M (100%)        256M (100%)        256M (100%)        256M (100%)   
[63.132s][info][gc,heap     ] GC(21) O:      Free:        0M (0%)            0M (0%)            0M (0%)            0M (0%)            0M (0%)            0M (0%)     
[63.132s][info][gc,heap     ] GC(21) O:      Used:      256M (100%)        256M (100%)        256M (100%)        256M (100%)        256M (100%)        256M (100%)   
[63.132s][info][gc,heap     ] GC(21) O: Old Generation Statistics:
[63.132s][info][gc,heap     ] GC(21) O:                Mark Start          Mark End        Relocate Start      Relocate End    
[63.132s][info][gc,heap     ] GC(21) O:      Used:      256M (100%)        256M (100%)        256M (100%)        256M (100%)   
[63.132s][info][gc,heap     ] GC(21) O:      Live:         -               253M (99%)         253M (99%)         253M (99%)    
[63.132s][info][gc,heap     ] GC(21) O:   Garbage:         -                 2M (1%)            2M (1%)            0M (0%)     
[63.132s][info][gc,heap     ] GC(21) O: Allocated:         -                 0M (0%)            0M (0%)            2M (1%)     
[63.132s][info][gc,heap     ] GC(21) O: Reclaimed:         -                  -                 0M (0%)            2M (1%)     
[63.132s][info][gc,heap     ] GC(21) O: Compacted:         -                  -                  -                 1M (1%)     
[63.132s][info][gc,phases   ] GC(21) O: Old Generation 256M(100%)->256M(100%) 0.005s
[63.132s][info][gc          ] GC(21) Major Collection (Allocation Stall) 256M(100%)->256M(100%) 0.009s
[63.132s][info][gc          ] Allocation Stall (main) 18.635ms
[63.132s][info][gc          ] GC(22) Minor Collection (Allocation Stall)
[63.132s][info][gc,task     ] GC(22) Using 2 Workers for Young Generation
[63.132s][info][gc,phases   ] GC(22) y: Young Generation
[63.132s][info][gc,phases   ] GC(22) y: Pause Mark Start 0.005ms
[63.134s][info][gc,phases   ] GC(22) y: Concurrent Mark 1.256ms
[63.134s][info][gc,phases   ] GC(22) y: Pause Mark End 0.005ms
[63.134s][info][gc,phases   ] GC(22) y: Concurrent Mark Free 0.001ms
[63.134s][info][gc,phases   ] GC(22) y: Concurrent Reset Relocation Set 0.000ms
[63.134s][info][gc,reloc    ] GC(22) y: Using tenuring threshold: 0 (Computed)
[63.134s][info][gc,phases   ] GC(22) y: Concurrent Select Relocation Set 0.490ms
[63.135s][info][gc,phases   ] GC(22) y: Pause Relocate Start 0.006ms
[63.135s][info][gc,phases   ] GC(22) y: Concurrent Relocate 0.380ms
[63.135s][info][gc,alloc    ] GC(22) y:                         Mark Start        Mark End      Relocate Start    Relocate End   
[63.135s][info][gc,alloc    ] GC(22) y: Allocation Stalls:          1                1                1                1         
[63.135s][info][gc,load     ] GC(22) y: Load: 0.00 (0%) / 0.00 (0%) / 0.00 (0%)
[63.135s][info][gc,mmu      ] GC(22) y: MMU: 2ms/98.3%, 5ms/99.0%, 10ms/99.3%, 20ms/99.5%, 50ms/99.8%, 100ms/99.9%
[63.135s][info][gc,marking  ] GC(22) y: Mark: 2 stripe(s), 1 proactive flush(es), 1 terminate flush(es), 0 completion(s), 0 continuation(s) 
[63.135s][info][gc,nmethod  ] GC(22) y: NMethods: 307 registered, 11 unregistered
[63.135s][info][gc,metaspace] GC(22) y: Metaspace: 0M used, 0M committed, 1088M reserved
[63.135s][info][gc,heap     ] GC(22) y: Min Capacity: 8M(3%)
[63.135s][info][gc,heap     ] GC(22) y: Max Capacity: 256M(100%)
[63.135s][info][gc,heap     ] GC(22) y: Soft Max Capacity: 256M(100%)
[63.135s][info][gc,heap     ] GC(22) y: Heap Statistics:
[63.135s][info][gc,heap     ] GC(22) y:                Mark Start          Mark End        Relocate Start      Relocate End           High               Low         
[63.135s][info][gc,heap     ] GC(22) y:  Capacity:      256M (100%)        256M (100%)        256M (100%)        256M (100%)        256M (100%)        256M (100%)   
[63.135s][info][gc,heap     ] GC(22) y:      Free:        0M (0%)            0M (0%)            0M (0%)            0M (0%)            0M (0%)            0M (0%)     
[63.135s][info][gc,heap     ] GC(22) y:      Used:      256M (100%)        256M (100%)        256M (100%)        256M (100%)        256M (100%)        256M (100%)   
[63.135s][info][gc,heap     ] GC(22) y: Young Generation Statistics:
[63.135s][info][gc,heap     ] GC(22) y:                Mark Start          Mark End        Relocate Start      Relocate End    
[63.135s][info][gc,heap     ] GC(22) y:      Used:        0M (0%)            0M (0%)            0M (0%)            0M (0%)     
[63.135s][info][gc,heap     ] GC(22) y:      Live:         -                 0M (0%)            0M (0%)            0M (0%)     
[63.135s][info][gc,heap     ] GC(22) y:   Garbage:         -                 0M (0%)            0M (0%)            0M (0%)     
[63.135s][info][gc,heap     ] GC(22) y: Allocated:         -                 0M (0%)            0M (0%)            0M (0%)     
[63.135s][info][gc,heap     ] GC(22) y: Reclaimed:         -                  -                 0M (0%)            0M (0%)     
[63.135s][info][gc,heap     ] GC(22) y:  Promoted:         -                  -                 0M (0%)            0M (0%)     
[63.136s][info][gc,heap     ] GC(22) y: Compacted:         -                  -                  -                 0M (0%)     
[63.136s][info][gc,phases   ] GC(22) y: Young Generation 256M(100%)->256M(100%) 0.003s
[63.136s][info][gc          ] GC(22) Minor Collection (Allocation Stall) 256M(100%)->256M(100%) 0.003s
[63.136s][info][gc          ] GC(23) Major Collection (Allocation Stall)
[63.136s][info][gc,task     ] GC(23) Using 2 Workers for Young Generation
[63.136s][info][gc,task     ] GC(23) Using 2 Workers for Old Generation
[63.136s][info][gc,phases   ] GC(23) Y: Young Generation (Promote All)
[63.136s][info][gc,phases   ] GC(23) Y: Pause Mark Start 0.005ms
[63.138s][info][gc,phases   ] GC(23) Y: Concurrent Mark 2.293ms
[63.138s][info][gc,phases   ] GC(23) Y: Pause Mark End 0.013ms
[63.138s][info][gc,phases   ] GC(23) Y: Concurrent Mark Free 0.001ms
[63.138s][info][gc,phases   ] GC(23) Y: Concurrent Reset Relocation Set 0.000ms
[63.138s][info][gc,reloc    ] GC(23) Y: Using tenuring threshold: 0 (Promote All)
[63.139s][info][gc,phases   ] GC(23) Y: Concurrent Select Relocation Set 0.537ms
[63.139s][info][gc,phases   ] GC(23) Y: Pause Relocate Start 0.010ms
[63.140s][info][gc,phases   ] GC(23) Y: Concurrent Relocate 0.339ms
[63.140s][info][gc,alloc    ] GC(23) Y:                         Mark Start        Mark End      Relocate Start    Relocate End   
[63.140s][info][gc,alloc    ] GC(23) Y: Allocation Stalls:          1                1                1                1         
[63.140s][info][gc,load     ] GC(23) Y: Load: 0.00 (0%) / 0.00 (0%) / 0.00 (0%)
[63.140s][info][gc,mmu      ] GC(23) Y: MMU: 2ms/98.3%, 5ms/99.0%, 10ms/99.3%, 20ms/99.5%, 50ms/99.7%, 100ms/99.9%
[63.140s][info][gc,marking  ] GC(23) Y: Mark: 2 stripe(s), 1 proactive flush(es), 1 terminate flush(es), 0 completion(s), 0 continuation(s) 
[63.140s][info][gc,nmethod  ] GC(23) Y: NMethods: 307 registered, 11 unregistered
[63.140s][info][gc,metaspace] GC(23) Y: Metaspace: 0M used, 0M committed, 1088M reserved
[63.140s][info][gc,heap     ] GC(23) Y: Min Capacity: 8M(3%)
[63.140s][info][gc,heap     ] GC(23) Y: Max Capacity: 256M(100%)
[63.140s][info][gc,heap     ] GC(23) Y: Soft Max Capacity: 256M(100%)
[63.140s][info][gc,heap     ] GC(23) Y: Heap Statistics:
[63.140s][info][gc,heap     ] GC(23) Y:                Mark Start          Mark End        Relocate Start      Relocate End           High               Low         
[63.140s][info][gc,heap     ] GC(23) Y:  Capacity:      256M (100%)        256M (100%)        256M (100%)        256M (100%)        256M (100%)        256M (100%)   
[63.140s][info][gc,heap     ] GC(23) Y:      Free:        0M (0%)            0M (0%)            0M (0%)            0M (0%)            0M (0%)            0M (0%)     
[63.140s][info][gc,heap     ] GC(23) Y:      Used:      256M (100%)        256M (100%)        256M (100%)        256M (100%)        256M (100%)        256M (100%)   
[63.140s][info][gc,heap     ] GC(23) Y: Young Generation Statistics:
[63.140s][info][gc,heap     ] GC(23) Y:                Mark Start          Mark End        Relocate Start      Relocate End    
[63.140s][info][gc,heap     ] GC(23) Y:      Used:        0M (0%)            0M (0%)            0M (0%)            0M (0%)     
[63.140s][info][gc,heap     ] GC(23) Y:      Live:         -                 0M (0%)            0M (0%)            0M (0%)     
[63.140s][info][gc,heap     ] GC(23) Y:   Garbage:         -                 0M (0%)            0M (0%)            0M (0%)     
[63.140s][info][gc,heap     ] GC(23) Y: Allocated:         -                 0M (0%)            0M (0%)            0M (0%)     
[63.140s][info][gc,heap     ] GC(23) Y: Reclaimed:         -                  -                 0M (0%)            0M (0%)     
[63.140s][info][gc,heap     ] GC(23) Y:  Promoted:         -                  -                 0M (0%)            0M (0%)     
[63.140s][info][gc,heap     ] GC(23) Y: Compacted:         -                  -                  -                 0M (0%)     
[63.140s][info][gc,phases   ] GC(23) Y: Young Generation (Promote All) 256M(100%)->256M(100%) 0.004s
[63.140s][info][gc,phases   ] GC(23) Y: Young Generation (Collect Roots)
[63.140s][info][gc,phases   ] GC(23) Y: Pause Mark Start (Major) 0.011ms
[63.142s][info][gc,phases   ] GC(23) Y: Concurrent Mark 1.587ms
[63.142s][info][gc,phases   ] GC(23) Y: Pause Mark End 0.007ms
[63.142s][info][gc,phases   ] GC(23) Y: Concurrent Mark Free 0.001ms
[63.142s][info][gc,phases   ] GC(23) Y: Concurrent Reset Relocation Set 0.000ms
[63.142s][info][gc,reloc    ] GC(23) Y: Using tenuring threshold: 0 (Computed)
[63.142s][info][gc,phases   ] GC(23) Y: Concurrent Select Relocation Set 0.345ms
[63.142s][info][gc,phases   ] GC(23) Y: Pause Relocate Start 0.004ms
[63.143s][info][gc,phases   ] GC(23) Y: Concurrent Relocate 0.227ms
[63.143s][info][gc,alloc    ] GC(23) Y:                         Mark Start        Mark End      Relocate Start    Relocate End   
[63.143s][info][gc,alloc    ] GC(23) Y: Allocation Stalls:          1                1                1                1         
[63.143s][info][gc,load     ] GC(23) Y: Load: 0.00 (0%) / 0.00 (0%) / 0.00 (0%)
[63.143s][info][gc,mmu      ] GC(23) Y: MMU: 2ms/98.3%, 5ms/99.0%, 10ms/99.3%, 20ms/99.5%, 50ms/99.7%, 100ms/99.8%
[63.143s][info][gc,marking  ] GC(23) Y: Mark: 2 stripe(s), 1 proactive flush(es), 1 terminate flush(es), 0 completion(s), 0 continuation(s) 
[63.143s][info][gc,nmethod  ] GC(23) Y: NMethods: 307 registered, 11 unregistered
[63.143s][info][gc,metaspace] GC(23) Y: Metaspace: 0M used, 0M committed, 1088M reserved
[63.143s][info][gc,heap     ] GC(23) Y: Min Capacity: 8M(3%)
[63.143s][info][gc,heap     ] GC(23) Y: Max Capacity: 256M(100%)
[63.143s][info][gc,heap     ] GC(23) Y: Soft Max Capacity: 256M(100%)
[63.143s][info][gc,heap     ] GC(23) Y: Heap Statistics:
[63.143s][info][gc,heap     ] GC(23) Y:                Mark Start          Mark End        Relocate Start      Relocate End           High               Low         
[63.143s][info][gc,heap     ] GC(23) Y:  Capacity:      256M (100%)        256M (100%)        256M (100%)        256M (100%)        256M (100%)        256M (100%)   
[63.143s][info][gc,heap     ] GC(23) Y:      Free:        0M (0%)            0M (0%)            0M (0%)            0M (0%)            0M (0%)            0M (0%)     
[63.143s][info][gc,heap     ] GC(23) Y:      Used:      256M (100%)        256M (100%)        256M (100%)        256M (100%)        256M (100%)        256M (100%)   
[63.143s][info][gc,heap     ] GC(23) Y: Young Generation Statistics:
[63.143s][info][gc,heap     ] GC(23) Y:                Mark Start          Mark End        Relocate Start      Relocate End    
[63.143s][info][gc,heap     ] GC(23) Y:      Used:        0M (0%)            0M (0%)            0M (0%)            0M (0%)     
[63.143s][info][gc,heap     ] GC(23) Y:      Live:         -                 0M (0%)            0M (0%)            0M (0%)     
[63.143s][info][gc,heap     ] GC(23) Y:   Garbage:         -                 0M (0%)            0M (0%)            0M (0%)     
[63.143s][info][gc,heap     ] GC(23) Y: Allocated:         -                 0M (0%)            0M (0%)            0M (0%)     
[63.143s][info][gc,heap     ] GC(23) Y: Reclaimed:         -                  -                 0M (0%)            0M (0%)     
[63.143s][info][gc,heap     ] GC(23) Y:  Promoted:         -                  -                 0M (0%)            0M (0%)     
[63.143s][info][gc,heap     ] GC(23) Y: Compacted:         -                  -                  -                 0M (0%)     
[63.143s][info][gc,phases   ] GC(23) Y: Young Generation (Collect Roots) 256M(100%)->256M(100%) 0.003s
[63.143s][info][gc,phases   ] GC(23) O: Old Generation
[63.145s][info][gc,phases   ] GC(23) O: Concurrent Mark 1.943ms
[63.145s][info][gc,phases   ] GC(23) O: Pause Mark End 0.005ms
[63.145s][info][gc,phases   ] GC(23) O: Concurrent Mark Free 0.002ms
[63.145s][info][gc,ref      ] GC(23) O: Clearing All SoftReferences
[63.146s][info][gc,phases   ] GC(23) O: Concurrent Process Non-Strong 1.274ms
[63.146s][info][gc,phases   ] GC(23) O: Concurrent Reset Relocation Set 0.001ms
[63.146s][info][gc,phases   ] GC(23) O: Concurrent Select Relocation Set 0.147ms
[63.146s][info][gc,task     ] GC(23) O: Using 2 Workers for Old Generation
[63.147s][info][gc,task     ] GC(23) O: Using 2 Workers for Old Generation
[63.147s][info][gc,phases   ] GC(23) O: Concurrent Remap Roots 0.725ms
[63.147s][info][gc,phases   ] GC(23) O: Pause Relocate Start 0.023ms
[63.149s][info][gc,phases   ] GC(23) O: Concurrent Relocate 1.284ms
[63.149s][info][gc,alloc    ] GC(23) O:                         Mark Start        Mark End      Relocate Start    Relocate End   
[63.149s][info][gc,alloc    ] GC(23) O: Allocation Stalls:          1                1                1                1         
[63.149s][info][gc,load     ] GC(23) O: Load: 0.00 (0%) / 0.00 (0%) / 0.00 (0%)
[63.149s][info][gc,mmu      ] GC(23) O: MMU: 2ms/98.3%, 5ms/99.0%, 10ms/99.3%, 20ms/99.5%, 50ms/99.6%, 100ms/99.8%
[63.149s][info][gc,marking  ] GC(23) O: Mark: 2 stripe(s), 1 proactive flush(es), 1 terminate flush(es), 0 completion(s), 0 continuation(s) 
[63.149s][info][gc,nmethod  ] GC(23) O: NMethods: 307 registered, 11 unregistered
[63.149s][info][gc,metaspace] GC(23) O: Metaspace: 0M used, 0M committed, 1088M reserved
[63.149s][info][gc,ref      ] GC(23) O:                       Encountered   Discovered     Enqueued 
[63.149s][info][gc,ref      ] GC(23) O: Soft References:               42           17            0 
[63.149s][info][gc,ref      ] GC(23) O: Weak References:               86           36            0 
[63.149s][info][gc,ref      ] GC(23) O: Final References:               0            0            0 
[63.149s][info][gc,ref      ] GC(23) O: Phantom References:             1            1            0 
[63.149s][info][gc,reloc    ] GC(23) O:                        Candidates     Selected     In-Place         Size        Empty    Relocated 
[63.149s][info][gc,reloc    ] GC(23) O: Small Pages:                    2            1            2           4M           0M           1M 
[63.149s][info][gc,reloc    ] GC(23) O: Medium Pages:                   0            0            0           0M           0M           0M 
[63.149s][info][gc,reloc    ] GC(23) O: Large Pages:                  126            0            0         252M           0M           0M 
[63.149s][info][gc,reloc    ] GC(23) O: Forwarding Usage: 0M
[63.149s][info][gc,heap     ] GC(23) O: Min Capacity: 8M(3%)
[63.149s][info][gc,heap     ] GC(23) O: Max Capacity: 256M(100%)
[63.149s][info][gc,heap     ] GC(23) O: Soft Max Capacity: 256M(100%)
[63.149s][info][gc,heap     ] GC(23) O: Heap Statistics:
[63.149s][info][gc,heap     ] GC(23) O:                Mark Start          Mark End        Relocate Start      Relocate End           High               Low         
[63.149s][info][gc,heap     ] GC(23) O:  Capacity:      256M (100%)        256M (100%)        256M (100%)        256M (100%)        256M (100%)        256M (100%)   
[63.149s][info][gc,heap     ] GC(23) O:      Free:        0M (0%)            0M (0%)            0M (0%)            0M (0%)            0M (0%)            0M (0%)     
[63.149s][info][gc,heap     ] GC(23) O:      Used:      256M (100%)        256M (100%)        256M (100%)        256M (100%)        256M (100%)        256M (100%)   
[63.149s][info][gc,heap     ] GC(23) O: Old Generation Statistics:
[63.149s][info][gc,heap     ] GC(23) O:                Mark Start          Mark End        Relocate Start      Relocate End    
[63.149s][info][gc,heap     ] GC(23) O:      Used:      256M (100%)        256M (100%)        256M (100%)        256M (100%)   
[63.149s][info][gc,heap     ] GC(23) O:      Live:         -               253M (99%)         253M (99%)         253M (99%)    
[63.149s][info][gc,heap     ] GC(23) O:   Garbage:         -                 2M (1%)            2M (1%)            0M (0%)     
[63.149s][info][gc,heap     ] GC(23) O: Allocated:         -                 0M (0%)            0M (0%)            2M (1%)     
[63.149s][info][gc,heap     ] GC(23) O: Reclaimed:         -                  -                 0M (0%)            2M (1%)     
[63.149s][info][gc,heap     ] GC(23) O: Compacted:         -                  -                  -                 1M (1%)     
[63.149s][info][gc,phases   ] GC(23) O: Old Generation 256M(100%)->256M(100%) 0.006s
[63.149s][info][gc          ] GC(23) Major Collection (Allocation Stall) 256M(100%)->256M(100%) 0.013s
[63.149s][info][gc          ] Allocation Stall (main) 16.760ms
[63.149s][info][gc          ] Out Of Memory (main)
[63.149s][info][gc          ] GC(24) Minor Collection (Allocation Stall)
[63.149s][info][gc,task     ] GC(24) Using 2 Workers for Young Generation
[63.149s][info][gc,phases   ] GC(24) y: Young Generation
[63.149s][info][gc,phases   ] GC(24) y: Pause Mark Start 0.006ms
[63.151s][info][gc,phases   ] GC(24) y: Concurrent Mark 1.235ms
[63.151s][info][gc,phases   ] GC(24) y: Pause Mark End 0.005ms
[63.151s][info][gc,phases   ] GC(24) y: Concurrent Mark Free 0.001ms
[63.151s][info][gc,phases   ] GC(24) y: Concurrent Reset Relocation Set 0.000ms
[63.151s][info][gc,reloc    ] GC(24) y: Using tenuring threshold: 0 (Computed)
[63.151s][info][gc,phases   ] GC(24) y: Concurrent Select Relocation Set 0.415ms
[63.151s][info][gc,phases   ] GC(24) y: Pause Relocate Start 0.004ms
[63.152s][info][gc,phases   ] GC(24) y: Concurrent Relocate 0.279ms
[63.152s][info][gc,alloc    ] GC(24) y:                         Mark Start        Mark End      Relocate Start    Relocate End   
[63.152s][info][gc,alloc    ] GC(24) y: Allocation Stalls:          1                1                1                1         
[63.152s][info][gc,load     ] GC(24) y: Load: 0.00 (0%) / 0.00 (0%) / 0.00 (0%)
[63.152s][info][gc,mmu      ] GC(24) y: MMU: 2ms/98.3%, 5ms/99.0%, 10ms/99.3%, 20ms/99.5%, 50ms/99.6%, 100ms/99.8%
[63.152s][info][gc,marking  ] GC(24) y: Mark: 2 stripe(s), 1 proactive flush(es), 1 terminate flush(es), 0 completion(s), 0 continuation(s) 
[63.152s][info][gc,nmethod  ] GC(24) y: NMethods: 307 registered, 11 unregistered
[63.152s][info][gc,metaspace] GC(24) y: Metaspace: 0M used, 0M committed, 1088M reserved
[63.152s][info][gc,heap     ] GC(24) y: Min Capacity: 8M(3%)
[63.152s][info][gc,heap     ] GC(24) y: Max Capacity: 256M(100%)
[63.152s][info][gc,heap     ] GC(24) y: Soft Max Capacity: 256M(100%)
[63.152s][info][gc,heap     ] GC(24) y: Heap Statistics:
[63.152s][info][gc,heap     ] GC(24) y:                Mark Start          Mark End        Relocate Start      Relocate End           High               Low         
[63.152s][info][gc,heap     ] GC(24) y:  Capacity:      256M (100%)        256M (100%)        256M (100%)        256M (100%)        256M (100%)        256M (100%)   
[63.152s][info][gc,heap     ] GC(24) y:      Free:        0M (0%)            0M (0%)            0M (0%)            0M (0%)            0M (0%)            0M (0%)     
[63.152s][info][gc,heap     ] GC(24) y:      Used:      256M (100%)        256M (100%)        256M (100%)        256M (100%)        256M (100%)        256M (100%)   
[63.152s][info][gc,heap     ] GC(24) y: Young Generation Statistics:
[63.152s][info][gc,heap     ] GC(24) y:                Mark Start          Mark End        Relocate Start      Relocate End    
[63.152s][info][gc,heap     ] GC(24) y:      Used:        0M (0%)            0M (0%)            0M (0%)            0M (0%)     
[63.152s][info][gc,heap     ] GC(24) y:      Live:         -                 0M (0%)            0M (0%)            0M (0%)     
[63.152s][info][gc,heap     ] GC(24) y:   Garbage:         -                 0M (0%)            0M (0%)            0M (0%)     
[63.152s][info][gc,heap     ] GC(24) y: Allocated:         -                 0M (0%)            0M (0%)            0M (0%)     
[63.152s][info][gc,heap     ] GC(24) y: Reclaimed:         -                  -                 0M (0%)            0M (0%)     
[63.152s][info][gc,heap     ] GC(24) y:  Promoted:         -                  -                 0M (0%)            0M (0%)     
[63.152s][info][gc,heap     ] GC(24) y: Compacted:         -                  -                  -                 0M (0%)     
[63.152s][info][gc,phases   ] GC(24) y: Young Generation 256M(100%)->256M(100%) 0.002s
[63.152s][info][gc          ] GC(24) Minor Collection (Allocation Stall) 256M(100%)->256M(100%) 0.003s
[63.152s][info][gc          ] GC(25) Major Collection (Allocation Stall)
[63.152s][info][gc,task     ] GC(25) Using 2 Workers for Young Generation
[63.152s][info][gc,task     ] GC(25) Using 2 Workers for Old Generation
[63.152s][info][gc,phases   ] GC(25) Y: Young Generation (Promote All)
[63.152s][info][gc,phases   ] GC(25) Y: Pause Mark Start 0.004ms
[63.154s][info][gc,phases   ] GC(25) Y: Concurrent Mark 1.804ms
[63.154s][info][gc,phases   ] GC(25) Y: Pause Mark End 0.006ms
[63.154s][info][gc,phases   ] GC(25) Y: Concurrent Mark Free 0.000ms
[63.154s][info][gc,phases   ] GC(25) Y: Concurrent Reset Relocation Set 0.000ms
[63.154s][info][gc,reloc    ] GC(25) Y: Using tenuring threshold: 0 (Promote All)
[63.155s][info][gc,phases   ] GC(25) Y: Concurrent Select Relocation Set 0.602ms
[63.155s][info][gc,phases   ] GC(25) Y: Pause Relocate Start 0.010ms
[63.155s][info][gc,phases   ] GC(25) Y: Concurrent Relocate 0.361ms
[63.155s][info][gc,alloc    ] GC(25) Y:                         Mark Start        Mark End      Relocate Start    Relocate End   
[63.155s][info][gc,alloc    ] GC(25) Y: Allocation Stalls:          1                1                1                1         
[63.156s][info][gc,load     ] GC(25) Y: Load: 0.00 (0%) / 0.00 (0%) / 0.00 (0%)
[63.156s][info][gc,mmu      ] GC(25) Y: MMU: 2ms/98.3%, 5ms/99.0%, 10ms/99.3%, 20ms/99.4%, 50ms/99.5%, 100ms/99.8%
[63.156s][info][gc,marking  ] GC(25) Y: Mark: 2 stripe(s), 1 proactive flush(es), 1 terminate flush(es), 0 completion(s), 0 continuation(s) 
[63.156s][info][gc,nmethod  ] GC(25) Y: NMethods: 307 registered, 11 unregistered
[63.156s][info][gc,metaspace] GC(25) Y: Metaspace: 0M used, 0M committed, 1088M reserved
[63.156s][info][gc,heap     ] GC(25) Y: Min Capacity: 8M(3%)
[63.156s][info][gc,heap     ] GC(25) Y: Max Capacity: 256M(100%)
[63.156s][info][gc,heap     ] GC(25) Y: Soft Max Capacity: 256M(100%)
[63.156s][info][gc,heap     ] GC(25) Y: Heap Statistics:
[63.156s][info][gc,heap     ] GC(25) Y:                Mark Start          Mark End        Relocate Start      Relocate End           High               Low         
[63.156s][info][gc,heap     ] GC(25) Y:  Capacity:      256M (100%)        256M (100%)        256M (100%)        256M (100%)        256M (100%)        256M (100%)   
[63.156s][info][gc,heap     ] GC(25) Y:      Free:        0M (0%)            0M (0%)            0M (0%)            0M (0%)            0M (0%)            0M (0%)     
[63.156s][info][gc,heap     ] GC(25) Y:      Used:      256M (100%)        256M (100%)        256M (100%)        256M (100%)        256M (100%)        256M (100%)   
[63.156s][info][gc,heap     ] GC(25) Y: Young Generation Statistics:
[63.156s][info][gc,heap     ] GC(25) Y:                Mark Start          Mark End        Relocate Start      Relocate End    
[63.156s][info][gc,heap     ] GC(25) Y:      Used:        0M (0%)            0M (0%)            0M (0%)            0M (0%)     
[63.156s][info][gc,heap     ] GC(25) Y:      Live:         -                 0M (0%)            0M (0%)            0M (0%)     
[63.156s][info][gc,heap     ] GC(25) Y:   Garbage:         -                 0M (0%)            0M (0%)            0M (0%)     
[63.156s][info][gc,heap     ] GC(25) Y: Allocated:         -                 0M (0%)            0M (0%)            0M (0%)     
[63.156s][info][gc,heap     ] GC(25) Y: Reclaimed:         -                  -                 0M (0%)            0M (0%)     
[63.156s][info][gc,heap     ] GC(25) Y:  Promoted:         -                  -                 0M (0%)            0M (0%)     
[63.156s][info][gc,heap     ] GC(25) Y: Compacted:         -                  -                  -                 0M (0%)     
[63.156s][info][gc,phases   ] GC(25) Y: Young Generation (Promote All) 256M(100%)->256M(100%) 0.003s
[63.156s][info][gc,phases   ] GC(25) Y: Young Generation (Collect Roots)
[63.156s][info][gc,phases   ] GC(25) Y: Pause Mark Start (Major) 0.005ms
[63.157s][info][gc,phases   ] GC(25) Y: Concurrent Mark 1.088ms
[63.157s][info][gc,phases   ] GC(25) Y: Pause Mark End 0.004ms
[63.157s][info][gc,phases   ] GC(25) Y: Concurrent Mark Free 0.000ms
[63.157s][info][gc,phases   ] GC(25) Y: Concurrent Reset Relocation Set 0.000ms
[63.157s][info][gc,reloc    ] GC(25) Y: Using tenuring threshold: 0 (Computed)
[63.157s][info][gc,phases   ] GC(25) Y: Concurrent Select Relocation Set 0.313ms
[63.158s][info][gc,phases   ] GC(25) Y: Pause Relocate Start 0.003ms
[63.158s][info][gc,phases   ] GC(25) Y: Concurrent Relocate 0.172ms
[63.158s][info][gc,alloc    ] GC(25) Y:                         Mark Start        Mark End      Relocate Start    Relocate End   
[63.158s][info][gc,alloc    ] GC(25) Y: Allocation Stalls:          1                1                1                1         
[63.158s][info][gc,load     ] GC(25) Y: Load: 0.00 (0%) / 0.00 (0%) / 0.00 (0%)
[63.158s][info][gc,mmu      ] GC(25) Y: MMU: 2ms/98.3%, 5ms/99.0%, 10ms/99.3%, 20ms/99.4%, 50ms/99.5%, 100ms/99.8%
[63.158s][info][gc,marking  ] GC(25) Y: Mark: 2 stripe(s), 1 proactive flush(es), 1 terminate flush(es), 0 completion(s), 0 continuation(s) 
[63.158s][info][gc,nmethod  ] GC(25) Y: NMethods: 307 registered, 11 unregistered
[63.158s][info][gc,metaspace] GC(25) Y: Metaspace: 0M used, 0M committed, 1088M reserved
[63.158s][info][gc,heap     ] GC(25) Y: Min Capacity: 8M(3%)
[63.158s][info][gc,heap     ] GC(25) Y: Max Capacity: 256M(100%)
[63.158s][info][gc,heap     ] GC(25) Y: Soft Max Capacity: 256M(100%)
[63.158s][info][gc,heap     ] GC(25) Y: Heap Statistics:
[63.158s][info][gc,heap     ] GC(25) Y:                Mark Start          Mark End        Relocate Start      Relocate End           High               Low         
[63.158s][info][gc,heap     ] GC(25) Y:  Capacity:      256M (100%)        256M (100%)        256M (100%)        256M (100%)        256M (100%)        256M (100%)   
[63.158s][info][gc,heap     ] GC(25) Y:      Free:        0M (0%)            0M (0%)            0M (0%)            0M (0%)            0M (0%)            0M (0%)     
[63.158s][info][gc,heap     ] GC(25) Y:      Used:      256M (100%)        256M (100%)        256M (100%)        256M (100%)        256M (100%)        256M (100%)   
[63.158s][info][gc,heap     ] GC(25) Y: Young Generation Statistics:
[63.158s][info][gc,heap     ] GC(25) Y:                Mark Start          Mark End        Relocate Start      Relocate End    
[63.158s][info][gc,heap     ] GC(25) Y:      Used:        0M (0%)            0M (0%)            0M (0%)            0M (0%)     
[63.158s][info][gc,heap     ] GC(25) Y:      Live:         -                 0M (0%)            0M (0%)            0M (0%)     
[63.158s][info][gc,heap     ] GC(25) Y:   Garbage:         -                 0M (0%)            0M (0%)            0M (0%)     
[63.158s][info][gc,heap     ] GC(25) Y: Allocated:         -                 0M (0%)            0M (0%)            0M (0%)     
[63.158s][info][gc,heap     ] GC(25) Y: Reclaimed:         -                  -                 0M (0%)            0M (0%)     
[63.158s][info][gc,heap     ] GC(25) Y:  Promoted:         -                  -                 0M (0%)            0M (0%)     
[63.158s][info][gc,heap     ] GC(25) Y: Compacted:         -                  -                  -                 0M (0%)     
[63.158s][info][gc,phases   ] GC(25) Y: Young Generation (Collect Roots) 256M(100%)->256M(100%) 0.002s
[63.158s][info][gc,phases   ] GC(25) O: Old Generation
[63.161s][info][gc,phases   ] GC(25) O: Concurrent Mark 2.538ms
[63.161s][info][gc,phases   ] GC(25) O: Pause Mark End 0.100ms
[63.161s][info][gc,phases   ] GC(25) O: Concurrent Mark Free 0.008ms
[63.161s][info][gc,ref      ] GC(25) O: Clearing All SoftReferences
[63.162s][info][gc,phases   ] GC(25) O: Concurrent Process Non-Strong 0.842ms
[63.162s][info][gc,phases   ] GC(25) O: Concurrent Reset Relocation Set 0.001ms
[63.162s][info][gc,phases   ] GC(25) O: Concurrent Select Relocation Set 0.162ms
[63.162s][info][gc,task     ] GC(25) O: Using 2 Workers for Old Generation
[63.163s][info][gc,task     ] GC(25) O: Using 2 Workers for Old Generation
[63.163s][info][gc,phases   ] GC(25) O: Concurrent Remap Roots 0.539ms
[63.163s][info][gc,phases   ] GC(25) O: Pause Relocate Start 0.008ms
[63.164s][info][gc,phases   ] GC(25) O: Concurrent Relocate 1.329ms
[63.164s][info][gc,alloc    ] GC(25) O:                         Mark Start        Mark End      Relocate Start    Relocate End   
[63.164s][info][gc,alloc    ] GC(25) O: Allocation Stalls:          1                1                1                1         
[63.164s][info][gc,load     ] GC(25) O: Load: 0.00 (0%) / 0.00 (0%) / 0.00 (0%)
[63.164s][info][gc,mmu      ] GC(25) O: MMU: 2ms/94.6%, 5ms/97.8%, 10ms/98.6%, 20ms/99.1%, 50ms/99.3%, 100ms/99.6%
[63.164s][info][gc,marking  ] GC(25) O: Mark: 2 stripe(s), 1 proactive flush(es), 1 terminate flush(es), 0 completion(s), 0 continuation(s) 
[63.164s][info][gc,nmethod  ] GC(25) O: NMethods: 307 registered, 11 unregistered
[63.164s][info][gc,metaspace] GC(25) O: Metaspace: 0M used, 0M committed, 1088M reserved
[63.164s][info][gc,ref      ] GC(25) O:                       Encountered   Discovered     Enqueued 
[63.164s][info][gc,ref      ] GC(25) O: Soft References:               42           22            0 
[63.164s][info][gc,ref      ] GC(25) O: Weak References:               86           30            0 
[63.164s][info][gc,ref      ] GC(25) O: Final References:               0            0            0 
[63.164s][info][gc,ref      ] GC(25) O: Phantom References:             1            1            0 
[63.164s][info][gc,reloc    ] GC(25) O:                        Candidates     Selected     In-Place         Size        Empty    Relocated 
[63.164s][info][gc,reloc    ] GC(25) O: Small Pages:                    2            1            2           4M           0M           1M 
[63.164s][info][gc,reloc    ] GC(25) O: Medium Pages:                   0            0            0           0M           0M           0M 
[63.164s][info][gc,reloc    ] GC(25) O: Large Pages:                  126            0            0         252M           0M           0M 
[63.164s][info][gc,reloc    ] GC(25) O: Forwarding Usage: 0M
[63.164s][info][gc,heap     ] GC(25) O: Min Capacity: 8M(3%)
[63.164s][info][gc,heap     ] GC(25) O: Max Capacity: 256M(100%)
[63.164s][info][gc,heap     ] GC(25) O: Soft Max Capacity: 256M(100%)
[63.164s][info][gc,heap     ] GC(25) O: Heap Statistics:
[63.164s][info][gc,heap     ] GC(25) O:                Mark Start          Mark End        Relocate Start      Relocate End           High               Low         
[63.164s][info][gc,heap     ] GC(25) O:  Capacity:      256M (100%)        256M (100%)        256M (100%)        256M (100%)        256M (100%)        256M (100%)   
[63.164s][info][gc,heap     ] GC(25) O:      Free:        0M (0%)            0M (0%)            0M (0%)            0M (0%)            0M (0%)            0M (0%)     
[63.164s][info][gc,heap     ] GC(25) O:      Used:      256M (100%)        256M (100%)        256M (100%)        256M (100%)        256M (100%)        256M (100%)   
[63.164s][info][gc,heap     ] GC(25) O: Old Generation Statistics:
[63.164s][info][gc,heap     ] GC(25) O:                Mark Start          Mark End        Relocate Start      Relocate End    
[63.164s][info][gc,heap     ] GC(25) O:      Used:      256M (100%)        256M (100%)        256M (100%)        256M (100%)   
[63.164s][info][gc,heap     ] GC(25) O:      Live:         -               253M (99%)         253M (99%)         253M (99%)    
[63.164s][info][gc,heap     ] GC(25) O:   Garbage:         -                 2M (1%)            2M (1%)            0M (0%)     
[63.164s][info][gc,heap     ] GC(25) O: Allocated:         -                 0M (0%)            0M (0%)            2M (1%)     
[63.164s][info][gc,heap     ] GC(25) O: Reclaimed:         -                  -                 0M (0%)            2M (1%)     
[63.164s][info][gc,heap     ] GC(25) O: Compacted:         -                  -                  -                 1M (1%)     
[63.164s][info][gc,phases   ] GC(25) O: Old Generation 256M(100%)->256M(100%) 0.006s
[63.164s][info][gc          ] GC(25) Major Collection (Allocation Stall) 256M(100%)->256M(100%) 0.012s
[63.164s][info][gc          ] Allocation Stall (main) 15.233ms
[63.164s][info][gc          ] GC(26) Minor Collection (Allocation Stall)
[63.165s][info][gc,task     ] GC(26) Using 2 Workers for Young Generation
[63.165s][info][gc,phases   ] GC(26) y: Young Generation
[63.165s][info][gc,phases   ] GC(26) y: Pause Mark Start 0.004ms
[63.166s][info][gc,phases   ] GC(26) y: Concurrent Mark 1.181ms
[63.166s][info][gc,phases   ] GC(26) y: Pause Mark End 0.004ms
[63.166s][info][gc,phases   ] GC(26) y: Concurrent Mark Free 0.001ms
[63.166s][info][gc,phases   ] GC(26) y: Concurrent Reset Relocation Set 0.000ms
[63.166s][info][gc,reloc    ] GC(26) y: Using tenuring threshold: 0 (Computed)
[63.166s][info][gc,phases   ] GC(26) y: Concurrent Select Relocation Set 0.424ms
[63.166s][info][gc,phases   ] GC(26) y: Pause Relocate Start 0.003ms
[63.167s][info][gc,phases   ] GC(26) y: Concurrent Relocate 0.231ms
[63.167s][info][gc,alloc    ] GC(26) y:                         Mark Start        Mark End      Relocate Start    Relocate End   
[63.167s][info][gc,alloc    ] GC(26) y: Allocation Stalls:          1                1                1                1         
[63.167s][info][gc,load     ] GC(26) y: Load: 0.00 (0%) / 0.00 (0%) / 0.00 (0%)
[63.167s][info][gc,mmu      ] GC(26) y: MMU: 2ms/94.6%, 5ms/97.8%, 10ms/98.6%, 20ms/99.1%, 50ms/99.3%, 100ms/99.6%
[63.167s][info][gc,marking  ] GC(26) y: Mark: 2 stripe(s), 1 proactive flush(es), 1 terminate flush(es), 0 completion(s), 0 continuation(s) 
[63.167s][info][gc,nmethod  ] GC(26) y: NMethods: 307 registered, 11 unregistered
[63.167s][info][gc,metaspace] GC(26) y: Metaspace: 0M used, 0M committed, 1088M reserved
[63.167s][info][gc,heap     ] GC(26) y: Min Capacity: 8M(3%)
[63.167s][info][gc,heap     ] GC(26) y: Max Capacity: 256M(100%)
[63.167s][info][gc,heap     ] GC(26) y: Soft Max Capacity: 256M(100%)
[63.167s][info][gc,heap     ] GC(26) y: Heap Statistics:
[63.167s][info][gc,heap     ] GC(26) y:                Mark Start          Mark End        Relocate Start      Relocate End           High               Low         
[63.167s][info][gc,heap     ] GC(26) y:  Capacity:      256M (100%)        256M (100%)        256M (100%)        256M (100%)        256M (100%)        256M (100%)   
[63.167s][info][gc,heap     ] GC(26) y:      Free:        0M (0%)            0M (0%)            0M (0%)            0M (0%)            0M (0%)            0M (0%)     
[63.167s][info][gc,heap     ] GC(26) y:      Used:      256M (100%)        256M (100%)        256M (100%)        256M (100%)        256M (100%)        256M (100%)   
[63.167s][info][gc,heap     ] GC(26) y: Young Generation Statistics:
[63.167s][info][gc,heap     ] GC(26) y:                Mark Start          Mark End        Relocate Start      Relocate End    
[63.167s][info][gc,heap     ] GC(26) y:      Used:        0M (0%)            0M (0%)            0M (0%)            0M (0%)     
[63.167s][info][gc,heap     ] GC(26) y:      Live:         -                 0M (0%)            0M (0%)            0M (0%)     
[63.167s][info][gc,heap     ] GC(26) y:   Garbage:         -                 0M (0%)            0M (0%)            0M (0%)     
[63.167s][info][gc,heap     ] GC(26) y: Allocated:         -                 0M (0%)            0M (0%)            0M (0%)     
[63.167s][info][gc,heap     ] GC(26) y: Reclaimed:         -                  -                 0M (0%)            0M (0%)     
[63.167s][info][gc,heap     ] GC(26) y:  Promoted:         -                  -                 0M (0%)            0M (0%)     
[63.167s][info][gc,heap     ] GC(26) y: Compacted:         -                  -                  -                 0M (0%)     
[63.167s][info][gc,phases   ] GC(26) y: Young Generation 256M(100%)->256M(100%) 0.002s
[63.167s][info][gc          ] GC(26) Minor Collection (Allocation Stall) 256M(100%)->256M(100%) 0.003s
[63.167s][info][gc          ] GC(27) Major Collection (Allocation Stall)
[63.167s][info][gc,task     ] GC(27) Using 2 Workers for Young Generation
[63.167s][info][gc,task     ] GC(27) Using 2 Workers for Old Generation
[63.167s][info][gc,phases   ] GC(27) Y: Young Generation (Promote All)
[63.167s][info][gc,phases   ] GC(27) Y: Pause Mark Start 0.004ms
[63.168s][info][gc,phases   ] GC(27) Y: Concurrent Mark 0.939ms
[63.168s][info][gc,phases   ] GC(27) Y: Pause Mark End 0.003ms
[63.168s][info][gc,phases   ] GC(27) Y: Concurrent Mark Free 0.001ms
[63.168s][info][gc,phases   ] GC(27) Y: Concurrent Reset Relocation Set 0.000ms
[63.168s][info][gc,reloc    ] GC(27) Y: Using tenuring threshold: 0 (Promote All)
[63.169s][info][gc,phases   ] GC(27) Y: Concurrent Select Relocation Set 0.357ms
[63.169s][info][gc,phases   ] GC(27) Y: Pause Relocate Start 0.003ms
[63.169s][info][gc,phases   ] GC(27) Y: Concurrent Relocate 0.194ms
[63.169s][info][gc,alloc    ] GC(27) Y:                         Mark Start        Mark End      Relocate Start    Relocate End   
[63.169s][info][gc,alloc    ] GC(27) Y: Allocation Stalls:          1                1                1                1         
[63.169s][info][gc,load     ] GC(27) Y: Load: 0.00 (0%) / 0.00 (0%) / 0.00 (0%)
[63.169s][info][gc,mmu      ] GC(27) Y: MMU: 2ms/94.6%, 5ms/97.8%, 10ms/98.6%, 20ms/99.0%, 50ms/99.3%, 100ms/99.6%
[63.169s][info][gc,marking  ] GC(27) Y: Mark: 2 stripe(s), 1 proactive flush(es), 1 terminate flush(es), 0 completion(s), 0 continuation(s) 
[63.169s][info][gc,nmethod  ] GC(27) Y: NMethods: 307 registered, 11 unregistered
[63.169s][info][gc,metaspace] GC(27) Y: Metaspace: 0M used, 0M committed, 1088M reserved
[63.169s][info][gc,heap     ] GC(27) Y: Min Capacity: 8M(3%)
[63.169s][info][gc,heap     ] GC(27) Y: Max Capacity: 256M(100%)
[63.169s][info][gc,heap     ] GC(27) Y: Soft Max Capacity: 256M(100%)
[63.169s][info][gc,heap     ] GC(27) Y: Heap Statistics:
[63.169s][info][gc,heap     ] GC(27) Y:                Mark Start          Mark End        Relocate Start      Relocate End           High               Low         
[63.169s][info][gc,heap     ] GC(27) Y:  Capacity:      256M (100%)        256M (100%)        256M (100%)        256M (100%)        256M (100%)        256M (100%)   
[63.169s][info][gc,heap     ] GC(27) Y:      Free:        0M (0%)            0M (0%)            0M (0%)            0M (0%)            0M (0%)            0M (0%)     
[63.169s][info][gc,heap     ] GC(27) Y:      Used:      256M (100%)        256M (100%)        256M (100%)        256M (100%)        256M (100%)        256M (100%)   
[63.169s][info][gc,heap     ] GC(27) Y: Young Generation Statistics:
[63.169s][info][gc,heap     ] GC(27) Y:                Mark Start          Mark End        Relocate Start      Relocate End    
[63.169s][info][gc,heap     ] GC(27) Y:      Used:        0M (0%)            0M (0%)            0M (0%)            0M (0%)     
[63.169s][info][gc,heap     ] GC(27) Y:      Live:         -                 0M (0%)            0M (0%)            0M (0%)     
[63.169s][info][gc,heap     ] GC(27) Y:   Garbage:         -                 0M (0%)            0M (0%)            0M (0%)     
[63.169s][info][gc,heap     ] GC(27) Y: Allocated:         -                 0M (0%)            0M (0%)            0M (0%)     
[63.169s][info][gc,heap     ] GC(27) Y: Reclaimed:         -                  -                 0M (0%)            0M (0%)     
[63.169s][info][gc,heap     ] GC(27) Y:  Promoted:         -                  -                 0M (0%)            0M (0%)     
[63.169s][info][gc,heap     ] GC(27) Y: Compacted:         -                  -                  -                 0M (0%)     
[63.169s][info][gc,phases   ] GC(27) Y: Young Generation (Promote All) 256M(100%)->256M(100%) 0.002s
[63.169s][info][gc,phases   ] GC(27) Y: Young Generation (Collect Roots)
[63.169s][info][gc,phases   ] GC(27) Y: Pause Mark Start (Major) 0.005ms
[63.171s][info][gc,phases   ] GC(27) Y: Concurrent Mark 1.415ms
[63.171s][info][gc,phases   ] GC(27) Y: Pause Mark End 0.005ms
[63.171s][info][gc,phases   ] GC(27) Y: Concurrent Mark Free 0.001ms
[63.171s][info][gc,phases   ] GC(27) Y: Concurrent Reset Relocation Set 0.000ms
[63.171s][info][gc,reloc    ] GC(27) Y: Using tenuring threshold: 0 (Computed)
[63.171s][info][gc,phases   ] GC(27) Y: Concurrent Select Relocation Set 0.205ms
[63.171s][info][gc,phases   ] GC(27) Y: Pause Relocate Start 0.004ms
[63.172s][info][gc,phases   ] GC(27) Y: Concurrent Relocate 0.351ms
[63.172s][info][gc,alloc    ] GC(27) Y:                         Mark Start        Mark End      Relocate Start    Relocate End   
[63.172s][info][gc,alloc    ] GC(27) Y: Allocation Stalls:          1                1                1                1         
[63.172s][info][gc,load     ] GC(27) Y: Load: 0.00 (0%) / 0.00 (0%) / 0.00 (0%)
[63.172s][info][gc,mmu      ] GC(27) Y: MMU: 2ms/94.6%, 5ms/97.8%, 10ms/98.6%, 20ms/99.0%, 50ms/99.3%, 100ms/99.6%
[63.172s][info][gc,marking  ] GC(27) Y: Mark: 2 stripe(s), 1 proactive flush(es), 1 terminate flush(es), 0 completion(s), 0 continuation(s) 
[63.172s][info][gc,nmethod  ] GC(27) Y: NMethods: 307 registered, 11 unregistered
[63.172s][info][gc,metaspace] GC(27) Y: Metaspace: 0M used, 0M committed, 1088M reserved
[63.172s][info][gc,heap     ] GC(27) Y: Min Capacity: 8M(3%)
[63.172s][info][gc,heap     ] GC(27) Y: Max Capacity: 256M(100%)
[63.172s][info][gc,heap     ] GC(27) Y: Soft Max Capacity: 256M(100%)
[63.172s][info][gc,heap     ] GC(27) Y: Heap Statistics:
[63.172s][info][gc,heap     ] GC(27) Y:                Mark Start          Mark End        Relocate Start      Relocate End           High               Low         
[63.172s][info][gc,heap     ] GC(27) Y:  Capacity:      256M (100%)        256M (100%)        256M (100%)        256M (100%)        256M (100%)        256M (100%)   
[63.172s][info][gc,heap     ] GC(27) Y:      Free:        0M (0%)            0M (0%)            0M (0%)            0M (0%)            0M (0%)            0M (0%)     
[63.172s][info][gc,heap     ] GC(27) Y:      Used:      256M (100%)        256M (100%)        256M (100%)        256M (100%)        256M (100%)        256M (100%)   
[63.172s][info][gc,heap     ] GC(27) Y: Young Generation Statistics:
[63.172s][info][gc,heap     ] GC(27) Y:                Mark Start          Mark End        Relocate Start      Relocate End    
[63.172s][info][gc,heap     ] GC(27) Y:      Used:        0M (0%)            0M (0%)            0M (0%)            0M (0%)     
[63.172s][info][gc,heap     ] GC(27) Y:      Live:         -                 0M (0%)            0M (0%)            0M (0%)     
[63.172s][info][gc,heap     ] GC(27) Y:   Garbage:         -                 0M (0%)            0M (0%)            0M (0%)     
[63.172s][info][gc,heap     ] GC(27) Y: Allocated:         -                 0M (0%)            0M (0%)            0M (0%)     
[63.172s][info][gc,heap     ] GC(27) Y: Reclaimed:         -                  -                 0M (0%)            0M (0%)     
[63.172s][info][gc,heap     ] GC(27) Y:  Promoted:         -                  -                 0M (0%)            0M (0%)     
[63.172s][info][gc,heap     ] GC(27) Y: Compacted:         -                  -                  -                 0M (0%)     
[63.172s][info][gc,phases   ] GC(27) Y: Young Generation (Collect Roots) 256M(100%)->256M(100%) 0.002s
[63.172s][info][gc,phases   ] GC(27) O: Old Generation
[63.176s][info][gc,phases   ] GC(27) O: Concurrent Mark 3.643ms
[63.176s][info][gc,phases   ] GC(27) O: Pause Mark End 0.010ms
[63.176s][info][gc,phases   ] GC(27) O: Concurrent Mark Free 0.001ms
[63.176s][info][gc,ref      ] GC(27) O: Clearing All SoftReferences
[63.177s][info][gc,phases   ] GC(27) O: Concurrent Process Non-Strong 0.794ms
[63.177s][info][gc,phases   ] GC(27) O: Concurrent Reset Relocation Set 0.001ms
[63.177s][info][gc,phases   ] GC(27) O: Concurrent Select Relocation Set 0.146ms
[63.177s][info][gc,task     ] GC(27) O: Using 2 Workers for Old Generation
[63.178s][info][gc,task     ] GC(27) O: Using 2 Workers for Old Generation
[63.178s][info][gc,phases   ] GC(27) O: Concurrent Remap Roots 0.634ms
[63.178s][info][gc,phases   ] GC(27) O: Pause Relocate Start 0.005ms
[63.180s][info][gc,phases   ] GC(27) O: Concurrent Relocate 1.779ms
[63.180s][info][gc          ] Allocation Stall (main) 15.084ms
[63.180s][info][gc,alloc    ] GC(27) O:                         Mark Start        Mark End      Relocate Start    Relocate End   
[63.180s][info][gc,alloc    ] GC(27) O: Allocation Stalls:          1                1                1                0         
[63.180s][info][gc,load     ] GC(27) O: Load: 0.00 (0%) / 0.00 (0%) / 0.00 (0%)
[63.180s][info][gc,mmu      ] GC(27) O: MMU: 2ms/94.6%, 5ms/97.8%, 10ms/98.6%, 20ms/99.0%, 50ms/99.3%, 100ms/99.6%
[63.180s][info][gc,marking  ] GC(27) O: Mark: 2 stripe(s), 1 proactive flush(es), 1 terminate flush(es), 0 completion(s), 0 continuation(s) 
[63.180s][info][gc,nmethod  ] GC(27) O: NMethods: 307 registered, 11 unregistered
[63.180s][info][gc,metaspace] GC(27) O: Metaspace: 0M used, 0M committed, 1088M reserved
[63.180s][info][gc,ref      ] GC(27) O:                       Encountered   Discovered     Enqueued 
[63.180s][info][gc,ref      ] GC(27) O: Soft References:               42           12            0 
[63.180s][info][gc,ref      ] GC(27) O: Weak References:               86           24            0 
[63.180s][info][gc,ref      ] GC(27) O: Final References:               0            0            0 
[63.180s][info][gc,ref      ] GC(27) O: Phantom References:             1            1            0 
[63.180s][info][gc,reloc    ] GC(27) O:                        Candidates     Selected     In-Place         Size        Empty    Relocated 
[63.180s][info][gc,reloc    ] GC(27) O: Small Pages:                    2            1            1           4M           0M           1M 
[63.180s][info][gc,reloc    ] GC(27) O: Medium Pages:                   0            0            0           0M           0M           0M 
[63.180s][info][gc,reloc    ] GC(27) O: Large Pages:                  126            0            0         252M           0M           0M 
[63.180s][info][gc,reloc    ] GC(27) O: Forwarding Usage: 0M
[63.180s][info][gc,heap     ] GC(27) O: Min Capacity: 8M(3%)
[63.180s][info][gc,heap     ] GC(27) O: Max Capacity: 256M(100%)
[63.180s][info][gc,heap     ] GC(27) O: Soft Max Capacity: 256M(100%)
[63.180s][info][gc,heap     ] GC(27) O: Heap Statistics:
[63.180s][info][gc,heap     ] GC(27) O:                Mark Start          Mark End        Relocate Start      Relocate End           High               Low         
[63.180s][info][gc,heap     ] GC(27) O:  Capacity:      256M (100%)        256M (100%)        256M (100%)        256M (100%)        256M (100%)        256M (100%)   
[63.180s][info][gc,heap     ] GC(27) O:      Free:        0M (0%)            0M (0%)            0M (0%)            0M (0%)            2M (1%)            0M (0%)     
[63.180s][info][gc,heap     ] GC(27) O:      Used:      256M (100%)        256M (100%)        256M (100%)        256M (100%)        256M (100%)        254M (99%)    
[63.180s][info][gc,heap     ] GC(27) O: Old Generation Statistics:
[63.180s][info][gc,heap     ] GC(27) O:                Mark Start          Mark End        Relocate Start      Relocate End    
[63.180s][info][gc,heap     ] GC(27) O:      Used:      256M (100%)        256M (100%)        256M (100%)        254M (99%)    
[63.180s][info][gc,heap     ] GC(27) O:      Live:         -               253M (99%)         253M (99%)         253M (99%)    
[63.180s][info][gc,heap     ] GC(27) O:   Garbage:         -                 2M (1%)            2M (1%)            0M (0%)     
[63.180s][info][gc,heap     ] GC(27) O: Allocated:         -                 0M (0%)            0M (0%)            0M (0%)     
[63.180s][info][gc,heap     ] GC(27) O: Reclaimed:         -                  -                 0M (0%)            2M (1%)     
[63.180s][info][gc,heap     ] GC(27) O: Compacted:         -                  -                  -                 1M (1%)     
[63.180s][info][gc,phases   ] GC(27) O: Old Generation 256M(100%)->256M(100%) 0.007s
[63.180s][info][gc          ] GC(27) Major Collection (Allocation Stall) 256M(100%)->256M(100%) 0.013s
[63.184s][info][gc,exit     ] Stopping ZGC
[63.184s][info][gc,stats    ] === Garbage Collection Statistics =======================================================================================================================
[63.184s][info][gc,stats    ]                                                              Last 10s              Last 10m              Last 10h                Total
[63.184s][info][gc,stats    ]                                                              Avg / Max             Avg / Max             Avg / Max             Avg / Max
[63.184s][info][gc,stats    ]        Contention: Mark Segment Reset Contention                     0 / 0                 0 / 3                 0 / 3                 0 / 3           ops/s
[63.184s][info][gc,stats    ]        Contention: Mark SeqNum Reset Contention                      0 / 0                 0 / 1                 0 / 1                 0 / 1           ops/s
[63.184s][info][gc,stats    ]          Critical: Allocation Stall                                  0 / 0                 0 / 0                 0 / 0                 0 / 0           ops/s
[63.184s][info][gc,stats    ]          Critical: Allocation Stall                              0.000 / 0.000         0.000 / 0.000         0.000 / 0.000         0.000 / 0.000       ms
[63.184s][info][gc,stats    ]          Critical: JNI Critical Stall                                0 / 0                 0 / 0                 0 / 0                 0 / 0           ops/s
[63.184s][info][gc,stats    ]          Critical: JNI Critical Stall                            0.000 / 0.000         0.000 / 0.000         0.000 / 0.000         0.000 / 0.000       ms
[63.184s][info][gc,stats    ]          Critical: Relocation Stall                                  0 / 0                 0 / 0                 0 / 0                 0 / 0           ops/s
[63.184s][info][gc,stats    ]          Critical: Relocation Stall                              0.000 / 0.000         0.000 / 0.000         0.000 / 0.000         0.000 / 0.000       ms
[63.184s][info][gc,stats    ]  Major Collection: Major Collection                              9.593 / 10.420       10.868 / 13.447       10.868 / 13.447       10.868 / 13.447      ms
[63.184s][info][gc,stats    ]            Memory: Allocation Rate                                   5 / 10                4 / 10                4 / 10                4 / 10          MB/s
[63.184s][info][gc,stats    ]            Memory: Defragment                                        0 / 0                 0 / 0                 0 / 0                 0 / 0           ops/s
[63.184s][info][gc,stats    ]            Memory: Mapped Cache Harvest                              0 / 0                 0 / 0                 0 / 0                 0 / 0           MB/s
[63.184s][info][gc,stats    ]            Memory: Out Of Memory                                     0 / 0                 0 / 0                 0 / 0                 0 / 0           ops/s
[63.184s][info][gc,stats    ]            Memory: Uncommit                                          0 / 0                 0 / 0                 0 / 0                 0 / 0           MB/s
[63.184s][info][gc,stats    ]            Memory: Undo Object Allocation Failed                     0 / 0                 0 / 0                 0 / 0                 0 / 0           ops/s
[63.184s][info][gc,stats    ]            Memory: Undo Object Allocation Succeeded                  0 / 0                 0 / 0                 0 / 0                 0 / 0           ops/s
[63.184s][info][gc,stats    ]            Memory: Undo Page Allocation                              0 / 0                 0 / 0                 0 / 0                 0 / 0           ops/s
[63.184s][info][gc,stats    ]  Minor Collection: Minor Collection                              3.557 / 4.130         3.557 / 4.130         3.557 / 4.130         3.557 / 4.130       ms
[63.184s][info][gc,stats    ]    Old Generation: Old Generation                                5.934 / 6.207         6.000 / 10.048        6.000 / 10.048        6.000 / 10.048      ms
[63.184s][info][gc,stats    ]         Old Pause: Pause Mark End                                0.010 / 0.025         0.011 / 0.028         0.011 / 0.028         0.011 / 0.028       ms
[63.184s][info][gc,stats    ]         Old Pause: Pause Relocate Start                          0.005 / 0.007         0.008 / 0.022         0.008 / 0.022         0.008 / 0.022       ms
[63.184s][info][gc,stats    ]         Old Phase: Concurrent Mark                               3.333 / 3.971         3.193 / 5.557         3.193 / 5.557         3.193 / 5.557       ms
[63.184s][info][gc,stats    ]         Old Phase: Concurrent Mark Continue                      0.000 / 0.000         0.000 / 0.000         0.000 / 0.000         0.000 / 0.000       ms
[63.184s][info][gc,stats    ]         Old Phase: Concurrent Mark Free                          0.001 / 0.002         0.001 / 0.002         0.001 / 0.002         0.001 / 0.002       ms
[63.184s][info][gc,stats    ]         Old Phase: Concurrent Process Non-Strong                 0.985 / 1.786         0.868 / 1.786         0.868 / 1.786         0.868 / 1.786       ms
[63.184s][info][gc,stats    ]         Old Phase: Concurrent Relocate                           0.482 / 1.681         0.846 / 3.161         0.846 / 3.161         0.846 / 3.161       ms
[63.184s][info][gc,stats    ]         Old Phase: Concurrent Remap Roots                        0.591 / 0.780         0.553 / 0.850         0.553 / 0.850         0.553 / 0.850       ms
[63.184s][info][gc,stats    ]         Old Phase: Concurrent Reset Relocation Set               0.000 / 0.001         0.000 / 0.001         0.000 / 0.001         0.000 / 0.001       ms
[63.184s][info][gc,stats    ]         Old Phase: Concurrent Select Relocation Set              0.119 / 0.136         0.125 / 0.205         0.125 / 0.205         0.125 / 0.205       ms
[63.184s][info][gc,stats    ]      Old Subphase: Concurrent Classes Purge                      0.006 / 0.012         0.010 / 0.032         0.010 / 0.032         0.010 / 0.032       ms
[63.184s][info][gc,stats    ]      Old Subphase: Concurrent Classes Unlink                     0.522 / 1.312         0.399 / 1.312         0.399 / 1.312         0.399 / 1.312       ms
[63.184s][info][gc,stats    ]      Old Subphase: Concurrent Mark Follow                        3.233 / 3.832         3.070 / 5.452         3.070 / 5.452         3.070 / 5.452       ms
[63.184s][info][gc,stats    ]      Old Subphase: Concurrent Mark Root Colored                  0.025 / 0.040         0.015 / 0.040         0.015 / 0.040         0.015 / 0.040       ms
[63.184s][info][gc,stats    ]      Old Subphase: Concurrent Mark Root Uncolored                0.017 / 0.024         0.025 / 0.048         0.025 / 0.048         0.025 / 0.048       ms
[63.184s][info][gc,stats    ]      Old Subphase: Concurrent Mark Roots                         0.098 / 0.138         0.121 / 0.274         0.121 / 0.274         0.121 / 0.274       ms
[63.184s][info][gc,stats    ]      Old Subphase: Concurrent References Enqueue                 0.006 / 0.029         0.003 / 0.029         0.003 / 0.029         0.003 / 0.029       ms
[63.184s][info][gc,stats    ]      Old Subphase: Concurrent References Process                 0.082 / 0.089         0.077 / 0.116         0.077 / 0.116         0.077 / 0.116       ms
[63.184s][info][gc,stats    ]      Old Subphase: Concurrent Remap Remembered                   0.326 / 0.455         0.258 / 0.521         0.258 / 0.521         0.258 / 0.521       ms
[63.184s][info][gc,stats    ]      Old Subphase: Concurrent Remap Roots Colored                0.055 / 0.092         0.085 / 0.151         0.085 / 0.151         0.085 / 0.151       ms
[63.184s][info][gc,stats    ]      Old Subphase: Concurrent Remap Roots Uncolored              0.047 / 0.074         0.050 / 0.150         0.050 / 0.150         0.050 / 0.150       ms
[63.184s][info][gc,stats    ]      Old Subphase: Concurrent Roots ClassLoaderDataGraph         0.027 / 0.072         0.044 / 0.098         0.044 / 0.098         0.044 / 0.098       ms
[63.185s][info][gc,stats    ]      Old Subphase: Concurrent Roots CodeCache                    0.045 / 0.072         0.048 / 0.147         0.048 / 0.147         0.048 / 0.147       ms
[63.185s][info][gc,stats    ]      Old Subphase: Concurrent Roots JavaThreads                  0.005 / 0.024         0.007 / 0.048         0.007 / 0.048         0.007 / 0.048       ms
[63.185s][info][gc,stats    ]      Old Subphase: Concurrent Roots OopStorageSet                0.002 / 0.005         0.003 / 0.023         0.003 / 0.023         0.003 / 0.023       ms
[63.185s][info][gc,stats    ]      Old Subphase: Concurrent Weak Roots OopStorageSet           0.054 / 0.122         0.067 / 0.279         0.067 / 0.279         0.067 / 0.279       ms
[63.185s][info][gc,stats    ]            System: Java Threads                                     11 / 11               11 / 11               11 / 11               11 / 11          threads
[63.185s][info][gc,stats    ]  Young Generation: Young Generation                              2.805 / 4.179         3.902 / 9.160         3.902 / 9.160         3.902 / 9.160       ms
[63.185s][info][gc,stats    ]  Young Generation: Young Generation                              3.106 / 3.667         3.106 / 3.667         3.106 / 3.667         3.106 / 3.667       ms
[63.185s][info][gc,stats    ]  Young Generation: Young Generation (Collect Roots)              0.000 / 0.000         0.000 / 0.000         0.000 / 0.000         0.000 / 0.000       ms
[63.185s][info][gc,stats    ]  Young Generation: Young Generation (Promote All)                0.000 / 0.000         0.000 / 0.000         0.000 / 0.000         0.000 / 0.000       ms
[63.185s][info][gc,stats    ]       Young Pause: Pause Mark End                                0.009 / 0.022         0.009 / 0.022         0.009 / 0.022         0.009 / 0.022       ms
[63.185s][info][gc,stats    ]       Young Pause: Pause Mark Start                              0.007 / 0.009         0.007 / 0.009         0.007 / 0.009         0.007 / 0.009       ms
[63.185s][info][gc,stats    ]       Young Pause: Pause Mark Start (Major)                      0.009 / 0.013         0.011 / 0.014         0.011 / 0.014         0.011 / 0.014       ms
[63.185s][info][gc,stats    ]       Young Pause: Pause Relocate Start                          0.004 / 0.006         0.006 / 0.021         0.006 / 0.021         0.006 / 0.021       ms
[63.185s][info][gc,stats    ]       Young Phase: Concurrent Mark                               1.753 / 2.562         2.013 / 6.705         2.013 / 6.705         2.013 / 6.705       ms
[63.185s][info][gc,stats    ]       Young Phase: Concurrent Mark Continue                      0.000 / 0.000         0.000 / 0.000         0.000 / 0.000         0.000 / 0.000       ms
[63.185s][info][gc,stats    ]       Young Phase: Concurrent Mark Free                          0.001 / 0.001         0.001 / 0.002         0.001 / 0.002         0.001 / 0.002       ms
[63.185s][info][gc,stats    ]       Young Phase: Concurrent Relocate                           0.225 / 0.337         0.460 / 3.403         0.460 / 3.403         0.460 / 3.403       ms
[63.185s][info][gc,stats    ]       Young Phase: Concurrent Reset Relocation Set               0.001 / 0.005         0.002 / 0.005         0.002 / 0.005         0.002 / 0.005       ms
[63.185s][info][gc,stats    ]       Young Phase: Concurrent Select Relocation Set              0.438 / 0.670         0.615 / 1.965         0.615 / 1.965         0.615 / 1.965       ms
[63.185s][info][gc,stats    ]    Young Subphase: Concurrent Mark Follow                        1.337 / 1.799         1.331 / 2.318         1.331 / 2.318         1.331 / 2.318       ms
[63.185s][info][gc,stats    ]    Young Subphase: Concurrent Mark Root Colored                  0.172 / 0.489         0.221 / 0.636         0.221 / 0.636         0.221 / 0.636       ms
[63.185s][info][gc,stats    ]    Young Subphase: Concurrent Mark Root Uncolored                0.106 / 0.317         0.436 / 4.102         0.436 / 4.102         0.436 / 4.102       ms
[63.185s][info][gc,stats    ]    Young Subphase: Concurrent Mark Roots                         0.414 / 0.887         0.678 / 4.595         0.678 / 4.595         0.678 / 4.595       ms
[63.185s][info][gc,stats    ]    Young Subphase: Concurrent Relocate Remset FP                 0.068 / 0.094         0.072 / 0.137         0.072 / 0.137         0.072 / 0.137       ms
[63.185s][info][gc,stats    ]    Young Subphase: Concurrent Roots ClassLoaderDataGraph         0.062 / 0.117         0.072 / 0.143         0.072 / 0.143         0.072 / 0.143       ms
[63.185s][info][gc,stats    ]    Young Subphase: Concurrent Roots CodeCache                    0.073 / 0.227         0.068 / 0.227         0.068 / 0.227         0.068 / 0.227       ms
[63.185s][info][gc,stats    ]    Young Subphase: Concurrent Roots JavaThreads                  0.016 / 0.098         0.181 / 4.084         0.181 / 4.084         0.181 / 4.084       ms
[63.185s][info][gc,stats    ]    Young Subphase: Concurrent Roots OopStorageSet                0.004 / 0.018         0.008 / 0.031         0.008 / 0.031         0.008 / 0.031       ms
[63.185s][info][gc,stats    ]    Young Subphase: Concurrent Weak Roots OopStorageSet           0.104 / 0.363         0.139 / 0.501         0.139 / 0.501         0.139 / 0.501       ms
[63.185s][info][gc,stats    ] =========================================================================================================================================================
[63.185s][info][gc,exit     ] Heap
[63.185s][info][gc,exit     ]  ZHeap           used 256M, capacity 256M, max capacity 256M
[63.185s][info][gc,exit     ]   Cache          0M (0)
[63.185s][info][gc,exit     ]  Metaspace       used 502K, committed 704K, reserved 1114112K
[63.185s][info][gc,exit     ]   class space    used 20K, committed 128K, reserved 1048576K
